Component: ARM Compiler 5.05 update 1 (build 106) Tool: armlink [4d0efa]

==============================================================================

Section Cross References

    main.o(i.init) refers to delay.o(i.delay_init) for delay_init
    main.o(i.init) refers to misc.o(i.NVIC_PriorityGroupConfig) for NVIC_PriorityGroupConfig
    main.o(i.init) refers to usart.o(i.uart_init) for uart_init
    main.o(i.init) refers to led.o(i.LED_Init) for LED_Init
    main.o(i.init) refers to lcd.o(i.LCD_Init) for LCD_Init
    main.o(i.init) refers to w25qxx.o(i.W25QXX_Init) for W25QXX_Init
    main.o(i.init) refers to malloc.o(i.my_mem_init) for my_mem_init
    main.o(i.init_fatfs) refers to _printf_percent.o(.ARM.Collect$$_printf_percent$$00000000) for _printf_percent
    main.o(i.init_fatfs) refers to _printf_d.o(.ARM.Collect$$_printf_percent$$00000009) for _printf_d
    main.o(i.init_fatfs) refers to _printf_dec.o(.text) for _printf_int_dec
    main.o(i.init_fatfs) refers to exfuns.o(i.exfuns_init) for exfuns_init
    main.o(i.init_fatfs) refers to ff.o(i.f_mount) for f_mount
    main.o(i.init_fatfs) refers to noretval__2printf.o(.text) for __2printf
    main.o(i.init_fatfs) refers to ff.o(i.f_mkfs) for f_mkfs
    main.o(i.init_fatfs) refers to ff.o(i.f_setlabel) for f_setlabel
    main.o(i.init_fatfs) refers to delay.o(i.delay_ms) for delay_ms
    main.o(i.init_fatfs) refers to exfuns.o(i.exf_getfree) for exf_getfree
    main.o(i.init_fatfs) refers to exfuns.o(.data) for fs
    main.o(i.init_usb) refers to noretval__2printf.o(.text) for __2printf
    main.o(i.init_usb) refers to llsdiv.o(.text) for __aeabi_ldivmod
    main.o(i.init_usb) refers to delay.o(i.delay_ms) for delay_ms
    main.o(i.init_usb) refers to hw_config.o(i.USB_Port_Set) for USB_Port_Set
    main.o(i.init_usb) refers to malloc.o(i.mymalloc) for mymalloc
    main.o(i.init_usb) refers to hw_config.o(i.USB_Interrupts_Config) for USB_Interrupts_Config
    main.o(i.init_usb) refers to hw_config.o(i.Set_USBClock) for Set_USBClock
    main.o(i.init_usb) refers to usb_init.o(i.USB_Init) for USB_Init
    main.o(i.init_usb) refers to w25qxx.o(.data) for W25QXX_TYPE
    main.o(i.init_usb) refers to mass_mal.o(.bss) for Mass_Memory_Size
    main.o(i.init_usb) refers to mass_mal.o(.data) for Mass_Block_Size
    main.o(i.init_usb) refers to memory.o(.data) for Data_Buffer
    main.o(i.init_usb) refers to usb_bot.o(.data) for Bulk_Data_Buff
    main.o(i.main) refers to main.o(i.init) for init
    main.o(i.main) refers to noretval__2printf.o(.text) for __2printf
    main.o(i.main) refers to main.o(i.init_usb) for init_usb
    main.o(i.main) refers to main.o(i.usb_stat) for usb_stat
    main.o(i.main) refers to main.o(i.init_fatfs) for init_fatfs
    main.o(i.main) refers to ff.o(i.f_open) for f_open
    main.o(i.main) refers to ff.o(i.f_write) for f_write
    main.o(i.main) refers to ff.o(i.f_close) for f_close
    main.o(i.main) refers to delay.o(i.delay_ms) for delay_ms
    main.o(i.usb_stat) refers to delay.o(i.delay_ms) for delay_ms
    main.o(i.usb_stat) refers to noretval__2printf.o(.text) for __2printf
    main.o(i.usb_stat) refers to memory.o(.data) for USB_STATUS_REG
    main.o(i.usb_stat) refers to usb_pwr.o(.data) for bDeviceState
    system_stm32f10x.o(i.SetSysClock) refers to system_stm32f10x.o(i.SetSysClockTo72) for SetSysClockTo72
    system_stm32f10x.o(i.SystemCoreClockUpdate) refers to system_stm32f10x.o(.data) for SystemCoreClock
    system_stm32f10x.o(i.SystemInit) refers to system_stm32f10x.o(i.SetSysClock) for SetSysClock
    led.o(i.LED_Init) refers to stm32f10x_rcc.o(i.RCC_APB2PeriphClockCmd) for RCC_APB2PeriphClockCmd
    led.o(i.LED_Init) refers to stm32f10x_gpio.o(i.GPIO_Init) for GPIO_Init
    led.o(i.LED_Init) refers to stm32f10x_gpio.o(i.GPIO_SetBits) for GPIO_SetBits
    key.o(i.KEY_Init) refers to stm32f10x_rcc.o(i.RCC_APB2PeriphClockCmd) for RCC_APB2PeriphClockCmd
    key.o(i.KEY_Init) refers to stm32f10x_gpio.o(i.GPIO_Init) for GPIO_Init
    key.o(i.KEY_Scan) refers to stm32f10x_gpio.o(i.GPIO_ReadInputDataBit) for GPIO_ReadInputDataBit
    key.o(i.KEY_Scan) refers to delay.o(i.delay_ms) for delay_ms
    key.o(i.KEY_Scan) refers to key.o(.data) for key_up
    lcd.o(i.LCD_Clear) refers to lcd.o(i.LCD_SetCursor) for LCD_SetCursor
    lcd.o(i.LCD_Clear) refers to lcd.o(i.LCD_WriteRAM_Prepare) for LCD_WriteRAM_Prepare
    lcd.o(i.LCD_Clear) refers to lcd.o(.bss) for lcddev
    lcd.o(i.LCD_Color_Fill) refers to lcd.o(i.LCD_SetCursor) for LCD_SetCursor
    lcd.o(i.LCD_Color_Fill) refers to lcd.o(i.LCD_WriteRAM_Prepare) for LCD_WriteRAM_Prepare
    lcd.o(i.LCD_DisplayOff) refers to lcd.o(i.LCD_WR_REG) for LCD_WR_REG
    lcd.o(i.LCD_DisplayOff) refers to lcd.o(i.LCD_WriteReg) for LCD_WriteReg
    lcd.o(i.LCD_DisplayOff) refers to lcd.o(.bss) for lcddev
    lcd.o(i.LCD_DisplayOn) refers to lcd.o(i.LCD_WR_REG) for LCD_WR_REG
    lcd.o(i.LCD_DisplayOn) refers to lcd.o(i.LCD_WriteReg) for LCD_WriteReg
[...]
    __rt_lib_init_rand_1                     0x080001f7   Thumb Code     0  libinit2.o(.ARM.Collect$$libinit$$0000000E)
    __rt_lib_init_return                     0x080001f7   Thumb Code     0  libinit2.o(.ARM.Collect$$libinit$$00000033)
    __rt_lib_init_signal_1                   0x080001f7   Thumb Code     0  libinit2.o(.ARM.Collect$$libinit$$0000001D)
    __rt_lib_init_stdio_1                    0x080001f7   Thumb Code     0  libinit2.o(.ARM.Collect$$libinit$$00000025)
    __rt_lib_init_user_alloc_1               0x080001f7   Thumb Code     0  libinit2.o(.ARM.Collect$$libinit$$0000000C)
    __rt_lib_shutdown                        0x080001f9   Thumb Code     0  libshutdown.o(.ARM.Collect$$libshutdown$$00000000)
    __rt_lib_shutdown_fp_trap_1              0x080001fb   Thumb Code     0  libshutdown2.o(.ARM.Collect$$libshutdown$$00000006)
    __rt_lib_shutdown_heap_1                 0x080001fb   Thumb Code     0  libshutdown2.o(.ARM.Collect$$libshutdown$$0000000E)
    __rt_lib_shutdown_return                 0x080001fb   Thumb Code     0  libshutdown2.o(.ARM.Collect$$libshutdown$$0000000F)
    __rt_lib_shutdown_signal_1               0x080001fb   Thumb Code     0  libshutdown2.o(.ARM.Collect$$libshutdown$$00000009)
    __rt_lib_shutdown_stdio_1                0x080001fb   Thumb Code     0  libshutdown2.o(.ARM.Collect$$libshutdown$$00000003)
    __rt_lib_shutdown_user_alloc_1           0x080001fb   Thumb Code     0  libshutdown2.o(.ARM.Collect$$libshutdown$$0000000B)
    __rt_entry                               0x080001fd   Thumb Code     0  __rtentry.o(.ARM.Collect$$rtentry$$00000000)
    __rt_entry_presh_1                       0x080001fd   Thumb Code     0  __rtentry2.o(.ARM.Collect$$rtentry$$00000002)
    __rt_entry_sh                            0x080001fd   Thumb Code     0  __rtentry4.o(.ARM.Collect$$rtentry$$00000004)
    __rt_entry_li                            0x08000203   Thumb Code     0  __rtentry2.o(.ARM.Collect$$rtentry$$0000000A)
    __rt_entry_postsh_1                      0x08000203   Thumb Code     0  __rtentry2.o(.ARM.Collect$$rtentry$$00000009)
    __rt_entry_main                          0x08000207   Thumb Code     0  __rtentry2.o(.ARM.Collect$$rtentry$$0000000D)
    __rt_entry_postli_1                      0x08000207   Thumb Code     0  __rtentry2.o(.ARM.Collect$$rtentry$$0000000C)
    __rt_exit                                0x0800020f   Thumb Code     0  rtexit.o(.ARM.Collect$$rtexit$$00000000)
    __rt_exit_ls                             0x08000211   Thumb Code     0  rtexit2.o(.ARM.Collect$$rtexit$$00000003)
    __rt_exit_prels_1                        0x08000211   Thumb Code     0  rtexit2.o(.ARM.Collect$$rtexit$$00000002)
    __rt_exit_exit                           0x08000215   Thumb Code     0  rtexit2.o(.ARM.Collect$$rtexit$$00000004)
    Reset_Handler                            0x0800021d   Thumb Code     8  startup_stm32f10x_hd.o(.text)
    ADC1_2_IRQHandler                        0x08000237   Thumb Code     0  startup_stm32f10x_hd.o(.text)
    ADC3_IRQHandler                          0x08000237   Thumb Code     0  startup_stm32f10x_hd.o(.text)
    CAN1_RX1_IRQHandler                      0x08000237   Thumb Code     0  startup_stm32f10x_hd.o(.text)
    CAN1_SCE_IRQHandler                      0x08000237   Thumb Code     0  startup_stm32f10x_hd.o(.text)
    DMA1_Channel1_IRQHandler                 0x08000237   Thumb Code     0  startup_stm32f10x_hd.o(.text)
    DMA1_Channel2_IRQHandler                 0x08000237   Thumb Code     0  startup_stm32f10x_hd.o(.text)
    DMA1_Channel3_IRQHandler                 0x08000237   Thumb Code     0  startup_stm32f10x_hd.o(.text)
    DMA1_Channel4_IRQHandler                 0x08000237   Thumb Code     0  startup_stm32f10x_hd.o(.text)
    DMA1_Channel5_IRQHandler                 0x08000237   Thumb Code     0  startup_stm32f10x_hd.o(.text)
    DMA1_Channel6_IRQHandler                 0x08000237   Thumb Code     0  startup_stm32f10x_hd.o(.text)
    DMA1_Channel7_IRQHandler                 0x08000237   Thumb Code     0  startup_stm32f10x_hd.o(.text)
    DMA2_Channel1_IRQHandler                 0x08000237   Thumb Code     0  startup_stm32f10x_hd.o(.text)
    DMA2_Channel2_IRQHandler                 0x08000237   Thumb Code     0  startup_stm32f10x_hd.o(.text)
    DMA2_Channel3_IRQHandler                 0x08000237   Thumb Code     0  startup_stm32f10x_hd.o(.text)
    DMA2_Channel4_5_IRQHandler               0x08000237   Thumb Code     0  startup_stm32f10x_hd.o(.text)
    EXTI0_IRQHandler                         0x08000237   Thumb Code     0  startup_stm32f10x_hd.o(.text)
    EXTI15_10_IRQHandler                     0x08000237   Thumb Code     0  startup_stm32f10x_hd.o(.text)
    EXTI1_IRQHandler                         0x08000237   Thumb Code     0  startup_stm32f10x_hd.o(.text)
    EXTI2_IRQHandler                         0x08000237   Thumb Code     0  startup_stm32f10x_hd.o(.text)
    EXTI3_IRQHandler                         0x08000237   Thumb Code     0  startup_stm32f10x_hd.o(.text)
    EXTI4_IRQHandler                         0x08000237   Thumb Code     0  startup_stm32f10x_hd.o(.text)
    EXTI9_5_IRQHandler                       0x08000237   Thumb Code     0  startup_stm32f10x_hd.o(.text)
    FLASH_IRQHandler                         0x08000237   Thumb Code     0  startup_stm32f10x_hd.o(.text)
    FSMC_IRQHandler                          0x08000237   Thumb Code     0  startup_stm32f10x_hd.o(.text)
    I2C1_ER_IRQHandler                       0x08000237   Thumb Code     0  startup_stm32f10x_hd.o(.text)
    I2C1_EV_IRQHandler                       0x08000237   Thumb Code     0  startup_stm32f10x_hd.o(.text)
    I2C2_ER_IRQHandler                       0x08000237   Thumb Code     0  startup_stm32f10x_hd.o(.text)
    I2C2_EV_IRQHandler                       0x08000237   Thumb Code     0  startup_stm32f10x_hd.o(.text)
    PVD_IRQHandler                           0x08000237   Thumb Code     0  startup_stm32f10x_hd.o(.text)
    RCC_IRQHandler                           0x08000237   Thumb Code     0  startup_stm32f10x_hd.o(.text)
    RTCAlarm_IRQHandler                      0x08000237   Thumb Code     0  startup_stm32f10x_hd.o(.text)
    RTC_IRQHandler                           0x08000237   Thumb Code     0  startup_stm32f10x_hd.o(.text)
    SPI1_IRQHandler                          0x08000237   Thumb Code     0  startup_stm32f10x_hd.o(.text)
    SPI2_IRQHandler                          0x08000237   Thumb Code     0  startup_stm32f10x_hd.o(.text)
    SPI3_IRQHandler                          0x08000237   Thumb Code     0  startup_stm32f10x_hd.o(.text)
    TAMPER_IRQHandler                        0x08000237   Thumb Code     0  startup_stm32f10x_hd.o(.text)
    TIM1_BRK_IRQHandler                      0x08000237   Thumb Code     0  startup_stm32f10x_hd.o(.text)
    TIM1_CC_IRQHandler                       0x08000237   Thumb Code     0  startup_stm32f10x_hd.o(.text)
    TIM1_TRG_COM_IRQHandler                  0x08000237   Thumb Code     0  startup_stm32f10x_hd.o(.text)
    TIM1_UP_IRQHandler                       0x08000237   Thumb Code     0  startup_stm32f10x_hd.o(.text)
    TIM2_IRQHandler                          0x08000237   Thumb Code     0  startup_stm32f10x_hd.o(.text)
    TIM3_IRQHandler                          0x08000237   Thumb Code     0  startup_stm32f10x_hd.o(.text)
    TIM4_IRQHandler                          0x08000237   Thumb Code     0  startup_stm32f10x_hd.o(.text)
    TIM5_IRQHandler                          0x08000237   Thumb Code     0  startup_stm32f10x_hd.o(.text)
    TIM6_IRQHandler                          0x08000237   Thumb Code     0  startup_stm32f10x_hd.o(.text)
    TIM7_IRQHandler                          0x08000237   Thumb Code     0  startup_stm32f10x_hd.o(.text)
    TIM8_BRK_IRQHandler                      0x08000237   Thumb Code     0  startup_stm32f10x_hd.o(.text)
    TIM8_CC_IRQHandler                       0x08000237   Thumb Code     0  startup_stm32f10x_hd.o(.text)
    TIM8_TRG_COM_IRQHandler                  0x08000237   Thumb Code     0  startup_stm32f10x_hd.o(.text)
    TIM8_UP_IRQHandler                       0x08000237   Thumb Code     0  startup_stm32f10x_hd.o(.text)
    UART4_IRQHandler                         0x08000237   Thumb Code     0  startup_stm32f10x_hd.o(.text)
    UART5_IRQHandler                         0x08000237   Thumb Code     0  startup_stm32f10x_hd.o(.text)
    USART2_IRQHandler                        0x08000237   Thumb Code     0  startup_stm32f10x_hd.o(.text)
    USART3_IRQHandler                        0x08000237   Thumb Code     0  startup_stm32f10x_hd.o(.text)
    USB_HP_CAN1_TX_IRQHandler                0x08000237   Thumb Code     0  startup_stm32f10x_hd.o(.text)
    WWDG_IRQHandler                          0x08000237   Thumb Code     0  startup_stm32f10x_hd.o(.text)
    __user_initial_stackheap                 0x08000239   Thumb Code     0  startup_stm32f10x_hd.o(.text)
    __use_no_semihosting                     0x0800025d   Thumb Code     2  use_no_semi_2.o(.text)
    __aeabi_uldivmod                         0x0800025f   Thumb Code     0  lludivv7m.o(.text)
    _ll_udiv                                 0x0800025f   Thumb Code   238  lludivv7m.o(.text)
    __aeabi_ldivmod                          0x0800034d   Thumb Code     0  llsdiv.o(.text)
    _ll_sdiv                                 0x0800034d   Thumb Code    72  llsdiv.o(.text)
    __2printf                                0x08000395   Thumb Code    20  noretval__2printf.o(.text)
    __printf                                 0x080003ad   Thumb Code   104  __printf.o(.text)
    _printf_int_dec                          0x08000415   Thumb Code   104  _printf_dec.o(.text)
    _printf_int_hex                          0x0800048d   Thumb Code    84  _printf_hex_int.o(.text)
    _printf_longlong_hex                     0x0800048d   Thumb Code     0  _printf_hex_int.o(.text)
    __aeabi_memcpy                           0x080004e5   Thumb Code     0  rt_memcpy_v6.o(.text)
    __rt_memcpy                              0x080004e5   Thumb Code   138  rt_memcpy_v6.o(.text)
    _memcpy_lastbytes                        0x0800054b   Thumb Code     0  rt_memcpy_v6.o(.text)
    __use_two_region_memory                  0x0800056f   Thumb Code     2  heapauxi.o(.text)
    __rt_heap_escrow$2region                 0x08000571   Thumb Code     2  heapauxi.o(.text)
    __rt_heap_expand$2region                 0x08000573   Thumb Code     2  heapauxi.o(.text)
    __I$use$semihosting                      0x08000575   Thumb Code     0  use_no_semi.o(.text)
    __use_no_semihosting_swi                 0x08000575   Thumb Code     2  use_no_semi.o(.text)
    _printf_int_common                       0x08000577   Thumb Code   178  _printf_intcommon.o(.text)
    _printf_char_file                        0x08000629   Thumb Code    32  _printf_char_file.o(.text)
    __aeabi_memcpy4                          0x0800064d   Thumb Code     0  rt_memcpy_w.o(.text)
    __aeabi_memcpy8                          0x0800064d   Thumb Code     0  rt_memcpy_w.o(.text)
    __rt_memcpy_w                            0x0800064d   Thumb Code   100  rt_memcpy_w.o(.text)
    _memcpy_lastbytes_aligned                0x08000695   Thumb Code     0  rt_memcpy_w.o(.text)
    _printf_char_common                      0x080006bb   Thumb Code    32  _printf_char_common.o(.text)
    ferror                                   0x080006e1   Thumb Code     8  ferror.o(.text)
    __user_setup_stackheap                   0x080006e9   Thumb Code    74  sys_stackheap_outer.o(.text)
    exit                                     0x08000733   Thumb Code    12  exit.o(.text)
    __user_libspace                          0x08000741   Thumb Code     8  libspace.o(.text)
    __user_perproc_libspace                  0x08000741   Thumb Code     0  libspace.o(.text)
    __user_perthread_libspace                0x08000741   Thumb Code     0  libspace.o(.text)
    Bot_Abort                                0x08000749   Thumb Code    64  usb_bot.o(i.Bot_Abort)
    BusFault_Handler                         0x08000789   Thumb Code     4  stm32f10x_it.o(i.BusFault_Handler)
    ByteSwap                                 0x0800078d   Thumb Code    12  usb_regs.o(i.ByteSwap)
    CBW_Decode                               0x08000799   Thumb Code   678  usb_bot.o(i.CBW_Decode)
    CTR_LP                                   0x08000a61   Thumb Code   616  usb_int.o(i.CTR_LP)
    ClearDTOG_RX                             0x08000ce9   Thumb Code    48  usb_regs.o(i.ClearDTOG_RX)
    ClearDTOG_TX                             0x08000d1d   Thumb Code    48  usb_regs.o(i.ClearDTOG_TX)
    Clear_Status_Out                         0x08000d51   Thumb Code    34  usb_regs.o(i.Clear_Status_Out)
    CmdError                                 0x08000d79   Thumb Code    48  sdio_sdcard.o(i.CmdError)
    CmdResp1Error                            0x08000da9   Thumb Code    90  sdio_sdcard.o(i.CmdResp1Error)
    CmdResp2Error                            0x08000e09   Thumb Code    80  sdio_sdcard.o(i.CmdResp2Error)
    CmdResp3Error                            0x08000e5d   Thumb Code    50  sdio_sdcard.o(i.CmdResp3Error)
    CmdResp6Error                            0x08000e95   Thumb Code   140  sdio_sdcard.o(i.CmdResp6Error)
    CmdResp7Error                            0x08000f25   Thumb Code    70  sdio_sdcard.o(i.CmdResp7Error)
    DMA_Cmd                                  0x08000f71   Thumb Code    24  stm32f10x_dma.o(i.DMA_Cmd)
    DMA_DeInit                               0x08000f89   Thumb Code   324  stm32f10x_dma.o(i.DMA_DeInit)
    DMA_Init                                 0x080010d5   Thumb Code    60  stm32f10x_dma.o(i.DMA_Init)
    DebugMon_Handler                         0x08001525   Thumb Code     2  stm32f10x_it.o(i.DebugMon_Handler)
    EP1_IN_Callback                          0x08001527   Thumb Code     8  usb_endp.o(i.EP1_IN_Callback)
    EP2_OUT_Callback                         0x0800152f   Thumb Code     8  usb_endp.o(i.EP2_OUT_Callback)
    EXTI_ClearITPendingBit                   0x08001539   Thumb Code     6  stm32f10x_exti.o(i.EXTI_ClearITPendingBit)
    EXTI_Init                                0x08001545   Thumb Code   142  stm32f10x_exti.o(i.EXTI_Init)
    Enter_LowPowerMode                       0x080015d9   Thumb Code    16  hw_config.o(i.Enter_LowPowerMode)
    FSMC_NORSRAMCmd                          0x08001609   Thumb Code    46  stm32f10x_fsmc.o(i.FSMC_NORSRAMCmd)
    FSMC_NORSRAMInit                         0x0800163d   Thumb Code   230  stm32f10x_fsmc.o(i.FSMC_NORSRAMInit)
    FindSCR                                  0x08001725   Thumb Code   386  sdio_sdcard.o(i.FindSCR)
    GPIO_Init                                0x080018b9   Thumb Code   278  stm32f10x_gpio.o(i.GPIO_Init)
    GPIO_SetBits                             0x080019cf   Thumb Code     4  stm32f10x_gpio.o(i.GPIO_SetBits)
    GetEPRxAddr                              0x080019d5   Thumb Code    24  usb_regs.o(i.GetEPRxAddr)
    GetEPRxCount                             0x080019f5   Thumb Code    26  usb_regs.o(i.GetEPRxCount)
    GetEPRxStatus                            0x08001a19   Thumb Code    18  usb_regs.o(i.GetEPRxStatus)
    GetEPTxAddr                              0x08001a31   Thumb Code    22  usb_regs.o(i.GetEPTxAddr)
    Get_Max_Lun                              0x08001a51   Thumb Code    20  usb_prop.o(i.Get_Max_Lun)
    Get_SerialNum                            0x08001a6d   Thumb Code    42  hw_config.o(i.Get_SerialNum)
    HardFault_Handler                        0x08001aa1   Thumb Code     4  stm32f10x_it.o(i.HardFault_Handler)
    INTX_DISABLE                             0x08001aa5   Thumb Code     4  sys.o(i.INTX_DISABLE)
    INTX_ENABLE                              0x08001aa9   Thumb Code     4  sys.o(i.INTX_ENABLE)
    In0_Process                              0x08001aad   Thumb Code    98  usb_core.o(i.In0_Process)
    IntToUnicode                             0x08001b1d   Thumb Code    62  hw_config.o(i.IntToUnicode)
    IsCardProgramming                        0x08001b5d   Thumb Code   142  sdio_sdcard.o(i.IsCardProgramming)
    LCD_Clear                                0x08001bf9   Thumb Code   100  lcd.o(i.LCD_Clear)
    LCD_Display_Dir                          0x08001c65   Thumb Code   444  lcd.o(i.LCD_Display_Dir)
    LCD_Init                                 0x08001e25   Thumb Code 14180  lcd.o(i.LCD_Init)
    LCD_RD_DATA                              0x08005591   Thumb Code    14  lcd.o(i.LCD_RD_DATA)
    LCD_ReadReg                              0x080055a5   Thumb Code    22  lcd.o(i.LCD_ReadReg)
    LCD_SSD_BackLightSet                     0x080055bd   Thumb Code    80  lcd.o(i.LCD_SSD_BackLightSet)
    LCD_Scan_Dir                             0x08005611   Thumb Code   744  lcd.o(i.LCD_Scan_Dir)
    LCD_SetCursor                            0x080058fd   Thumb Code   418  lcd.o(i.LCD_SetCursor)
    LCD_WR_DATA                              0x08005aa5   Thumb Code     6  lcd.o(i.LCD_WR_DATA)
    LCD_WR_REG                               0x08005ab1   Thumb Code     6  lcd.o(i.LCD_WR_REG)
    LCD_WriteRAM_Prepare                     0x08005abd   Thumb Code    10  lcd.o(i.LCD_WriteRAM_Prepare)
    LCD_WriteReg                             0x08005ad1   Thumb Code    10  lcd.o(i.LCD_WriteReg)
    LED_Init                                 0x08005ae1   Thumb Code    68  led.o(i.LED_Init)
    Leave_LowPowerMode                       0x08005b2d   Thumb Code    30  hw_config.o(i.Leave_LowPowerMode)
    Led_RW_OFF                               0x08005b6d   Thumb Code     8  hw_config.o(i.Led_RW_OFF)
    Led_RW_ON                                0x08005b79   Thumb Code     8  hw_config.o(i.Led_RW_ON)
    MAL_GetStatus                            0x08005b85   Thumb Code    22  mass_mal.o(i.MAL_GetStatus)
    MAL_Read                                 0x08005b9b   Thumb Code    74  mass_mal.o(i.MAL_Read)
    MAL_Write                                0x08005be5   Thumb Code    74  mass_mal.o(i.MAL_Write)
    MASS_Data_Setup                          0x08005c31   Thumb Code    86  usb_prop.o(i.MASS_Data_Setup)
    MASS_GetConfigDescriptor                 0x08005c91   Thumb Code    14  usb_prop.o(i.MASS_GetConfigDescriptor)
    MASS_GetDeviceDescriptor                 0x08005ca5   Thumb Code    14  usb_prop.o(i.MASS_GetDeviceDescriptor)
    MASS_GetStringDescriptor                 0x08005cb9   Thumb Code    32  usb_prop.o(i.MASS_GetStringDescriptor)
    MASS_Get_Interface_Setting               0x08005ce1   Thumb Code    22  usb_prop.o(i.MASS_Get_Interface_Setting)
    MASS_NoData_Setup                        0x08005cf9   Thumb Code    76  usb_prop.o(i.MASS_NoData_Setup)
    MASS_Reset                               0x08005d55   Thumb Code   208  usb_prop.o(i.MASS_Reset)
    MASS_Status_In                           0x08005e45   Thumb Code     2  usb_prop.o(i.MASS_Status_In)
    MASS_Status_Out                          0x08005e47   Thumb Code     2  usb_prop.o(i.MASS_Status_Out)
    MASS_init                                0x08005e49   Thumb Code    30  usb_prop.o(i.MASS_init)
    Mass_Storage_ClearFeature                0x08005e71   Thumb Code    20  usb_prop.o(i.Mass_Storage_ClearFeature)
    Mass_Storage_In                          0x08005e8d   Thumb Code   146  usb_bot.o(i.Mass_Storage_In)
    Mass_Storage_Out                         0x08005f35   Thumb Code   144  usb_bot.o(i.Mass_Storage_Out)
    Mass_Storage_SetConfiguration            0x08005fe1   Thumb Code    36  usb_prop.o(i.Mass_Storage_SetConfiguration)
    Mass_Storage_SetDeviceAddress            0x08006011   Thumb Code     8  usb_prop.o(i.Mass_Storage_SetDeviceAddress)
    MemManage_Handler                        0x0800601d   Thumb Code     4  stm32f10x_it.o(i.MemManage_Handler)
    NMI_Handler                              0x08006021   Thumb Code     2  stm32f10x_it.o(i.NMI_Handler)
    NOP_Process                              0x08006023   Thumb Code     2  usb_core.o(i.NOP_Process)
    NVIC_Init                                0x08006025   Thumb Code   100  misc.o(i.NVIC_Init)
    NVIC_PriorityGroupConfig                 0x08006095   Thumb Code    10  misc.o(i.NVIC_PriorityGroupConfig)
    Out0_Process                             0x080061e1   Thumb Code    70  usb_core.o(i.Out0_Process)
    PMAToUserBufferCopy                      0x08006231   Thumb Code    34  usb_mem.o(i.PMAToUserBufferCopy)
    PendSV_Handler                           0x08006259   Thumb Code     2  stm32f10x_it.o(i.PendSV_Handler)
    Post0_Process                            0x0800625d   Thumb Code    54  usb_core.o(i.Post0_Process)
    PowerOn                                  0x080062a5   Thumb Code    54  usb_pwr.o(i.PowerOn)
    RCC_AHBPeriphClockCmd                    0x080062e5   Thumb Code    26  stm32f10x_rcc.o(i.RCC_AHBPeriphClockCmd)
    RCC_APB1PeriphClockCmd                   0x08006305   Thumb Code    26  stm32f10x_rcc.o(i.RCC_APB1PeriphClockCmd)
    RCC_APB2PeriphClockCmd                   0x08006325   Thumb Code    26  stm32f10x_rcc.o(i.RCC_APB2PeriphClockCmd)
    RCC_GetClocksFreq                        0x08006345   Thumb Code   192  stm32f10x_rcc.o(i.RCC_GetClocksFreq)
    RCC_USBCLKConfig                         0x08006419   Thumb Code     6  stm32f10x_rcc.o(i.RCC_USBCLKConfig)
    Read_Memory                              0x08006425   Thumb Code   302  memory.o(i.Read_Memory)
    Resume                                   0x0800657d   Thumb Code   194  usb_pwr.o(i.Resume)
    Resume_Init                              0x0800664d   Thumb Code    30  usb_pwr.o(i.Resume_Init)
    SCSI_Address_Management                  0x08006671   Thumb Code   126  usb_scsi.o(i.SCSI_Address_Management)
    SCSI_Format_Cmd                          0x080066fd   Thumb Code    44  usb_scsi.o(i.SCSI_Format_Cmd)
    SCSI_Inquiry_Cmd                         0x0800672d   Thumb Code    54  usb_scsi.o(i.SCSI_Inquiry_Cmd)
    SCSI_Invalid_Cmd                         0x08006775   Thumb Code    64  usb_scsi.o(i.SCSI_Invalid_Cmd)
    SCSI_ModeSense10_Cmd                     0x080067b9   Thumb Code    14  usb_scsi.o(i.SCSI_ModeSense10_Cmd)
    SCSI_ModeSense6_Cmd                      0x080067cd   Thumb Code    14  usb_scsi.o(i.SCSI_ModeSense6_Cmd)
    SCSI_Read10_Cmd                          0x080067e1   Thumb Code   110  usb_scsi.o(i.SCSI_Read10_Cmd)
    SCSI_ReadCapacity10_Cmd                  0x08006859   Thumb Code   138  usb_scsi.o(i.SCSI_ReadCapacity10_Cmd)
    SCSI_ReadFormatCapacity_Cmd              0x080068f5   Thumb Code   120  usb_scsi.o(i.SCSI_ReadFormatCapacity_Cmd)
    SCSI_RequestSense_Cmd                    0x0800697d   Thumb Code    30  usb_scsi.o(i.SCSI_RequestSense_Cmd)
    SCSI_Start_Stop_Unit_Cmd                 0x080069a5   Thumb Code    14  usb_scsi.o(i.SCSI_Start_Stop_Unit_Cmd)
    SCSI_TestUnitReady_Cmd                   0x080069b5   Thumb Code    52  usb_scsi.o(i.SCSI_TestUnitReady_Cmd)
    SCSI_Verify10_Cmd                        0x080069ed   Thumb Code    58  usb_scsi.o(i.SCSI_Verify10_Cmd)
    SCSI_Write10_Cmd                         0x08006a2d   Thumb Code   110  usb_scsi.o(i.SCSI_Write10_Cmd)
    SDEnWideBus                              0x08006aa5   Thumb Code   158  sdio_sdcard.o(i.SDEnWideBus)
    SDIO_ClearFlag                           0x08006b51   Thumb Code     6  stm32f10x_sdio.o(i.SDIO_ClearFlag)
    SDIO_ClockCmd                            0x08006b5d   Thumb Code     6  stm32f10x_sdio.o(i.SDIO_ClockCmd)
    SDIO_Clock_Set                           0x08006b69   Thumb Code    16  sdio_sdcard.o(i.SDIO_Clock_Set)
    SDIO_DMACmd                              0x08006b7d   Thumb Code     6  stm32f10x_sdio.o(i.SDIO_DMACmd)
    SDIO_DataConfig                          0x08006b89   Thumb Code    42  stm32f10x_sdio.o(i.SDIO_DataConfig)
    SDIO_DeInit                              0x08006bb9   Thumb Code    28  stm32f10x_sdio.o(i.SDIO_DeInit)
    SDIO_GetFlagStatus                       0x08006bdd   Thumb Code    20  stm32f10x_sdio.o(i.SDIO_GetFlagStatus)
    SDIO_GetPowerState                       0x08006bf5   Thumb Code    10  stm32f10x_sdio.o(i.SDIO_GetPowerState)
    SDIO_IRQHandler                          0x08006c05   Thumb Code     8  sdio_sdcard.o(i.SDIO_IRQHandler)
    SDIO_Init                                0x08006c0d   Thumb Code    42  stm32f10x_sdio.o(i.SDIO_Init)
    SDIO_ReadData                            0x08006c3d   Thumb Code     6  stm32f10x_sdio.o(i.SDIO_ReadData)
    SDIO_SendCommand                         0x08006c49   Thumb Code    38  stm32f10x_sdio.o(i.SDIO_SendCommand)
    SDIO_SetPowerState                       0x08006c75   Thumb Code    22  stm32f10x_sdio.o(i.SDIO_SetPowerState)
    SDIO_WriteData                           0x08006c91   Thumb Code     6  stm32f10x_sdio.o(i.SDIO_WriteData)
    SD_DMA_Config                            0x08006c9d   Thumb Code    94  sdio_sdcard.o(i.SD_DMA_Config)
    SD_EnableWideBusOperation                0x08006d05   Thumb Code    94  sdio_sdcard.o(i.SD_EnableWideBusOperation)
    SD_GetCardInfo                           0x08006d6d   Thumb Code   772  sdio_sdcard.o(i.SD_GetCardInfo)
    SD_Init                                  0x08007081   Thumb Code   238  sdio_sdcard.o(i.SD_Init)
    SD_InitializeCards                       0x08007181   Thumb Code   316  sdio_sdcard.o(i.SD_InitializeCards)
    SD_PowerON                               0x080072d5   Thumb Code   450  sdio_sdcard.o(i.SD_PowerON)
    SD_ProcessIRQSrc                         0x080074b1   Thumb Code   296  sdio_sdcard.o(i.SD_ProcessIRQSrc)
    SD_ReadBlock                             0x080075ed   Thumb Code   558  sdio_sdcard.o(i.SD_ReadBlock)
    SD_ReadDisk                              0x08007845   Thumb Code   148  sdio_sdcard.o(i.SD_ReadDisk)
    SD_ReadMultiBlocks                       0x080078dd   Thumb Code   698  sdio_sdcard.o(i.SD_ReadMultiBlocks)
    SD_SelectDeselect                        0x08007bc5   Thumb Code    42  sdio_sdcard.o(i.SD_SelectDeselect)
    SD_SetDeviceMode                         0x08007bf5   Thumb Code    20  sdio_sdcard.o(i.SD_SetDeviceMode)
    SD_WriteBlock                            0x08007c0d   Thumb Code   844  sdio_sdcard.o(i.SD_WriteBlock)
    SD_WriteDisk                             0x08007f81   Thumb Code   148  sdio_sdcard.o(i.SD_WriteDisk)
    SD_WriteMultiBlocks                      0x08008019   Thumb Code   920  sdio_sdcard.o(i.SD_WriteMultiBlocks)
    SPI2_Init                                0x080083d9   Thumb Code   140  spi.o(i.SPI2_Init)
    SPI2_ReadWriteByte                       0x0800846d   Thumb Code    78  spi.o(i.SPI2_ReadWriteByte)
    SPI2_SetSpeed                            0x080084c1   Thumb Code    36  spi.o(i.SPI2_SetSpeed)
    SPI_Cmd                                  0x080084e9   Thumb Code    24  stm32f10x_spi.o(i.SPI_Cmd)
    SPI_I2S_GetFlagStatus                    0x08008501   Thumb Code    18  stm32f10x_spi.o(i.SPI_I2S_GetFlagStatus)
    SPI_I2S_ReceiveData                      0x08008513   Thumb Code     6  stm32f10x_spi.o(i.SPI_I2S_ReceiveData)
    SPI_I2S_SendData                         0x08008519   Thumb Code     4  stm32f10x_spi.o(i.SPI_I2S_SendData)
    SPI_Init                                 0x0800851d   Thumb Code    60  stm32f10x_spi.o(i.SPI_Init)
    SVC_Handler                              0x08008559   Thumb Code     2  stm32f10x_it.o(i.SVC_Handler)
    SetBTABLE                                0x0800855d   Thumb Code    12  usb_regs.o(i.SetBTABLE)
    SetDeviceAddress                         0x0800856d   Thumb Code    68  usb_core.o(i.SetDeviceAddress)
    SetEPRxAddr                              0x080085bd   Thumb Code    26  usb_regs.o(i.SetEPRxAddr)
    SetEPRxCount                             0x080085e1   Thumb Code    68  usb_regs.o(i.SetEPRxCount)
    SetEPRxStatus                            0x0800862d   Thumb Code    60  usb_regs.o(i.SetEPRxStatus)
    SetEPRxValid                             0x0800866d   Thumb Code    48  usb_regs.o(i.SetEPRxValid)
    SetEPTxAddr                              0x080086a1   Thumb Code    24  usb_regs.o(i.SetEPTxAddr)
    SetEPTxCount                             0x080086c1   Thumb Code    20  usb_regs.o(i.SetEPTxCount)
    SetEPTxStatus                            0x080086dd   Thumb Code    60  usb_regs.o(i.SetEPTxStatus)
    SetEPType                                0x0800871d   Thumb Code    32  usb_regs.o(i.SetEPType)
    Set_CSW                                  0x08008829   Thumb Code    46  usb_bot.o(i.Set_CSW)
    Set_Scsi_Sense_Data                      0x08008865   Thumb Code     8  usb_scsi.o(i.Set_Scsi_Sense_Data)
    Set_USBClock                             0x08008871   Thumb Code    18  hw_config.o(i.Set_USBClock)
    Setup0_Process                           0x08008885   Thumb Code   170  usb_core.o(i.Setup0_Process)
    Standard_ClearFeature                    0x0800893d   Thumb Code   342  usb_core.o(i.Standard_ClearFeature)
    Standard_GetConfiguration                0x08008aa9   Thumb Code    34  usb_core.o(i.Standard_GetConfiguration)
    Standard_GetDescriptorData               0x08008ad5   Thumb Code    32  usb_core.o(i.Standard_GetDescriptorData)
    Standard_GetInterface                    0x08008af9   Thumb Code    34  usb_core.o(i.Standard_GetInterface)
    Standard_GetStatus                       0x08008b25   Thumb Code   238  usb_core.o(i.Standard_GetStatus)
    Standard_SetConfiguration                0x08008c25   Thumb Code    60  usb_core.o(i.Standard_SetConfiguration)
    Standard_SetDeviceFeature                0x08008c6d   Thumb Code    30  usb_core.o(i.Standard_SetDeviceFeature)
    Standard_SetEndPointFeature              0x08008c95   Thumb Code   192  usb_core.o(i.Standard_SetEndPointFeature)
    Standard_SetInterface                    0x08008d65   Thumb Code    96  usb_core.o(i.Standard_SetInterface)
    Suspend                                  0x08008dd1   Thumb Code   142  usb_pwr.o(i.Suspend)
    SysTick_CLKSourceConfig                  0x08008e6d   Thumb Code    40  misc.o(i.SysTick_CLKSourceConfig)
    SysTick_Handler                          0x08008e95   Thumb Code     2  stm32f10x_it.o(i.SysTick_Handler)
    SystemInit                               0x08008e99   Thumb Code    78  system_stm32f10x.o(i.SystemInit)
    Transfer_Data_Request                    0x08008ef9   Thumb Code    46  usb_bot.o(i.Transfer_Data_Request)
    USART1_IRQHandler                        0x08008f31   Thumb Code   122  usart.o(i.USART1_IRQHandler)
    USART_Cmd                                0x08008fb9   Thumb Code    24  stm32f10x_usart.o(i.USART_Cmd)
    USART_GetITStatus                        0x08008fd1   Thumb Code    84  stm32f10x_usart.o(i.USART_GetITStatus)
    USART_ITConfig                           0x08009025   Thumb Code    74  stm32f10x_usart.o(i.USART_ITConfig)
    USART_Init                               0x08009071   Thumb Code   210  stm32f10x_usart.o(i.USART_Init)
    USART_ReceiveData                        0x08009149   Thumb Code    10  stm32f10x_usart.o(i.USART_ReceiveData)
    USBWakeUp_IRQHandler                     0x08009153   Thumb Code    12  hw_config.o(i.USBWakeUp_IRQHandler)
    USB_Cable_Config                         0x08009161   Thumb Code    22  hw_config.o(i.USB_Cable_Config)
    USB_Init                                 0x080091a9   Thumb Code    36  usb_init.o(i.USB_Init)
    USB_Interrupts_Config                    0x080091e5   Thumb Code    84  hw_config.o(i.USB_Interrupts_Config)
    USB_Istr                                 0x08009239   Thumb Code   222  usb_istr.o(i.USB_Istr)
    USB_LP_CAN1_RX0_IRQHandler               0x08009331   Thumb Code     8  hw_config.o(i.USB_LP_CAN1_RX0_IRQHandler)
    USB_NotConfigured_LED                    0x08009339   Thumb Code    10  hw_config.o(i.USB_NotConfigured_LED)
    USB_Port_Set                             0x08009359   Thumb Code    74  hw_config.o(i.USB_Port_Set)
    USB_SIL_Init                             0x080093b1   Thumb Code    28  usb_sil.o(i.USB_SIL_Init)
    USB_SIL_Read                             0x080093d5   Thumb Code    46  usb_sil.o(i.USB_SIL_Read)
    USB_SIL_Write                            0x08009403   Thumb Code    46  usb_sil.o(i.USB_SIL_Write)
    UsageFault_Handler                       0x08009431   Thumb Code     4  stm32f10x_it.o(i.UsageFault_Handler)
    UserToPMABufferCopy                      0x08009435   Thumb Code    52  usb_mem.o(i.UserToPMABufferCopy)
    W25QXX_Erase_Sector                      0x0800946d   Thumb Code    70  w25qxx.o(i.W25QXX_Erase_Sector)
    W25QXX_Init                              0x080094c5   Thumb Code    74  w25qxx.o(i.W25QXX_Init)
    W25QXX_Read                              0x0800951d   Thumb Code    74  w25qxx.o(i.W25QXX_Read)
    W25QXX_ReadID                            0x0800956d   Thumb Code    64  w25qxx.o(i.W25QXX_ReadID)
    W25QXX_ReadSR                            0x080095b5   Thumb Code    36  w25qxx.o(i.W25QXX_ReadSR)
    W25QXX_Wait_Busy                         0x080095e1   Thumb Code    18  w25qxx.o(i.W25QXX_Wait_Busy)
    W25QXX_Write                             0x080095f5   Thumb Code   180  w25qxx.o(i.W25QXX_Write)
    W25QXX_Write_Enable                      0x080096ad   Thumb Code    24  w25qxx.o(i.W25QXX_Write_Enable)
    W25QXX_Write_NoCheck                     0x080096cd   Thumb Code    70  w25qxx.o(i.W25QXX_Write_NoCheck)
    W25QXX_Write_Page                        0x08009715   Thumb Code    80  w25qxx.o(i.W25QXX_Write_Page)
    Write_Memory                             0x08009769   Thumb Code   344  memory.o(i.Write_Memory)
    _sys_exit                                0x080098f1   Thumb Code     4  usart.o(i._sys_exit)
    clust2sect                               0x080099cb   Thumb Code    26  ff.o(i.clust2sect)
    convert_from_bytes_to_power_of_two       0x08009a75   Thumb Code    18  sdio_sdcard.o(i.convert_from_bytes_to_power_of_two)
    delay_init                               0x08009dcd   Thumb Code    50  delay.o(i.delay_init)
    delay_ms                                 0x08009e11   Thumb Code    72  delay.o(i.delay_ms)
    delay_us                                 0x08009e5d   Thumb Code    72  delay.o(i.delay_us)
    dir_sdi                                  0x0800a2ed   Thumb Code   158  ff.o(i.dir_sdi)
    disk_initialize                          0x0800a38d   Thumb Code    52  diskio.o(i.disk_initialize)
    disk_ioctl                               0x0800a3c5   Thumb Code   170  diskio.o(i.disk_ioctl)
    disk_read                                0x0800a479   Thumb Code   122  diskio.o(i.disk_read)
    disk_status                              0x0800a4f3   Thumb Code     6  diskio.o(i.disk_status)
    disk_write                               0x0800a4f9   Thumb Code   122  diskio.o(i.disk_write)
    exf_getfree                              0x0800a573   Thumb Code    74  exfuns.o(i.exf_getfree)
    exfuns_init                              0x0800a5bd   Thumb Code   114  exfuns.o(i.exfuns_init)
    f_close                                  0x0800a641   Thumb Code    32  ff.o(i.f_close)
    f_getfree                                0x0800a661   Thumb Code   258  ff.o(i.f_getfree)
    f_mkfs                                   0x0800a765   Thumb Code  1582  ff.o(i.f_mkfs)
    f_mount                                  0x0800adad   Thumb Code    86  ff.o(i.f_mount)
    f_open                                   0x0800ae09   Thumb Code   384  ff.o(i.f_open)
    f_setlabel                               0x0800af89   Thumb Code   482  ff.o(i.f_setlabel)
    f_sync                                   0x0800b17d   Thumb Code   176  ff.o(i.f_sync)
    f_write                                  0x0800b22d   Thumb Code   490  ff.o(i.f_write)
    ff_convert                               0x0800b419   Thumb Code   116  cc936.o(i.ff_convert)
    ff_memalloc                              0x0800b495   Thumb Code    14  diskio.o(i.ff_memalloc)
    ff_memfree                               0x0800b4a3   Thumb Code    14  diskio.o(i.ff_memfree)
    ff_wtoupper                              0x0800b4b1   Thumb Code    46  cc936.o(i.ff_wtoupper)
    fputc                                    0x0800b98d   Thumb Code    24  usart.o(i.fputc)
    get_fat                                  0x0800ba75   Thumb Code   242  ff.o(i.get_fat)
    get_fattime                              0x0800bb67   Thumb Code     4  diskio.o(i.get_fattime)
    init                                     0x0800bbb5   Thumb Code    42  main.o(i.init)
    init_fatfs                               0x0800bbe1   Thumb Code   152  main.o(i.init_fatfs)
    init_usb                                 0x0800bd19   Thumb Code   154  main.o(i.init_usb)
    main                                     0x0800be25   Thumb Code   114  main.o(i.main)
    my_mem_free                              0x0800bf71   Thumb Code    96  malloc.o(i.my_mem_free)
    my_mem_init                              0x0800bfdd   Thumb Code    54  malloc.o(i.my_mem_init)
    my_mem_malloc                            0x0800c021   Thumb Code   156  malloc.o(i.my_mem_malloc)
    my_mem_perused                           0x0800c0c9   Thumb Code    54  malloc.o(i.my_mem_perused)
    myfree                                   0x0800c109   Thumb Code    30  malloc.o(i.myfree)
    mymalloc                                 0x0800c12d   Thumb Code    34  malloc.o(i.mymalloc)
    mymemset                                 0x0800c155   Thumb Code    20  malloc.o(i.mymemset)
    put_fat                                  0x0800c1dd   Thumb Code   322  ff.o(i.put_fat)
    uart_init                                0x0800c4d5   Thumb Code   152  usart.o(i.uart_init)
    usb_stat                                 0x0800c575   Thumb Code   202  main.o(i.usb_stat)
    __aeabi_d2uiz                            0x0800c6ed   Thumb Code     0  dfixu.o(x$fpl$dfixu)
    _dfixu                                   0x0800c6ed   Thumb Code    90  dfixu.o(x$fpl$dfixu)
    __aeabi_ui2d                             0x0800c747   Thumb Code     0  dflt_clz.o(x$fpl$dfltu)
    _dfltu                                   0x0800c747   Thumb Code    38  dflt_clz.o(x$fpl$dfltu)
    __aeabi_dmul                             0x0800c76d   Thumb Code     0  dmul.o(x$fpl$dmul)
    _dmul                                    0x0800c76d   Thumb Code   332  dmul.o(x$fpl$dmul)
    __fpl_dnaninf                            0x0800c8c1   Thumb Code   156  dnaninf.o(x$fpl$dnaninf)
    __fpl_dretinf                            0x0800c95d   Thumb Code    12  dretinf.o(x$fpl$dretinf)
    __I$use$fp                               0x0800c968   Number         0  usenofp.o(x$fpl$usenofp)
    memtblsize                               0x0800c968   Data           8  malloc.o(.constdata)
    memblksize                               0x0800c970   Data           8  malloc.o(.constdata)
    memsize                                  0x0800c978   Data           8  malloc.o(.constdata)
    MASS_DeviceDescriptor                    0x0800c980   Data          18  usb_desc.o(.constdata)
    MASS_ConfigDescriptor                    0x0800c992   Data          32  usb_desc.o(.constdata)
    MASS_StringLangID                        0x0800c9b2   Data           4  usb_desc.o(.constdata)
    MASS_StringVendor                        0x0800c9b6   Data          38  usb_desc.o(.constdata)
    MASS_StringProduct                       0x0800c9dc   Data          38  usb_desc.o(.constdata)
    MASS_StringInterface                     0x0800ca02   Data          16  usb_desc.o(.constdata)
    Region$$Table$$Base                      0x0803773c   Number         0  anon$$obj.o(Region$$Table)
    Region$$Table$$Limit                     0x0803775c   Number         0  anon$$obj.o(Region$$Table)
    SystemCoreClock                          0x20000000   Data           4  system_stm32f10x.o(.data)
    AHBPrescTable                            0x20000004   Data          16  system_stm32f10x.o(.data)
    W25QXX_TYPE                              0x20000014   Data           2  w25qxx.o(.data)
    TransferError                            0x20000022   Data           1  sdio_sdcard.o(.data)
    TransferEnd                              0x20000023   Data           1  sdio_sdcard.o(.data)
    tempbuff                                 0x20000024   Data           4  sdio_sdcard.o(.data)
    __stdout                                 0x2000002c   Data           4  usart.o(.data)
    USART_RX_STA                             0x20000030   Data           2  usart.o(.data)
    mallco_dev                               0x20000048   Data          28  malloc.o(.data)
    StatusInfo                               0x20000064   Data           2  usb_core.o(.data)
    Data_Mul_MaxPacketSize                   0x20000066   Data           1  usb_core.o(.data)
    EPindex                                  0x20000068   Data           1  usb_init.o(.data)
    pInformation                             0x2000006c   Data           4  usb_init.o(.data)
    pProperty                                0x20000070   Data           4  usb_init.o(.data)
    SaveState                                0x20000074   Data           2  usb_init.o(.data)
    wInterrupt_Mask                          0x20000076   Data           2  usb_init.o(.data)
    pUser_Standard_Requests                  0x20000078   Data           4  usb_init.o(.data)
    SaveRState                               0x2000007c   Data           2  usb_int.o(.data)
    SaveTState                               0x2000007e   Data           2  usb_int.o(.data)
    Mass_Block_Size                          0x20000080   Data           8  mass_mal.o(.data)
    Mass_Block_Count                         0x20000088   Data           8  mass_mal.o(.data)
    Block_Read_count                         0x20000090   Data           4  memory.o(.data)
    Block_offset                             0x20000094   Data           4  memory.o(.data)
    Counter                                  0x20000098   Data           4  memory.o(.data)
    Idx                                      0x2000009c   Data           4  memory.o(.data)
    Data_Buffer                              0x200000a0   Data           4  memory.o(.data)
    TransferState                            0x200000a4   Data           1  memory.o(.data)
    USB_STATUS_REG                           0x200000a5   Data           1  memory.o(.data)
    Page00_Inquiry_Data                      0x200000c8   Data           5  scsi_data.o(.data)
    Standard_Inquiry_Data                    0x200000cd   Data          36  scsi_data.o(.data)
    Standard_Inquiry_Data2                   0x200000f1   Data          37  scsi_data.o(.data)
    Mode_Sense6_data                         0x20000116   Data           4  scsi_data.o(.data)
    Mode_Sense10_data                        0x2000011a   Data           8  scsi_data.o(.data)
    Scsi_Sense_Data                          0x20000122   Data          18  scsi_data.o(.data)
    ReadCapacity10_Data                      0x20000134   Data           8  scsi_data.o(.data)
    ReadFormatCapacity_Data                  0x2000013c   Data          12  scsi_data.o(.data)
    Bot_State                                0x20000148   Data           1  usb_bot.o(.data)
    Bulk_Data_Buff                           0x2000014c   Data           4  usb_bot.o(.data)
    Data_Len                                 0x20000150   Data           2  usb_bot.o(.data)
    SCSI_LBA                                 0x20000154   Data           4  usb_bot.o(.data)
    SCSI_BlkLen                              0x20000158   Data           4  usb_bot.o(.data)
    MASS_StringSerial                        0x2000015c   Data          26  usb_desc.o(.data)
    wIstr                                    0x20000178   Data           2  usb_istr.o(.data)
    bIntPackSOF                              0x2000017a   Data           1  usb_istr.o(.data)
    pEpInt_IN                                0x2000017c   Data          28  usb_istr.o(.data)
    pEpInt_OUT                               0x20000198   Data          28  usb_istr.o(.data)
    Max_Lun                                  0x200001b4   Data           1  usb_prop.o(.data)
    Device_Table                             0x200001b5   Data           2  usb_prop.o(.data)
    Device_Property                          0x200001b8   Data          48  usb_prop.o(.data)
    User_Standard_Requests                   0x200001e8   Data          36  usb_prop.o(.data)
    Device_Descriptor                        0x2000020c   Data           8  usb_prop.o(.data)
    Config_Descriptor                        0x20000214   Data           8  usb_prop.o(.data)
    String_Descriptor                        0x2000021c   Data          40  usb_prop.o(.data)
    bDeviceState                             0x20000244   Data           4  usb_pwr.o(.data)
    fSuspendEnabled                          0x20000248   Data           1  usb_pwr.o(.data)
    ResumeS                                  0x20000249   Data           2  usb_pwr.o(.data)
    remotewakeupon                           0x2000024c   Data           4  usb_pwr.o(.data)
    FLASH_SECTOR_COUNT                       0x20000250   Data           2  diskio.o(.data)
    fs                                       0x20000260   Data           8  exfuns.o(.data)
    file                                     0x20000268   Data           4  exfuns.o(.data)
    ftemp                                    0x2000026c   Data           4  exfuns.o(.data)
    br                                       0x20000270   Data           4  exfuns.o(.data)
    bw                                       0x20000274   Data           4  exfuns.o(.data)
    fatbuf                                   0x20000278   Data           4  exfuns.o(.data)
    lcddev                                   0x2000027c   Data          14  lcd.o(.bss)
    W25QXX_BUFFER                            0x2000028a   Data        4096  w25qxx.o(.bss)
    SDIO_InitStructure                       0x20001290   Data          24  sdio_sdcard.o(.bss)
    SDIO_CmdInitStructure                    0x200012a8   Data          20  sdio_sdcard.o(.bss)
    SDIO_DataInitStructure                   0x200012bc   Data          24  sdio_sdcard.o(.bss)
    SDCardInfo                               0x200012f8   Data          88  sdio_sdcard.o(.bss)
    SDIO_DATA_BUFFER                         0x20001350   Data         512  sdio_sdcard.o(.bss)
    USART_RX_BUF                             0x20001550   Data         200  usart.o(.bss)
    mem1base                                 0x20001620   Data        4096  malloc.o(.bss)
    mem1mapbase                              0x20002620   Data         256  malloc.o(.bss)
    Device_Info                              0x20002720   Data          28  usb_init.o(.bss)
    Mass_Memory_Size                         0x20002740   Data          16  mass_mal.o(.bss)
    CBW                                      0x20002750   Data          32  usb_bot.o(.bss)
    CSW                                      0x20002770   Data          16  usb_bot.o(.bss)
    EP                                       0x20002780   Data          32  usb_pwr.o(.bss)
    __libspace_start                         0x200027a0   Data          96  libspace.o(.bss)
    __temporary_stack_top$libspace           0x20002800   Data           0  libspace.o(.bss)
    mem2base                                 0x68000000   Data          32  malloc.o(.ARM.__AT_0x68000000)
    mem2mapbase                              0x68000020   Data           2  malloc.o(.ARM.__AT_0x68000020)



==============================================================================

Memory Map of the image

  Image Entry point : 0x08000131

  Load Region LR_IROM1 (Base: 0x08000000, Size: 0x000379d8, Max: 0x00080000, ABSOLUTE, COMPRESSED[0x00037844])

    Execution Region ER_IROM1 (Base: 0x08000000, Size: 0x0003775c, Max: 0x00080000, ABSOLUTE)

    Base Addr    Size         Type   Attr      Idx    E Section Name        Object

    0x08000000   0x00000130   Data   RO         1034    RESET               startup_stm32f10x_hd.o
    0x08000130   0x00000008   Code   RO         4557  * !!!main             c_w.l(__main.o)
    0x08000138   0x00000034   Code   RO         4757    !!!scatter          c_w.l(__scatter.o)
    0x0800016c   0x0000005a   Code   RO         4755    !!dczerorl2         c_w.l(__dczerorl2.o)
    0x080001c6   0x00000002   PAD
    0x080001c8   0x0000001c   Code   RO         4759    !!handler_zi        c_w.l(__scatter_zi.o)
    0x080001e4   0x00000000   Code   RO         4548    .ARM.Collect$$_printf_percent$$00000000  c_w.l(_printf_percent.o)
    0x080001e4   0x00000006   Code   RO         4547    .ARM.Collect$$_printf_percent$$00000009  c_w.l(_printf_d.o)
    0x080001ea   0x00000006   Code   RO         4546    .ARM.Collect$$_printf_percent$$0000000C  c_w.l(_printf_x.o)
    0x080001f0   0x00000004   Code   RO         4584    .ARM.Collect$$_printf_percent$$00000017  c_w.l(_printf_percent_end.o)
    0x080001f4   0x00000002   Code   RO         4630    .ARM.Collect$$libinit$$00000000  c_w.l(libinit.o)
    0x080001f6   0x00000000   Code   RO         4643    .ARM.Collect$$libinit$$00000002  c_w.l(libinit2.o)
    0x080001f6   0x00000000   Code   RO         4645    .ARM.Collect$$libinit$$00000004  c_w.l(libinit2.o)
    0x080001f6   0x00000000   Code   RO         4648    .ARM.Collect$$libinit$$0000000A  c_w.l(libinit2.o)
    0x080001f6   0x00000000   Code   RO         4650    .ARM.Collect$$libinit$$0000000C  c_w.l(libinit2.o)
    0x080001f6   0x00000000   Code   RO         4652    .ARM.Collect$$libinit$$0000000E  c_w.l(libinit2.o)
    0x080001f6   0x00000000   Code   RO         4655    .ARM.Collect$$libinit$$00000011  c_w.l(libinit2.o)
    0x080001f6   0x00000000   Code   RO         4657    .ARM.Collect$$libinit$$00000013  c_w.l(libinit2.o)
    0x080001f6   0x00000000   Code   RO         4659    .ARM.Collect$$libinit$$00000015  c_w.l(libinit2.o)
    0x080001f6   0x00000000   Code   RO         4661    .ARM.Collect$$libinit$$00000017  c_w.l(libinit2.o)
    0x080001f6   0x00000000   Code   RO         4663    .ARM.Collect$$libinit$$00000019  c_w.l(libinit2.o)
    0x080001f6   0x00000000   Code   RO         4665    .ARM.Collect$$libinit$$0000001B  c_w.l(libinit2.o)
    0x080001f6   0x00000000   Code   RO         4667    .ARM.Collect$$libinit$$0000001D  c_w.l(libinit2.o)
    0x080001f6   0x00000000   Code   RO         4669    .ARM.Collect$$libinit$$0000001F  c_w.l(libinit2.o)
    0x080001f6   0x00000000   Code   RO         4671    .ARM.Collect$$libinit$$00000021  c_w.l(libinit2.o)
    0x080001f6   0x00000000   Code   RO         4673    .ARM.Collect$$libinit$$00000023  c_w.l(libinit2.o)
    0x080001f6   0x00000000   Code   RO         4675    .ARM.Collect$$libinit$$00000025  c_w.l(libinit2.o)
    0x080001f6   0x00000000   Code   RO         4679    .ARM.Collect$$libinit$$0000002C  c_w.l(libinit2.o)
    0x080001f6   0x00000000   Code   RO         4681    .ARM.Collect$$libinit$$0000002E  c_w.l(libinit2.o)
    0x080001f6   0x00000000   Code   RO         4683    .ARM.Collect$$libinit$$00000030  c_w.l(libinit2.o)
    0x080001f6   0x00000000   Code   RO         4685    .ARM.Collect$$libinit$$00000032  c_w.l(libinit2.o)
    0x080001f6   0x00000002   Code   RO         4686    .ARM.Collect$$libinit$$00000033  c_w.l(libinit2.o)
    0x080001f8   0x00000002   Code   RO         4712    .ARM.Collect$$libshutdown$$00000000  c_w.l(libshutdown.o)
    0x080001fa   0x00000000   Code   RO         4740    .ARM.Collect$$libshutdown$$00000003  c_w.l(libshutdown2.o)
    0x080001fa   0x00000000   Code   RO         4743    .ARM.Collect$$libshutdown$$00000006  c_w.l(libshutdown2.o)
    0x080001fa   0x00000000   Code   RO         4746    .ARM.Collect$$libshutdown$$00000009  c_w.l(libshutdown2.o)
    0x080001fa   0x00000000   Code   RO         4748    .ARM.Collect$$libshutdown$$0000000B  c_w.l(libshutdown2.o)
    0x080001fa   0x00000000   Code   RO         4751    .ARM.Collect$$libshutdown$$0000000E  c_w.l(libshutdown2.o)
    0x080001fa   0x00000002   Code   RO         4752    .ARM.Collect$$libshutdown$$0000000F  c_w.l(libshutdown2.o)
    0x080001fc   0x00000000   Code   RO         4573    .ARM.Collect$$rtentry$$00000000  c_w.l(__rtentry.o)
    0x080001fc   0x00000000   Code   RO         4593    .ARM.Collect$$rtentry$$00000002  c_w.l(__rtentry2.o)
    0x080001fc   0x00000006   Code   RO         4605    .ARM.Collect$$rtentry$$00000004  c_w.l(__rtentry4.o)
    0x08000202   0x00000000   Code   RO         4595    .ARM.Collect$$rtentry$$00000009  c_w.l(__rtentry2.o)
    0x08000202   0x00000004   Code   RO         4596    .ARM.Collect$$rtentry$$0000000A  c_w.l(__rtentry2.o)
    0x08000206   0x00000000   Code   RO         4598    .ARM.Collect$$rtentry$$0000000C  c_w.l(__rtentry2.o)
    0x08000206   0x00000008   Code   RO         4599    .ARM.Collect$$rtentry$$0000000D  c_w.l(__rtentry2.o)
    0x0800020e   0x00000002   Code   RO         4634    .ARM.Collect$$rtexit$$00000000  c_w.l(rtexit.o)
    0x08000210   0x00000000   Code   RO         4688    .ARM.Collect$$rtexit$$00000002  c_w.l(rtexit2.o)
    0x08000210   0x00000004   Code   RO         4689    .ARM.Collect$$rtexit$$00000003  c_w.l(rtexit2.o)
    0x08000214   0x00000006   Code   RO         4690    .ARM.Collect$$rtexit$$00000004  c_w.l(rtexit2.o)
    0x0800021a   0x00000002   PAD
    0x0800021c   0x00000040   Code   RO         1035    .text               startup_stm32f10x_hd.o
    0x0800025c   0x00000002   Code   RO         4487    .text               c_w.l(use_no_semi_2.o)
    0x0800025e   0x000000ee   Code   RO         4489    .text               c_w.l(lludivv7m.o)
    0x0800034c   0x00000048   Code   RO         4491    .text               c_w.l(llsdiv.o)
    0x08000394   0x00000018   Code   RO         4495    .text               c_w.l(noretval__2printf.o)
    0x080003ac   0x00000068   Code   RO         4497    .text               c_w.l(__printf.o)
    0x08000414   0x00000078   Code   RO         4501    .text               c_w.l(_printf_dec.o)
    0x0800048c   0x00000058   Code   RO         4506    .text               c_w.l(_printf_hex_int.o)
    0x080004e4   0x0000008a   Code   RO         4551    .text               c_w.l(rt_memcpy_v6.o)
    0x0800056e   0x00000006   Code   RO         4555    .text               c_w.l(heapauxi.o)
    0x08000574   0x00000002   Code   RO         4571    .text               c_w.l(use_no_semi.o)
    0x08000576   0x000000b2   Code   RO         4578    .text               c_w.l(_printf_intcommon.o)
    0x08000628   0x00000024   Code   RO         4582    .text               c_w.l(_printf_char_file.o)
    0x0800064c   0x00000064   Code   RO         4585    .text               c_w.l(rt_memcpy_w.o)
    0x080006b0   0x00000030   Code   RO         4609    .text               c_w.l(_printf_char_common.o)
    0x080006e0   0x00000008   Code   RO         4611    .text               c_w.l(ferror.o)
    0x080006e8   0x0000004a   Code   RO         4615    .text               c_w.l(sys_stackheap_outer.o)
    0x08000732   0x0000000c   Code   RO         4619    .text               c_w.l(exit.o)
    0x0800073e   0x00000002   PAD
    0x08000740   0x00000008   Code   RO         4631    .text               c_w.l(libspace.o)
    0x08000748   0x00000040   Code   RO         3514    i.Bot_Abort         usb_bot.o
    0x08000788   0x00000004   Code   RO          229    i.BusFault_Handler  stm32f10x_it.o
    0x0800078c   0x0000000c   Code   RO         2956    i.ByteSwap          usb_regs.o
    0x08000798   0x000002c8   Code   RO         3515    i.CBW_Decode        usb_bot.o
    0x08000a60   0x00000288   Code   RO         2909    i.CTR_LP            usb_int.o
    0x08000ce8   0x00000034   Code   RO         2957    i.ClearDTOG_RX      usb_regs.o
    0x08000d1c   0x00000034   Code   RO         2958    i.ClearDTOG_TX      usb_regs.o
    0x08000d50   0x00000028   Code   RO         2963    i.Clear_Status_Out  usb_regs.o
    0x08000d78   0x00000030   Code   RO          726    i.CmdError          sdio_sdcard.o
    0x08000da8   0x00000060   Code   RO          727    i.CmdResp1Error     sdio_sdcard.o
    0x08000e08   0x00000054   Code   RO          728    i.CmdResp2Error     sdio_sdcard.o
    0x08000e5c   0x00000038   Code   RO          729    i.CmdResp3Error     sdio_sdcard.o
    0x08000e94   0x00000090   Code   RO          730    i.CmdResp6Error     sdio_sdcard.o
    0x08000f24   0x0000004c   Code   RO          731    i.CmdResp7Error     sdio_sdcard.o
    0x08000f70   0x00000018   Code   RO         2437    i.DMA_Cmd           stm32f10x_dma.o
    0x08000f88   0x0000014c   Code   RO         2438    i.DMA_DeInit        stm32f10x_dma.o
    0x080010d4   0x0000003c   Code   RO         2443    i.DMA_Init          stm32f10x_dma.o
    0x08001110   0x000000c0   Code   RO         2763    i.DataStageIn       usb_core.o
    0x080011d0   0x000000bc   Code   RO         2764    i.DataStageOut      usb_core.o
    0x0800128c   0x00000298   Code   RO         2765    i.Data_Setup0       usb_core.o
    0x08001524   0x00000002   Code   RO          230    i.DebugMon_Handler  stm32f10x_it.o
    0x08001526   0x00000008   Code   RO         3578    i.EP1_IN_Callback   usb_endp.o
    0x0800152e   0x00000008   Code   RO         3579    i.EP2_OUT_Callback  usb_endp.o
    0x08001536   0x00000002   PAD
    0x08001538   0x0000000c   Code   RO         2382    i.EXTI_ClearITPendingBit  stm32f10x_exti.o
    0x08001544   0x00000094   Code   RO         2387    i.EXTI_Init         stm32f10x_exti.o
    0x080015d8   0x00000030   Code   RO         3340    i.Enter_LowPowerMode  hw_config.o
    0x08001608   0x00000034   Code   RO         1086    i.FSMC_NORSRAMCmd   stm32f10x_fsmc.o
    0x0800163c   0x000000e6   Code   RO         1088    i.FSMC_NORSRAMInit  stm32f10x_fsmc.o
    0x08001722   0x00000002   PAD
    0x08001724   0x00000194   Code   RO          732    i.FindSCR           sdio_sdcard.o
    0x080018b8   0x00000116   Code   RO         1201    i.GPIO_Init         stm32f10x_gpio.o
    0x080019ce   0x00000004   Code   RO         1209    i.GPIO_SetBits      stm32f10x_gpio.o
    0x080019d2   0x00000002   PAD
    0x080019d4   0x00000020   Code   RO         2975    i.GetEPRxAddr       usb_regs.o
    0x080019f4   0x00000024   Code   RO         2976    i.GetEPRxCount      usb_regs.o
    0x08001a18   0x00000018   Code   RO         2977    i.GetEPRxStatus     usb_regs.o
    0x08001a30   0x00000020   Code   RO         2978    i.GetEPTxAddr       usb_regs.o
    0x08001a50   0x0000001c   Code   RO         3614    i.Get_Max_Lun       usb_prop.o
    0x08001a6c   0x00000034   Code   RO         3341    i.Get_SerialNum     hw_config.o
    0x08001aa0   0x00000004   Code   RO          231    i.HardFault_Handler  stm32f10x_it.o
    0x08001aa4   0x00000004   Code   RO          953    i.INTX_DISABLE      sys.o
    0x08001aa8   0x00000004   Code   RO          954    i.INTX_ENABLE       sys.o
    0x08001aac   0x00000070   Code   RO         2766    i.In0_Process       usb_core.o
    0x08001b1c   0x0000003e   Code   RO         3342    i.IntToUnicode      hw_config.o
    0x08001b5a   0x00000002   PAD
    0x08001b5c   0x0000009c   Code   RO          733    i.IsCardProgramming  sdio_sdcard.o
    0x08001bf8   0x0000006c   Code   RO          387    i.LCD_Clear         lcd.o
    0x08001c64   0x000001c0   Code   RO          391    i.LCD_Display_Dir   lcd.o
    0x08001e24   0x0000376c   Code   RO          398    i.LCD_Init          lcd.o
    0x08005590   0x00000014   Code   RO          400    i.LCD_RD_DATA       lcd.o
    0x080055a4   0x00000016   Code   RO          402    i.LCD_ReadReg       lcd.o
    0x080055ba   0x00000002   PAD
    0x080055bc   0x00000054   Code   RO          403    i.LCD_SSD_BackLightSet  lcd.o
    0x08005610   0x000002ec   Code   RO          404    i.LCD_Scan_Dir      lcd.o
    0x080058fc   0x000001a8   Code   RO          405    i.LCD_SetCursor     lcd.o
    0x08005aa4   0x0000000c   Code   RO          411    i.LCD_WR_DATA       lcd.o
    0x08005ab0   0x0000000c   Code   RO          412    i.LCD_WR_REG        lcd.o
    0x08005abc   0x00000014   Code   RO          414    i.LCD_WriteRAM_Prepare  lcd.o
    0x08005ad0   0x00000010   Code   RO          415    i.LCD_WriteReg      lcd.o
    0x08005ae0   0x0000004c   Code   RO          352    i.LED_Init          led.o
    0x08005b2c   0x00000040   Code   RO         3343    i.Leave_LowPowerMode  hw_config.o
    0x08005b6c   0x0000000c   Code   RO         3344    i.Led_RW_OFF        hw_config.o
    0x08005b78   0x0000000c   Code   RO         3345    i.Led_RW_ON         hw_config.o
    0x08005b84   0x00000016   Code   RO         3435    i.MAL_GetStatus     mass_mal.o
    0x08005b9a   0x0000004a   Code   RO         3437    i.MAL_Read          mass_mal.o
    0x08005be4   0x0000004a   Code   RO         3438    i.MAL_Write         mass_mal.o
    0x08005c2e   0x00000002   PAD
    0x08005c30   0x00000060   Code   RO         3615    i.MASS_Data_Setup   usb_prop.o
    0x08005c90   0x00000014   Code   RO         3616    i.MASS_GetConfigDescriptor  usb_prop.o
    0x08005ca4   0x00000014   Code   RO         3617    i.MASS_GetDeviceDescriptor  usb_prop.o
    0x08005cb8   0x00000028   Code   RO         3618    i.MASS_GetStringDescriptor  usb_prop.o
    0x08005ce0   0x00000016   Code   RO         3619    i.MASS_Get_Interface_Setting  usb_prop.o
    0x08005cf6   0x00000002   PAD
    0x08005cf8   0x0000005c   Code   RO         3620    i.MASS_NoData_Setup  usb_prop.o
    0x08005d54   0x000000f0   Code   RO         3621    i.MASS_Reset        usb_prop.o
    0x08005e44   0x00000002   Code   RO         3622    i.MASS_Status_In    usb_prop.o
    0x08005e46   0x00000002   Code   RO         3623    i.MASS_Status_Out   usb_prop.o
    0x08005e48   0x00000028   Code   RO         3624    i.MASS_init         usb_prop.o
    0x08005e70   0x0000001c   Code   RO         3625    i.Mass_Storage_ClearFeature  usb_prop.o
    0x08005e8c   0x000000a8   Code   RO         3516    i.Mass_Storage_In   usb_bot.o
    0x08005f34   0x000000ac   Code   RO         3517    i.Mass_Storage_Out  usb_bot.o
    0x08005fe0   0x00000030   Code   RO         3626    i.Mass_Storage_SetConfiguration  usb_prop.o
    0x08006010   0x0000000c   Code   RO         3627    i.Mass_Storage_SetDeviceAddress  usb_prop.o
    0x0800601c   0x00000004   Code   RO          232    i.MemManage_Handler  stm32f10x_it.o
    0x08006020   0x00000002   Code   RO          233    i.NMI_Handler       stm32f10x_it.o
    0x08006022   0x00000002   Code   RO         2767    i.NOP_Process       usb_core.o
    0x08006024   0x00000070   Code   RO         1039    i.NVIC_Init         misc.o
    0x08006094   0x00000014   Code   RO         1040    i.NVIC_PriorityGroupConfig  misc.o
    0x080060a8   0x00000138   Code   RO         2768    i.NoData_Setup0     usb_core.o
    0x080061e0   0x00000050   Code   RO         2769    i.Out0_Process      usb_core.o
    0x08006230   0x00000028   Code   RO         2938    i.PMAToUserBufferCopy  usb_mem.o
    0x08006258   0x00000002   Code   RO          234    i.PendSV_Handler    stm32f10x_it.o
    0x0800625a   0x00000002   PAD
    0x0800625c   0x00000048   Code   RO         2770    i.Post0_Process     usb_core.o
    0x080062a4   0x00000040   Code   RO         3720    i.PowerOn           usb_pwr.o
    0x080062e4   0x00000020   Code   RO         1310    i.RCC_AHBPeriphClockCmd  stm32f10x_rcc.o
    0x08006304   0x00000020   Code   RO         1311    i.RCC_APB1PeriphClockCmd  stm32f10x_rcc.o
    0x08006324   0x00000020   Code   RO         1313    i.RCC_APB2PeriphClockCmd  stm32f10x_rcc.o
    0x08006344   0x000000d4   Code   RO         1321    i.RCC_GetClocksFreq  stm32f10x_rcc.o
    0x08006418   0x0000000c   Code   RO         1339    i.RCC_USBCLKConfig  stm32f10x_rcc.o
    0x08006424   0x00000158   Code   RO         3472    i.Read_Memory       memory.o
    0x0800657c   0x000000d0   Code   RO         3721    i.Resume            usb_pwr.o
    0x0800664c   0x00000024   Code   RO         3722    i.Resume_Init       usb_pwr.o
    0x08006670   0x0000008c   Code   RO         3762    i.SCSI_Address_Management  usb_scsi.o
    0x080066fc   0x00000030   Code   RO         3763    i.SCSI_Format_Cmd   usb_scsi.o
    0x0800672c   0x00000048   Code   RO         3764    i.SCSI_Inquiry_Cmd  usb_scsi.o
    0x08006774   0x00000044   Code   RO         3765    i.SCSI_Invalid_Cmd  usb_scsi.o
    0x080067b8   0x00000014   Code   RO         3766    i.SCSI_ModeSense10_Cmd  usb_scsi.o
    0x080067cc   0x00000014   Code   RO         3767    i.SCSI_ModeSense6_Cmd  usb_scsi.o
    0x080067e0   0x00000078   Code   RO         3768    i.SCSI_Read10_Cmd   usb_scsi.o
    0x08006858   0x0000009c   Code   RO         3769    i.SCSI_ReadCapacity10_Cmd  usb_scsi.o
    0x080068f4   0x00000088   Code   RO         3770    i.SCSI_ReadFormatCapacity_Cmd  usb_scsi.o
    0x0800697c   0x00000028   Code   RO         3771    i.SCSI_RequestSense_Cmd  usb_scsi.o
    0x080069a4   0x0000000e   Code   RO         3772    i.SCSI_Start_Stop_Unit_Cmd  usb_scsi.o
    0x080069b2   0x00000002   PAD
    0x080069b4   0x00000038   Code   RO         3773    i.SCSI_TestUnitReady_Cmd  usb_scsi.o
    0x080069ec   0x00000040   Code   RO         3775    i.SCSI_Verify10_Cmd  usb_scsi.o
    0x08006a2c   0x00000078   Code   RO         3776    i.SCSI_Write10_Cmd  usb_scsi.o
    0x08006aa4   0x000000ac   Code   RO          734    i.SDEnWideBus       sdio_sdcard.o
    0x08006b50   0x0000000c   Code   RO         2508    i.SDIO_ClearFlag    stm32f10x_sdio.o
    0x08006b5c   0x0000000c   Code   RO         2510    i.SDIO_ClockCmd     stm32f10x_sdio.o
    0x08006b68   0x00000014   Code   RO          735    i.SDIO_Clock_Set    sdio_sdcard.o
    0x08006b7c   0x0000000c   Code   RO         2513    i.SDIO_DMACmd       stm32f10x_sdio.o
    0x08006b88   0x00000030   Code   RO         2514    i.SDIO_DataConfig   stm32f10x_sdio.o
    0x08006bb8   0x00000024   Code   RO         2516    i.SDIO_DeInit       stm32f10x_sdio.o
    0x08006bdc   0x00000018   Code   RO         2520    i.SDIO_GetFlagStatus  stm32f10x_sdio.o
    0x08006bf4   0x00000010   Code   RO         2522    i.SDIO_GetPowerState  stm32f10x_sdio.o
    0x08006c04   0x00000008   Code   RO          736    i.SDIO_IRQHandler   sdio_sdcard.o
    0x08006c0c   0x00000030   Code   RO         2525    i.SDIO_Init         stm32f10x_sdio.o
    0x08006c3c   0x0000000c   Code   RO         2526    i.SDIO_ReadData     stm32f10x_sdio.o
    0x08006c48   0x0000002c   Code   RO         2528    i.SDIO_SendCommand  stm32f10x_sdio.o
    0x08006c74   0x0000001c   Code   RO         2530    i.SDIO_SetPowerState  stm32f10x_sdio.o
    0x08006c90   0x0000000c   Code   RO         2536    i.SDIO_WriteData    stm32f10x_sdio.o
    0x08006c9c   0x00000068   Code   RO          737    i.SD_DMA_Config     sdio_sdcard.o
    0x08006d04   0x00000068   Code   RO          738    i.SD_EnableWideBusOperation  sdio_sdcard.o
    0x08006d6c   0x00000314   Code   RO          739    i.SD_GetCardInfo    sdio_sdcard.o
    0x08007080   0x00000100   Code   RO          741    i.SD_Init           sdio_sdcard.o
    0x08007180   0x00000154   Code   RO          742    i.SD_InitializeCards  sdio_sdcard.o
    0x080072d4   0x000001dc   Code   RO          744    i.SD_PowerON        sdio_sdcard.o
    0x080074b0   0x0000013c   Code   RO          745    i.SD_ProcessIRQSrc  sdio_sdcard.o
    0x080075ec   0x00000258   Code   RO          746    i.SD_ReadBlock      sdio_sdcard.o
    0x08007844   0x00000098   Code   RO          747    i.SD_ReadDisk       sdio_sdcard.o
    0x080078dc   0x000002e8   Code   RO          748    i.SD_ReadMultiBlocks  sdio_sdcard.o
    0x08007bc4   0x00000030   Code   RO          749    i.SD_SelectDeselect  sdio_sdcard.o
    0x08007bf4   0x00000018   Code   RO          751    i.SD_SetDeviceMode  sdio_sdcard.o
    0x08007c0c   0x00000374   Code   RO          752    i.SD_WriteBlock     sdio_sdcard.o
    0x08007f80   0x00000098   Code   RO          753    i.SD_WriteDisk      sdio_sdcard.o
    0x08008018   0x000003c0   Code   RO          754    i.SD_WriteMultiBlocks  sdio_sdcard.o
    0x080083d8   0x00000094   Code   RO          596    i.SPI2_Init         spi.o
    0x0800846c   0x00000054   Code   RO          597    i.SPI2_ReadWriteByte  spi.o
    0x080084c0   0x00000028   Code   RO          598    i.SPI2_SetSpeed     spi.o
    0x080084e8   0x00000018   Code   RO         1514    i.SPI_Cmd           stm32f10x_spi.o
    0x08008500   0x00000012   Code   RO         1522    i.SPI_I2S_GetFlagStatus  stm32f10x_spi.o
    0x08008512   0x00000006   Code   RO         1525    i.SPI_I2S_ReceiveData  stm32f10x_spi.o
    0x08008518   0x00000004   Code   RO         1526    i.SPI_I2S_SendData  stm32f10x_spi.o
    0x0800851c   0x0000003c   Code   RO         1527    i.SPI_Init          stm32f10x_spi.o
    0x08008558   0x00000002   Code   RO          235    i.SVC_Handler       stm32f10x_it.o
    0x0800855a   0x00000002   PAD
    0x0800855c   0x00000010   Code   RO         2986    i.SetBTABLE         usb_regs.o
    0x0800856c   0x00000050   Code   RO         2771    i.SetDeviceAddress  usb_core.o
    0x080085bc   0x00000024   Code   RO         3000    i.SetEPRxAddr       usb_regs.o
    0x080085e0   0x0000004c   Code   RO         3001    i.SetEPRxCount      usb_regs.o
    0x0800862c   0x00000040   Code   RO         3002    i.SetEPRxStatus     usb_regs.o
    0x0800866c   0x00000034   Code   RO         3003    i.SetEPRxValid      usb_regs.o
    0x080086a0   0x00000020   Code   RO         3004    i.SetEPTxAddr       usb_regs.o
    0x080086c0   0x0000001c   Code   RO         3005    i.SetEPTxCount      usb_regs.o
    0x080086dc   0x00000040   Code   RO         3006    i.SetEPTxStatus     usb_regs.o
    0x0800871c   0x00000024   Code   RO         3008    i.SetEPType         usb_regs.o
    0x08008740   0x00000008   Code   RO          318    i.SetSysClock       system_stm32f10x.o
    0x08008748   0x000000e0   Code   RO          319    i.SetSysClockTo72   system_stm32f10x.o
    0x08008828   0x0000003c   Code   RO         3518    i.Set_CSW           usb_bot.o
    0x08008864   0x0000000c   Code   RO         3777    i.Set_Scsi_Sense_Data  usb_scsi.o
    0x08008870   0x00000012   Code   RO         3346    i.Set_USBClock      hw_config.o
    0x08008882   0x00000002   PAD
    0x08008884   0x000000b8   Code   RO         2772    i.Setup0_Process    usb_core.o
    0x0800893c   0x0000016c   Code   RO         2773    i.Standard_ClearFeature  usb_core.o
    0x08008aa8   0x0000002c   Code   RO         2774    i.Standard_GetConfiguration  usb_core.o
    0x08008ad4   0x00000024   Code   RO         2775    i.Standard_GetDescriptorData  usb_core.o
    0x08008af8   0x0000002c   Code   RO         2776    i.Standard_GetInterface  usb_core.o
    0x08008b24   0x00000100   Code   RO         2777    i.Standard_GetStatus  usb_core.o
    0x08008c24   0x00000048   Code   RO         2778    i.Standard_SetConfiguration  usb_core.o
    0x08008c6c   0x00000028   Code   RO         2779    i.Standard_SetDeviceFeature  usb_core.o
    0x08008c94   0x000000d0   Code   RO         2780    i.Standard_SetEndPointFeature  usb_core.o
    0x08008d64   0x0000006c   Code   RO         2781    i.Standard_SetInterface  usb_core.o
    0x08008dd0   0x0000009c   Code   RO         3723    i.Suspend           usb_pwr.o
    0x08008e6c   0x00000028   Code   RO         1043    i.SysTick_CLKSourceConfig  misc.o
    0x08008e94   0x00000002   Code   RO          236    i.SysTick_Handler   stm32f10x_it.o
    0x08008e96   0x00000002   PAD
    0x08008e98   0x00000060   Code   RO          321    i.SystemInit        system_stm32f10x.o
    0x08008ef8   0x00000038   Code   RO         3519    i.Transfer_Data_Request  usb_bot.o
    0x08008f30   0x00000088   Code   RO          981    i.USART1_IRQHandler  usart.o
    0x08008fb8   0x00000018   Code   RO         1657    i.USART_Cmd         stm32f10x_usart.o
    0x08008fd0   0x00000054   Code   RO         1661    i.USART_GetITStatus  stm32f10x_usart.o
    0x08009024   0x0000004a   Code   RO         1663    i.USART_ITConfig    stm32f10x_usart.o
    0x0800906e   0x00000002   PAD
    0x08009070   0x000000d8   Code   RO         1664    i.USART_Init        stm32f10x_usart.o
    0x08009148   0x0000000a   Code   RO         1671    i.USART_ReceiveData  stm32f10x_usart.o
    0x08009152   0x0000000c   Code   RO         3347    i.USBWakeUp_IRQHandler  hw_config.o
    0x0800915e   0x00000002   PAD
    0x08009160   0x00000048   Code   RO         3348    i.USB_Cable_Config  hw_config.o
    0x080091a8   0x0000003c   Code   RO         2885    i.USB_Init          usb_init.o
    0x080091e4   0x00000054   Code   RO         3349    i.USB_Interrupts_Config  hw_config.o
    0x08009238   0x000000f8   Code   RO         3596    i.USB_Istr          usb_istr.o
    0x08009330   0x00000008   Code   RO         3350    i.USB_LP_CAN1_RX0_IRQHandler  hw_config.o
    0x08009338   0x00000020   Code   RO         3351    i.USB_NotConfigured_LED  hw_config.o
    0x08009358   0x00000058   Code   RO         3352    i.USB_Port_Set      hw_config.o
    0x080093b0   0x00000024   Code   RO         3316    i.USB_SIL_Init      usb_sil.o
    0x080093d4   0x0000002e   Code   RO         3317    i.USB_SIL_Read      usb_sil.o
    0x08009402   0x0000002e   Code   RO         3318    i.USB_SIL_Write     usb_sil.o
    0x08009430   0x00000004   Code   RO          237    i.UsageFault_Handler  stm32f10x_it.o
    0x08009434   0x00000038   Code   RO         2939    i.UserToPMABufferCopy  usb_mem.o
    0x0800946c   0x00000058   Code   RO          624    i.W25QXX_Erase_Sector  w25qxx.o
    0x080094c4   0x00000058   Code   RO          625    i.W25QXX_Init       w25qxx.o
    0x0800951c   0x00000050   Code   RO          627    i.W25QXX_Read       w25qxx.o
    0x0800956c   0x00000048   Code   RO          628    i.W25QXX_ReadID     w25qxx.o
    0x080095b4   0x0000002c   Code   RO          629    i.W25QXX_ReadSR     w25qxx.o
    0x080095e0   0x00000012   Code   RO          631    i.W25QXX_Wait_Busy  w25qxx.o
    0x080095f2   0x00000002   PAD
    0x080095f4   0x000000b8   Code   RO          632    i.W25QXX_Write      w25qxx.o
    0x080096ac   0x00000020   Code   RO          634    i.W25QXX_Write_Enable  w25qxx.o
    0x080096cc   0x00000046   Code   RO          635    i.W25QXX_Write_NoCheck  w25qxx.o
    0x08009712   0x00000002   PAD
    0x08009714   0x00000054   Code   RO          636    i.W25QXX_Write_Page  w25qxx.o
    0x08009768   0x00000188   Code   RO         3473    i.Write_Memory      memory.o
    0x080098f0   0x00000004   Code   RO          982    i._sys_exit         usart.o
    0x080098f4   0x00000090   Code   RO         3925    i.check_fs          ff.o
    0x08009984   0x00000014   Code   RO         3926    i.chk_chr           ff.o
    0x08009998   0x00000032   Code   RO         3927    i.clmt_clust        ff.o
    0x080099ca   0x0000001a   Code   RO         3928    i.clust2sect        ff.o
    0x080099e4   0x00000090   Code   RO         3929    i.cmp_lfn           ff.o
    0x08009a74   0x00000012   Code   RO          755    i.convert_from_bytes_to_power_of_two  sdio_sdcard.o
    0x08009a86   0x000000d6   Code   RO         3930    i.create_chain      ff.o
    0x08009b5c   0x00000270   Code   RO         3931    i.create_name       ff.o
    0x08009dcc   0x00000044   Code   RO          926    i.delay_init        delay.o
    0x08009e10   0x0000004c   Code   RO          927    i.delay_ms          delay.o
    0x08009e5c   0x0000004c   Code   RO          928    i.delay_us          delay.o
    0x08009ea8   0x0000005c   Code   RO         3932    i.dir_alloc         ff.o
    0x08009f04   0x000000ea   Code   RO         3933    i.dir_find          ff.o
    0x08009fee   0x0000010e   Code   RO         3934    i.dir_next          ff.o
    0x0800a0fc   0x000000c6   Code   RO         3935    i.dir_read          ff.o
    0x0800a1c2   0x0000012a   Code   RO         3936    i.dir_register      ff.o
    0x0800a2ec   0x0000009e   Code   RO         3938    i.dir_sdi           ff.o
    0x0800a38a   0x00000002   PAD
    0x0800a38c   0x00000038   Code   RO         3865    i.disk_initialize   diskio.o
    0x0800a3c4   0x000000b4   Code   RO         3866    i.disk_ioctl        diskio.o
    0x0800a478   0x0000007a   Code   RO         3867    i.disk_read         diskio.o
    0x0800a4f2   0x00000006   Code   RO         3868    i.disk_status       diskio.o
    0x0800a4f8   0x0000007a   Code   RO         3869    i.disk_write        diskio.o
    0x0800a572   0x0000004a   Code   RO         4299    i.exf_getfree       exfuns.o
    0x0800a5bc   0x00000084   Code   RO         4300    i.exfuns_init       exfuns.o
    0x0800a640   0x00000020   Code   RO         3940    i.f_close           ff.o
    0x0800a660   0x00000102   Code   RO         3942    i.f_getfree         ff.o
    0x0800a762   0x00000002   PAD
    0x0800a764   0x00000648   Code   RO         3947    i.f_mkfs            ff.o
    0x0800adac   0x0000005c   Code   RO         3948    i.f_mount           ff.o
    0x0800ae08   0x00000180   Code   RO         3949    i.f_open            ff.o
    0x0800af88   0x000001f4   Code   RO         3957    i.f_setlabel        ff.o
    0x0800b17c   0x000000b0   Code   RO         3959    i.f_sync            ff.o
    0x0800b22c   0x000001ea   Code   RO         3963    i.f_write           ff.o
    0x0800b416   0x00000002   PAD
    0x0800b418   0x0000007c   Code   RO         4269    i.ff_convert        cc936.o
    0x0800b494   0x0000000e   Code   RO         3870    i.ff_memalloc       diskio.o
    0x0800b4a2   0x0000000e   Code   RO         3871    i.ff_memfree        diskio.o
    0x0800b4b0   0x00000038   Code   RO         4270    i.ff_wtoupper       cc936.o
    0x0800b4e8   0x00000394   Code   RO         3964    i.find_volume       ff.o
    0x0800b87c   0x00000080   Code   RO         3965    i.fit_lfn           ff.o
    0x0800b8fc   0x00000090   Code   RO         3966    i.follow_path       ff.o
    0x0800b98c   0x0000001c   Code   RO          983    i.fputc             usart.o
    0x0800b9a8   0x000000cc   Code   RO         3967    i.gen_numname       ff.o
    0x0800ba74   0x000000f2   Code   RO         3968    i.get_fat           ff.o
    0x0800bb66   0x00000004   Code   RO         3872    i.get_fattime       diskio.o
    0x0800bb6a   0x0000004a   Code   RO         3970    i.get_ldnumber      ff.o
    0x0800bbb4   0x0000002a   Code   RO            1    i.init              main.o
    0x0800bbde   0x00000002   PAD
    0x0800bbe0   0x00000138   Code   RO            2    i.init_fatfs        main.o
    0x0800bd18   0x000000ec   Code   RO            3    i.init_usb          main.o
    0x0800be04   0x00000020   Code   RO         3971    i.ld_clust          ff.o
    0x0800be24   0x000000c4   Code   RO            4    i.main              main.o
    0x0800bee8   0x00000026   Code   RO         3972    i.mem_cmp           ff.o
    0x0800bf0e   0x0000001a   Code   RO         3973    i.mem_cpy           ff.o
    0x0800bf28   0x00000014   Code   RO         3974    i.mem_set           ff.o
    0x0800bf3c   0x00000034   Code   RO         3975    i.move_window       ff.o
    0x0800bf70   0x0000006c   Code   RO         2693    i.my_mem_free       malloc.o
    0x0800bfdc   0x00000044   Code   RO         2694    i.my_mem_init       malloc.o
    0x0800c020   0x000000a8   Code   RO         2695    i.my_mem_malloc     malloc.o
    0x0800c0c8   0x00000040   Code   RO         2696    i.my_mem_perused    malloc.o
    0x0800c108   0x00000024   Code   RO         2697    i.myfree            malloc.o
    0x0800c12c   0x00000028   Code   RO         2698    i.mymalloc          malloc.o
    0x0800c154   0x00000014   Code   RO         2700    i.mymemset          malloc.o
    0x0800c168   0x00000074   Code   RO         3976    i.pick_lfn          ff.o
    0x0800c1dc   0x00000142   Code   RO         3977    i.put_fat           ff.o
    0x0800c31e   0x0000006c   Code   RO         3979    i.remove_chain      ff.o
    0x0800c38a   0x00000010   Code   RO         3980    i.st_clust          ff.o
    0x0800c39a   0x00000020   Code   RO         3981    i.sum_sfn           ff.o
    0x0800c3ba   0x000000c8   Code   RO         3982    i.sync_fs           ff.o
    0x0800c482   0x00000052   Code   RO         3983    i.sync_window       ff.o
    0x0800c4d4   0x000000a0   Code   RO          984    i.uart_init         usart.o
    0x0800c574   0x00000140   Code   RO            5    i.usb_stat          main.o
    0x0800c6b4   0x00000036   Code   RO         3984    i.validate          ff.o
    0x0800c6ea   0x00000002   PAD
    0x0800c6ec   0x0000005a   Code   RO         4559    x$fpl$dfixu         fz_ws.l(dfixu.o)
    0x0800c746   0x00000026   Code   RO         4563    x$fpl$dfltu         fz_ws.l(dflt_clz.o)
    0x0800c76c   0x00000154   Code   RO         4569    x$fpl$dmul          fz_ws.l(dmul.o)
    0x0800c8c0   0x0000009c   Code   RO         4587    x$fpl$dnaninf       fz_ws.l(dnaninf.o)
    0x0800c95c   0x0000000c   Code   RO         4589    x$fpl$dretinf       fz_ws.l(dretinf.o)
    0x0800c968   0x00000000   Code   RO         4591    x$fpl$usenofp       fz_ws.l(usenofp.o)
    0x0800c968   0x00000018   Data   RO         2705    .constdata          malloc.o
    0x0800c980   0x00000092   Data   RO         3565    .constdata          usb_desc.o
    0x0800ca12   0x0000003a   Data   RO         3985    .constdata          ff.o
    0x0800ca4c   0x0002acc8   Data   RO         4271    .constdata          cc936.o
    0x08037714   0x00000028   Data   RO         4507    .constdata          c_w.l(_printf_hex_int.o)
    0x0803773c   0x00000020   Data   RO         4753    Region$$Table       anon$$obj.o


    Execution Region RW_IRAM1 (Base: 0x20000000, Size: 0x00002e00, Max: 0x00010000, ABSOLUTE, COMPRESSED[0x000000e8])

    Base Addr    Size         Type   Attr      Idx    E Section Name        Object

    0x20000000   0x00000014   Data   RW          322    .data               system_stm32f10x.o
    0x20000014   0x00000002   Data   RW          639    .data               w25qxx.o
    0x20000016   0x00000002   PAD
    0x20000018   0x00000010   Data   RW          757    .data               sdio_sdcard.o
    0x20000028   0x00000004   Data   RW          929    .data               delay.o
    0x2000002c   0x00000006   Data   RW          986    .data               usart.o
    0x20000032   0x00000014   Data   RW         1341    .data               stm32f10x_rcc.o
    0x20000046   0x00000002   PAD
    0x20000048   0x0000001c   Data   RW         2706    .data               malloc.o
    0x20000064   0x00000003   Data   RW         2782    .data               usb_core.o
    0x20000067   0x00000001   PAD
    0x20000068   0x00000014   Data   RW         2887    .data               usb_init.o
    0x2000007c   0x00000004   Data   RW         2910    .data               usb_int.o
    0x20000080   0x00000010   Data   RW         3440    .data               mass_mal.o
    0x20000090   0x00000038   Data   RW         3474    .data               memory.o
    0x200000c8   0x00000080   Data   RW         3502    .data               scsi_data.o
    0x20000148   0x00000014   Data   RW         3521    .data               usb_bot.o
    0x2000015c   0x0000001a   Data   RW         3566    .data               usb_desc.o
    0x20000176   0x00000002   PAD
    0x20000178   0x0000003c   Data   RW         3597    .data               usb_istr.o
    0x200001b4   0x00000090   Data   RW         3628    .data               usb_prop.o
    0x20000244   0x0000000c   Data   RW         3725    .data               usb_pwr.o
    0x20000250   0x00000002   Data   RW         3873    .data               diskio.o
    0x20000252   0x00000002   PAD
    0x20000254   0x0000000a   Data   RW         3986    .data               ff.o
    0x2000025e   0x00000002   PAD
    0x20000260   0x0000001c   Data   RW         4305    .data               exfuns.o
    0x2000027c   0x0000000e   Zero   RW          417    .bss                lcd.o
    0x2000028a   0x00001000   Zero   RW          638    .bss                w25qxx.o
    0x2000128a   0x00000006   PAD
    0x20001290   0x000002c0   Zero   RW          756    .bss                sdio_sdcard.o
    0x20001550   0x000000c8   Zero   RW          985    .bss                usart.o
    0x20001618   0x00000008   PAD
    0x20001620   0x00001100   Zero   RW         2704    .bss                malloc.o
    0x20002720   0x0000001c   Zero   RW         2886    .bss                usb_init.o
    0x2000273c   0x00000004   PAD
    0x20002740   0x00000010   Zero   RW         3439    .bss                mass_mal.o
    0x20002750   0x00000030   Zero   RW         3520    .bss                usb_bot.o
    0x20002780   0x00000020   Zero   RW         3724    .bss                usb_pwr.o
    0x200027a0   0x00000060   Zero   RW         4632    .bss                c_w.l(libspace.o)
    0x20002800   0x00000200   Zero   RW         1033    HEAP                startup_stm32f10x_hd.o
    0x20002a00   0x00000400   Zero   RW         1032    STACK               startup_stm32f10x_hd.o



  Load Region LR$$.ARM.__AT_0x68000000 (Base: 0x68000000, Size: 0x00000000, Max: 0x00000020, ABSOLUTE)

    Execution Region ER$$.ARM.__AT_0x68000000 (Base: 0x68000000, Size: 0x00000020, Max: 0x00000020, ABSOLUTE, UNINIT)

    Base Addr    Size         Type   Attr      Idx    E Section Name        Object

    0x68000000   0x00000020   Zero   RW         2702    .ARM.__AT_0x68000000  malloc.o



  Load Region LR$$.ARM.__AT_0x68000020 (Base: 0x68000020, Size: 0x00000000, Max: 0x00000004, ABSOLUTE)

    Execution Region ER$$.ARM.__AT_0x68000020 (Base: 0x68000020, Size: 0x00000004, Max: 0x00000004, ABSOLUTE, UNINIT)

    Base Addr    Size         Type   Attr      Idx    E Section Name        Object

    0x68000020   0x00000002   Zero   RW         2703    .ARM.__AT_0x68000020  malloc.o


==============================================================================

Image component sizes


      Code (inc. data)   RO Data    RW Data    ZI Data      Debug   Object Name

       180         18     175304          0          0       2431   cc936.o
       220         26          0          4          0       1647   delay.o
       518         14          0          2          0       6260   diskio.o
       206         18          0         28          0       2240   exfuns.o
      8818        158         58         10          0      37117   ff.o
       564        170          0          0          0       6891   hw_config.o
     16102        148          0          0         14      17022   lcd.o
        76          8          0          0          0        487   led.o
      1106        442          0          0          0     277813   main.o
       504         60         24         28       4386       5809   malloc.o
       170          0          0         16         16       2767   mass_mal.o
       736         90          0         56          0       2627   memory.o
       172         22          0          0          0       2001   misc.o
         0          0          0        128          0       1026   scsi_data.o
      7230        386          0         16        704      32350   sdio_sdcard.o
       272         18          0          0          0       1725   spi.o
        64         26        304          0       1536        784   startup_stm32f10x_hd.o
       416          8          0          0          0       3366   stm32f10x_dma.o
       160         12          0          0          0       1461   stm32f10x_exti.o
       282          6          0          0          0       1773   stm32f10x_fsmc.o
       282          0          0          0          0       2443   stm32f10x_gpio.o
        26          0          0          0          0       3578   stm32f10x_it.o
       320         44          0         20          0       5421   stm32f10x_rcc.o
       304         72          0          0          0       7842   stm32f10x_sdio.o
       112          0          0          0          0       3726   stm32f10x_spi.o
       408          6          0          0          0       4858   stm32f10x_usart.o
         8          0          0          0          0        837   sys.o
       328         28          0         20          0       2017   system_stm32f10x.o
       328         26          0          6        200       4016   usart.o
      1232        118          0         20         48       4355   usb_bot.o
      3058        288          0          3          0      14963   usb_core.o
         0          0        146         26          0        928   usb_desc.o
        16          0          0          0          0        897   usb_endp.o
        60         24          0         20         28       4138   usb_init.o
       648         32          0          4          0       1760   usb_int.o
       248         26          0         60          0       1376   usb_istr.o
        96         10          0          0          0       1796   usb_mem.o
       690        120          0        144          0      11038   usb_prop.o
       464         52          0         12         32       3612   usb_pwr.o
       684        102          0          0          0       9828   usb_regs.o
      1086        130          0          0          0       8866   usb_scsi.o
       128          8          0          0          0       2130   usb_sil.o
       760         70          0          2       4096       6509   w25qxx.o

    ----------------------------------------------------------------------
     49124       2786     175868        636      11080     514531   Object Totals
         0          0         32          0          0          0   (incl. Generated)
        42          0          0         11         20          0   (incl. Padding)

    ----------------------------------------------------------------------

      Code (inc. data)   RO Data    RW Data    ZI Data      Debug   Library Member Name

        90          0          0          0          0          0   __dczerorl2.o
         8          0          0          0          0         68   __main.o
       104          0          0          0          0         84   __printf.o
         0          0          0          0          0          0   __rtentry.o
        12          0          0          0          0          0   __rtentry2.o
         6          0          0          0          0          0   __rtentry4.o
        52          8          0          0          0          0   __scatter.o
        28          0          0          0          0          0   __scatter_zi.o
        48          6          0          0          0         96   _printf_char_common.o
        36          4          0          0          0         80   _printf_char_file.o
         6          0          0          0          0          0   _printf_d.o
       120         16          0          0          0         92   _printf_dec.o
        88          4         40          0          0         88   _printf_hex_int.o
       178          0          0          0          0         88   _printf_intcommon.o
         0          0          0          0          0          0   _printf_percent.o
         4          0          0          0          0          0   _printf_percent_end.o
         6          0          0          0          0          0   _printf_x.o
        12          0          0          0          0         72   exit.o
         8          0          0          0          0         68   ferror.o
         6          0          0          0          0        152   heapauxi.o
         2          0          0          0          0          0   libinit.o
         2          0          0          0          0          0   libinit2.o
         2          0          0          0          0          0   libshutdown.o
         2          0          0          0          0          0   libshutdown2.o
         8          4          0          0         96         68   libspace.o
        72          0          0          0          0         76   llsdiv.o
       238          0          0          0          0        100   lludivv7m.o
        24          4          0          0          0         84   noretval__2printf.o
       138          0          0          0          0         68   rt_memcpy_v6.o
       100          0          0          0          0         80   rt_memcpy_w.o
         2          0          0          0          0          0   rtexit.o
        10          0          0          0          0          0   rtexit2.o
        74          0          0          0          0         80   sys_stackheap_outer.o
         2          0          0          0          0         68   use_no_semi.o
         2          0          0          0          0         68   use_no_semi_2.o
        90          4          0          0          0         92   dfixu.o
        38          0          0          0          0         68   dflt_clz.o
       340         12          0          0          0        104   dmul.o
       156          4          0          0          0         92   dnaninf.o
        12          0          0          0          0         68   dretinf.o
         0          0          0          0          0          0   usenofp.o

    ----------------------------------------------------------------------
      2132         66         40          0         96       2004   Library Totals
         6          0          0          0          0          0   (incl. Padding)

    ----------------------------------------------------------------------

      Code (inc. data)   RO Data    RW Data    ZI Data      Debug   Library Name

      1490         46         40          0         96       1580   c_w.l
       636         20          0          0          0        424   fz_ws.l

    ----------------------------------------------------------------------
      2132         66         40          0         96       2004   Library Totals

    ----------------------------------------------------------------------

==============================================================================


      Code (inc. data)   RO Data    RW Data    ZI Data      Debug   

     51256       2852     175908        636      11176     501243   Grand Totals
     51256       2852     175908        232      11176     501243   ELF Image Totals (compressed)
     51256       2852     175908        232          0          0   ROM Totals

==============================================================================

    Total RO  Size (Code + RO Data)               227164 ( 221.84kB)
    Total RW  Size (RW Data + ZI Data)             11812 (  11.54kB)
    Total ROM Size (Code + RO Data + RW Data)     227396 ( 222.07kB)

==============================================================================

