Component: ARM Compiler 5.05 update 1 (build 106) Tool: armlink [4d0efa]

==============================================================================

Section Cross References

    main.o(i.main) refers to _printf_percent.o(.ARM.Collect$$_printf_percent$$00000000) for _printf_percent
    main.o(i.main) refers to _printf_d.o(.ARM.Collect$$_printf_percent$$00000009) for _printf_d
    main.o(i.main) refers to _printf_dec.o(.text) for _printf_int_dec
    main.o(i.main) refers to _printf_s.o(.ARM.Collect$$_printf_percent$$00000014) for _printf_s
    main.o(i.main) refers to _printf_str.o(.text) for _printf_str
    main.o(i.main) refers to delay.o(i.delay_init) for delay_init
    main.o(i.main) refers to misc.o(i.NVIC_PriorityGroupConfig) for NVIC_PriorityGroupConfig
    main.o(i.main) refers to usart.o(i.uart_init) for uart_init
    main.o(i.main) refers to led.o(i.LED_Init) for LED_Init
    main.o(i.main) refers to lcd.o(i.LCD_Init) for LCD_Init
    main.o(i.main) refers to w25qxx.o(i.W25QXX_Init) for W25QXX_Init
    main.o(i.main) refers to malloc.o(i.my_mem_init) for my_mem_init
    main.o(i.main) refers to noretval__2printf.o(.text) for __2printf
    main.o(i.main) refers to exfuns.o(i.exfuns_init) for exfuns_init
    main.o(i.main) refers to ff.o(i.f_mount) for f_mount
    main.o(i.main) refers to ff.o(i.f_mkfs) for f_mkfs
    main.o(i.main) refers to ff.o(i.f_setlabel) for f_setlabel
    main.o(i.main) refers to delay.o(i.delay_ms) for delay_ms
    main.o(i.main) refers to exfuns.o(i.exf_getfree) for exf_getfree
    main.o(i.main) refers to ff.o(i.f_open) for f_open
    main.o(i.main) refers to ff.o(i.f_write) for f_write
    main.o(i.main) refers to ff.o(i.f_close) for f_close
    main.o(i.main) refers to ff.o(i.f_read) for f_read
    main.o(i.main) refers to exfuns.o(.data) for fs
    main.o(i.main) refers to main.o(.conststring) for .conststring
    main.o(i.main) refers to memory.o(.data) for USB_STATUS_REG
    main.o(i.main) refers to usb_pwr.o(.data) for bDeviceState
    system_stm32f10x.o(i.SetSysClock) refers to system_stm32f10x.o(i.SetSysClockTo72) for SetSysClockTo72
    system_stm32f10x.o(i.SystemCoreClockUpdate) refers to system_stm32f10x.o(.data) for SystemCoreClock
    system_stm32f10x.o(i.SystemInit) refers to system_stm32f10x.o(i.SetSysClock) for SetSysClock
    led.o(i.LED_Init) refers to stm32f10x_rcc.o(i.RCC_APB2PeriphClockCmd) for RCC_APB2PeriphClockCmd
    led.o(i.LED_Init) refers to stm32f10x_gpio.o(i.GPIO_Init) for GPIO_Init
    led.o(i.LED_Init) refers to stm32f10x_gpio.o(i.GPIO_SetBits) for GPIO_SetBits
    key.o(i.KEY_Init) refers to stm32f10x_rcc.o(i.RCC_APB2PeriphClockCmd) for RCC_APB2PeriphClockCmd
    key.o(i.KEY_Init) refers to stm32f10x_gpio.o(i.GPIO_Init) for GPIO_Init
    key.o(i.KEY_Scan) refers to stm32f10x_gpio.o(i.GPIO_ReadInputDataBit) for GPIO_ReadInputDataBit
    key.o(i.KEY_Scan) refers to delay.o(i.delay_ms) for delay_ms
    key.o(i.KEY_Scan) refers to key.o(.data) for key_up
    lcd.o(i.LCD_Clear) refers to lcd.o(i.LCD_SetCursor) for LCD_SetCursor
    lcd.o(i.LCD_Clear) refers to lcd.o(i.LCD_WriteRAM_Prepare) for LCD_WriteRAM_Prepare
    lcd.o(i.LCD_Clear) refers to lcd.o(.bss) for lcddev
    lcd.o(i.LCD_Color_Fill) refers to lcd.o(i.LCD_SetCursor) for LCD_SetCursor
    lcd.o(i.LCD_Color_Fill) refers to lcd.o(i.LCD_WriteRAM_Prepare) for LCD_WriteRAM_Prepare
    lcd.o(i.LCD_DisplayOff) refers to lcd.o(i.LCD_WR_REG) for LCD_WR_REG
    lcd.o(i.LCD_DisplayOff) refers to lcd.o(i.LCD_WriteReg) for LCD_WriteReg
    lcd.o(i.LCD_DisplayOff) refers to lcd.o(.bss) for lcddev
    lcd.o(i.LCD_DisplayOn) refers to lcd.o(i.LCD_WR_REG) for LCD_WR_REG
    lcd.o(i.LCD_DisplayOn) refers to lcd.o(i.LCD_WriteReg) for LCD_WriteReg
    lcd.o(i.LCD_DisplayOn) refers to lcd.o(.bss) for lcddev
    lcd.o(i.LCD_Display_Dir) refers to lcd.o(i.LCD_Scan_Dir) for LCD_Scan_Dir
    lcd.o(i.LCD_Display_Dir) refers to lcd.o(.bss) for lcddev
    lcd.o(i.LCD_DrawLine) refers to lcd.o(i.LCD_DrawPoint) for LCD_DrawPoint
    lcd.o(i.LCD_DrawPoint) refers to lcd.o(i.LCD_SetCursor) for LCD_SetCursor
    lcd.o(i.LCD_DrawPoint) refers to lcd.o(i.LCD_WriteRAM_Prepare) for LCD_WriteRAM_Prepare
    lcd.o(i.LCD_DrawPoint) refers to lcd.o(.data) for POINT_COLOR
    lcd.o(i.LCD_DrawRectangle) refers to lcd.o(i.LCD_DrawLine) for LCD_DrawLine
    lcd.o(i.LCD_Draw_Circle) refers to lcd.o(i.LCD_DrawPoint) for LCD_DrawPoint
    lcd.o(i.LCD_Fast_DrawPoint) refers to lcd.o(i.LCD_WR_REG) for LCD_WR_REG
    lcd.o(i.LCD_Fast_DrawPoint) refers to lcd.o(i.LCD_WR_DATA) for LCD_WR_DATA
    lcd.o(i.LCD_Fast_DrawPoint) refers to lcd.o(i.LCD_WriteReg) for LCD_WriteReg
    lcd.o(i.LCD_Fast_DrawPoint) refers to lcd.o(.bss) for lcddev
    lcd.o(i.LCD_Fill) refers to lcd.o(i.LCD_SetCursor) for LCD_SetCursor
    lcd.o(i.LCD_Fill) refers to lcd.o(i.LCD_WriteRAM_Prepare) for LCD_WriteRAM_Prepare
    lcd.o(i.LCD_Fill) refers to lcd.o(.bss) for lcddev
[...]
    __rt_lib_init_getenv_1                   0x080001fd   Thumb Code     0  libinit2.o(.ARM.Collect$$libinit$$00000023)
    __rt_lib_init_heap_1                     0x080001fd   Thumb Code     0  libinit2.o(.ARM.Collect$$libinit$$0000000A)
    __rt_lib_init_lc_collate_1               0x080001fd   Thumb Code     0  libinit2.o(.ARM.Collect$$libinit$$00000011)
    __rt_lib_init_lc_ctype_1                 0x080001fd   Thumb Code     0  libinit2.o(.ARM.Collect$$libinit$$00000013)
    __rt_lib_init_lc_monetary_1              0x080001fd   Thumb Code     0  libinit2.o(.ARM.Collect$$libinit$$00000015)
    __rt_lib_init_lc_numeric_1               0x080001fd   Thumb Code     0  libinit2.o(.ARM.Collect$$libinit$$00000017)
    __rt_lib_init_lc_time_1                  0x080001fd   Thumb Code     0  libinit2.o(.ARM.Collect$$libinit$$00000019)
    __rt_lib_init_preinit_1                  0x080001fd   Thumb Code     0  libinit2.o(.ARM.Collect$$libinit$$00000004)
    __rt_lib_init_rand_1                     0x080001fd   Thumb Code     0  libinit2.o(.ARM.Collect$$libinit$$0000000E)
    __rt_lib_init_return                     0x080001fd   Thumb Code     0  libinit2.o(.ARM.Collect$$libinit$$00000033)
    __rt_lib_init_signal_1                   0x080001fd   Thumb Code     0  libinit2.o(.ARM.Collect$$libinit$$0000001D)
    __rt_lib_init_stdio_1                    0x080001fd   Thumb Code     0  libinit2.o(.ARM.Collect$$libinit$$00000025)
    __rt_lib_init_user_alloc_1               0x080001fd   Thumb Code     0  libinit2.o(.ARM.Collect$$libinit$$0000000C)
    __rt_lib_shutdown                        0x080001ff   Thumb Code     0  libshutdown.o(.ARM.Collect$$libshutdown$$00000000)
    __rt_lib_shutdown_fp_trap_1              0x08000201   Thumb Code     0  libshutdown2.o(.ARM.Collect$$libshutdown$$00000006)
    __rt_lib_shutdown_heap_1                 0x08000201   Thumb Code     0  libshutdown2.o(.ARM.Collect$$libshutdown$$0000000E)
    __rt_lib_shutdown_return                 0x08000201   Thumb Code     0  libshutdown2.o(.ARM.Collect$$libshutdown$$0000000F)
    __rt_lib_shutdown_signal_1               0x08000201   Thumb Code     0  libshutdown2.o(.ARM.Collect$$libshutdown$$00000009)
    __rt_lib_shutdown_stdio_1                0x08000201   Thumb Code     0  libshutdown2.o(.ARM.Collect$$libshutdown$$00000003)
    __rt_lib_shutdown_user_alloc_1           0x08000201   Thumb Code     0  libshutdown2.o(.ARM.Collect$$libshutdown$$0000000B)
    __rt_entry                               0x08000203   Thumb Code     0  __rtentry.o(.ARM.Collect$$rtentry$$00000000)
    __rt_entry_presh_1                       0x08000203   Thumb Code     0  __rtentry2.o(.ARM.Collect$$rtentry$$00000002)
    __rt_entry_sh                            0x08000203   Thumb Code     0  __rtentry4.o(.ARM.Collect$$rtentry$$00000004)
    __rt_entry_li                            0x08000209   Thumb Code     0  __rtentry2.o(.ARM.Collect$$rtentry$$0000000A)
    __rt_entry_postsh_1                      0x08000209   Thumb Code     0  __rtentry2.o(.ARM.Collect$$rtentry$$00000009)
    __rt_entry_main                          0x0800020d   Thumb Code     0  __rtentry2.o(.ARM.Collect$$rtentry$$0000000D)
    __rt_entry_postli_1                      0x0800020d   Thumb Code     0  __rtentry2.o(.ARM.Collect$$rtentry$$0000000C)
    __rt_exit                                0x08000215   Thumb Code     0  rtexit.o(.ARM.Collect$$rtexit$$00000000)
    __rt_exit_ls                             0x08000217   Thumb Code     0  rtexit2.o(.ARM.Collect$$rtexit$$00000003)
    __rt_exit_prels_1                        0x08000217   Thumb Code     0  rtexit2.o(.ARM.Collect$$rtexit$$00000002)
    __rt_exit_exit                           0x0800021b   Thumb Code     0  rtexit2.o(.ARM.Collect$$rtexit$$00000004)
    Reset_Handler                            0x08000221   Thumb Code     8  startup_stm32f10x_hd.o(.text)
    ADC1_2_IRQHandler                        0x0800023b   Thumb Code     0  startup_stm32f10x_hd.o(.text)
    ADC3_IRQHandler                          0x0800023b   Thumb Code     0  startup_stm32f10x_hd.o(.text)
    CAN1_RX1_IRQHandler                      0x0800023b   Thumb Code     0  startup_stm32f10x_hd.o(.text)
    CAN1_SCE_IRQHandler                      0x0800023b   Thumb Code     0  startup_stm32f10x_hd.o(.text)
    DMA1_Channel1_IRQHandler                 0x0800023b   Thumb Code     0  startup_stm32f10x_hd.o(.text)
    DMA1_Channel2_IRQHandler                 0x0800023b   Thumb Code     0  startup_stm32f10x_hd.o(.text)
    DMA1_Channel3_IRQHandler                 0x0800023b   Thumb Code     0  startup_stm32f10x_hd.o(.text)
    DMA1_Channel4_IRQHandler                 0x0800023b   Thumb Code     0  startup_stm32f10x_hd.o(.text)
    DMA1_Channel5_IRQHandler                 0x0800023b   Thumb Code     0  startup_stm32f10x_hd.o(.text)
    DMA1_Channel6_IRQHandler                 0x0800023b   Thumb Code     0  startup_stm32f10x_hd.o(.text)
    DMA1_Channel7_IRQHandler                 0x0800023b   Thumb Code     0  startup_stm32f10x_hd.o(.text)
    DMA2_Channel1_IRQHandler                 0x0800023b   Thumb Code     0  startup_stm32f10x_hd.o(.text)
    DMA2_Channel2_IRQHandler                 0x0800023b   Thumb Code     0  startup_stm32f10x_hd.o(.text)
    DMA2_Channel3_IRQHandler                 0x0800023b   Thumb Code     0  startup_stm32f10x_hd.o(.text)
    DMA2_Channel4_5_IRQHandler               0x0800023b   Thumb Code     0  startup_stm32f10x_hd.o(.text)
    EXTI0_IRQHandler                         0x0800023b   Thumb Code     0  startup_stm32f10x_hd.o(.text)
    EXTI15_10_IRQHandler                     0x0800023b   Thumb Code     0  startup_stm32f10x_hd.o(.text)
    EXTI1_IRQHandler                         0x0800023b   Thumb Code     0  startup_stm32f10x_hd.o(.text)
    EXTI2_IRQHandler                         0x0800023b   Thumb Code     0  startup_stm32f10x_hd.o(.text)
    EXTI3_IRQHandler                         0x0800023b   Thumb Code     0  startup_stm32f10x_hd.o(.text)
    EXTI4_IRQHandler                         0x0800023b   Thumb Code     0  startup_stm32f10x_hd.o(.text)
    EXTI9_5_IRQHandler                       0x0800023b   Thumb Code     0  startup_stm32f10x_hd.o(.text)
    FLASH_IRQHandler                         0x0800023b   Thumb Code     0  startup_stm32f10x_hd.o(.text)
    FSMC_IRQHandler                          0x0800023b   Thumb Code     0  startup_stm32f10x_hd.o(.text)
    I2C1_ER_IRQHandler                       0x0800023b   Thumb Code     0  startup_stm32f10x_hd.o(.text)
    I2C1_EV_IRQHandler                       0x0800023b   Thumb Code     0  startup_stm32f10x_hd.o(.text)
    I2C2_ER_IRQHandler                       0x0800023b   Thumb Code     0  startup_stm32f10x_hd.o(.text)
    I2C2_EV_IRQHandler                       0x0800023b   Thumb Code     0  startup_stm32f10x_hd.o(.text)
    PVD_IRQHandler                           0x0800023b   Thumb Code     0  startup_stm32f10x_hd.o(.text)
    RCC_IRQHandler                           0x0800023b   Thumb Code     0  startup_stm32f10x_hd.o(.text)
    RTCAlarm_IRQHandler                      0x0800023b   Thumb Code     0  startup_stm32f10x_hd.o(.text)
    RTC_IRQHandler                           0x0800023b   Thumb Code     0  startup_stm32f10x_hd.o(.text)
    SPI1_IRQHandler                          0x0800023b   Thumb Code     0  startup_stm32f10x_hd.o(.text)
    SPI2_IRQHandler                          0x0800023b   Thumb Code     0  startup_stm32f10x_hd.o(.text)
    SPI3_IRQHandler                          0x0800023b   Thumb Code     0  startup_stm32f10x_hd.o(.text)
    TAMPER_IRQHandler                        0x0800023b   Thumb Code     0  startup_stm32f10x_hd.o(.text)
    TIM1_BRK_IRQHandler                      0x0800023b   Thumb Code     0  startup_stm32f10x_hd.o(.text)
    TIM1_CC_IRQHandler                       0x0800023b   Thumb Code     0  startup_stm32f10x_hd.o(.text)
    TIM1_TRG_COM_IRQHandler                  0x0800023b   Thumb Code     0  startup_stm32f10x_hd.o(.text)
    TIM1_UP_IRQHandler                       0x0800023b   Thumb Code     0  startup_stm32f10x_hd.o(.text)
    TIM2_IRQHandler                          0x0800023b   Thumb Code     0  startup_stm32f10x_hd.o(.text)
    TIM3_IRQHandler                          0x0800023b   Thumb Code     0  startup_stm32f10x_hd.o(.text)
    TIM4_IRQHandler                          0x0800023b   Thumb Code     0  startup_stm32f10x_hd.o(.text)
    TIM5_IRQHandler                          0x0800023b   Thumb Code     0  startup_stm32f10x_hd.o(.text)
    TIM6_IRQHandler                          0x0800023b   Thumb Code     0  startup_stm32f10x_hd.o(.text)
    TIM7_IRQHandler                          0x0800023b   Thumb Code     0  startup_stm32f10x_hd.o(.text)
    TIM8_BRK_IRQHandler                      0x0800023b   Thumb Code     0  startup_stm32f10x_hd.o(.text)
    TIM8_CC_IRQHandler                       0x0800023b   Thumb Code     0  startup_stm32f10x_hd.o(.text)
    TIM8_TRG_COM_IRQHandler                  0x0800023b   Thumb Code     0  startup_stm32f10x_hd.o(.text)
    TIM8_UP_IRQHandler                       0x0800023b   Thumb Code     0  startup_stm32f10x_hd.o(.text)
    UART4_IRQHandler                         0x0800023b   Thumb Code     0  startup_stm32f10x_hd.o(.text)
    UART5_IRQHandler                         0x0800023b   Thumb Code     0  startup_stm32f10x_hd.o(.text)
    USART2_IRQHandler                        0x0800023b   Thumb Code     0  startup_stm32f10x_hd.o(.text)
    USART3_IRQHandler                        0x0800023b   Thumb Code     0  startup_stm32f10x_hd.o(.text)
    USB_HP_CAN1_TX_IRQHandler                0x0800023b   Thumb Code     0  startup_stm32f10x_hd.o(.text)
    WWDG_IRQHandler                          0x0800023b   Thumb Code     0  startup_stm32f10x_hd.o(.text)
    __user_initial_stackheap                 0x0800023d   Thumb Code     0  startup_stm32f10x_hd.o(.text)
    __use_no_semihosting                     0x08000261   Thumb Code     2  use_no_semi_2.o(.text)
    __aeabi_uldivmod                         0x08000263   Thumb Code     0  lludivv7m.o(.text)
    _ll_udiv                                 0x08000263   Thumb Code   238  lludivv7m.o(.text)
    __aeabi_ldivmod                          0x08000351   Thumb Code     0  llsdiv.o(.text)
    _ll_sdiv                                 0x08000351   Thumb Code    72  llsdiv.o(.text)
    __2printf                                0x08000399   Thumb Code    20  noretval__2printf.o(.text)
    __printf                                 0x080003b1   Thumb Code   104  __printf.o(.text)
    _printf_str                              0x08000419   Thumb Code    82  _printf_str.o(.text)
    _printf_int_dec                          0x0800046d   Thumb Code   104  _printf_dec.o(.text)
    _printf_int_hex                          0x080004e5   Thumb Code    84  _printf_hex_int.o(.text)
    _printf_longlong_hex                     0x080004e5   Thumb Code     0  _printf_hex_int.o(.text)
    __aeabi_memcpy                           0x0800053d   Thumb Code     0  rt_memcpy_v6.o(.text)
    __rt_memcpy                              0x0800053d   Thumb Code   138  rt_memcpy_v6.o(.text)
    _memcpy_lastbytes                        0x080005a3   Thumb Code     0  rt_memcpy_v6.o(.text)
    __use_two_region_memory                  0x080005c7   Thumb Code     2  heapauxi.o(.text)
    __rt_heap_escrow$2region                 0x080005c9   Thumb Code     2  heapauxi.o(.text)
    __rt_heap_expand$2region                 0x080005cb   Thumb Code     2  heapauxi.o(.text)
    __I$use$semihosting                      0x080005cd   Thumb Code     0  use_no_semi.o(.text)
    __use_no_semihosting_swi                 0x080005cd   Thumb Code     2  use_no_semi.o(.text)
    _printf_int_common                       0x080005cf   Thumb Code   178  _printf_intcommon.o(.text)
    _printf_cs_common                        0x08000681   Thumb Code    20  _printf_char.o(.text)
    _printf_char                             0x08000695   Thumb Code    16  _printf_char.o(.text)
    _printf_string                           0x080006a5   Thumb Code     8  _printf_char.o(.text)
    _printf_char_file                        0x080006ad   Thumb Code    32  _printf_char_file.o(.text)
    __aeabi_memcpy4                          0x080006d1   Thumb Code     0  rt_memcpy_w.o(.text)
    __aeabi_memcpy8                          0x080006d1   Thumb Code     0  rt_memcpy_w.o(.text)
    __rt_memcpy_w                            0x080006d1   Thumb Code   100  rt_memcpy_w.o(.text)
    _memcpy_lastbytes_aligned                0x08000719   Thumb Code     0  rt_memcpy_w.o(.text)
    _printf_char_common                      0x0800073f   Thumb Code    32  _printf_char_common.o(.text)
    ferror                                   0x08000765   Thumb Code     8  ferror.o(.text)
    __user_setup_stackheap                   0x0800076d   Thumb Code    74  sys_stackheap_outer.o(.text)
    exit                                     0x080007b7   Thumb Code    12  exit.o(.text)
    __user_libspace                          0x080007c5   Thumb Code     8  libspace.o(.text)
    __user_perproc_libspace                  0x080007c5   Thumb Code     0  libspace.o(.text)
    __user_perthread_libspace                0x080007c5   Thumb Code     0  libspace.o(.text)
    Bot_Abort                                0x080007cd   Thumb Code    64  usb_bot.o(i.Bot_Abort)
    BusFault_Handler                         0x0800080d   Thumb Code     4  stm32f10x_it.o(i.BusFault_Handler)
    ByteSwap                                 0x08000811   Thumb Code    12  usb_regs.o(i.ByteSwap)
    CBW_Decode                               0x0800081d   Thumb Code   678  usb_bot.o(i.CBW_Decode)
    CTR_LP                                   0x08000ae5   Thumb Code   616  usb_int.o(i.CTR_LP)
    ClearDTOG_RX                             0x08000d6d   Thumb Code    48  usb_regs.o(i.ClearDTOG_RX)
    ClearDTOG_TX                             0x08000da1   Thumb Code    48  usb_regs.o(i.ClearDTOG_TX)
    Clear_Status_Out                         0x08000dd5   Thumb Code    34  usb_regs.o(i.Clear_Status_Out)
    CmdError                                 0x08000dfd   Thumb Code    48  sdio_sdcard.o(i.CmdError)
    CmdResp1Error                            0x08000e2d   Thumb Code    90  sdio_sdcard.o(i.CmdResp1Error)
    CmdResp2Error                            0x08000e8d   Thumb Code    80  sdio_sdcard.o(i.CmdResp2Error)
    CmdResp3Error                            0x08000ee1   Thumb Code    50  sdio_sdcard.o(i.CmdResp3Error)
    CmdResp6Error                            0x08000f19   Thumb Code   140  sdio_sdcard.o(i.CmdResp6Error)
    CmdResp7Error                            0x08000fa9   Thumb Code    70  sdio_sdcard.o(i.CmdResp7Error)
    DMA_Cmd                                  0x08000ff5   Thumb Code    24  stm32f10x_dma.o(i.DMA_Cmd)
    DMA_DeInit                               0x0800100d   Thumb Code   324  stm32f10x_dma.o(i.DMA_DeInit)
    DMA_Init                                 0x08001159   Thumb Code    60  stm32f10x_dma.o(i.DMA_Init)
    DebugMon_Handler                         0x080015a9   Thumb Code     2  stm32f10x_it.o(i.DebugMon_Handler)
    EP1_IN_Callback                          0x080015ab   Thumb Code     8  usb_endp.o(i.EP1_IN_Callback)
    EP2_OUT_Callback                         0x080015b3   Thumb Code     8  usb_endp.o(i.EP2_OUT_Callback)
    EXTI_ClearITPendingBit                   0x080015bd   Thumb Code     6  stm32f10x_exti.o(i.EXTI_ClearITPendingBit)
    Enter_LowPowerMode                       0x080015c9   Thumb Code    16  hw_config.o(i.Enter_LowPowerMode)
    FSMC_NORSRAMCmd                          0x080015f9   Thumb Code    46  stm32f10x_fsmc.o(i.FSMC_NORSRAMCmd)
    FSMC_NORSRAMInit                         0x0800162d   Thumb Code   230  stm32f10x_fsmc.o(i.FSMC_NORSRAMInit)
    FindSCR                                  0x08001715   Thumb Code   386  sdio_sdcard.o(i.FindSCR)
    GPIO_Init                                0x080018a9   Thumb Code   278  stm32f10x_gpio.o(i.GPIO_Init)
    GPIO_SetBits                             0x080019bf   Thumb Code     4  stm32f10x_gpio.o(i.GPIO_SetBits)
    GetEPRxAddr                              0x080019c5   Thumb Code    24  usb_regs.o(i.GetEPRxAddr)
    GetEPRxCount                             0x080019e5   Thumb Code    26  usb_regs.o(i.GetEPRxCount)
    GetEPRxStatus                            0x08001a09   Thumb Code    18  usb_regs.o(i.GetEPRxStatus)
    GetEPTxAddr                              0x08001a21   Thumb Code    22  usb_regs.o(i.GetEPTxAddr)
    Get_Max_Lun                              0x08001a41   Thumb Code    20  usb_prop.o(i.Get_Max_Lun)
    Get_SerialNum                            0x08001a5d   Thumb Code    42  hw_config.o(i.Get_SerialNum)
    HardFault_Handler                        0x08001a91   Thumb Code     4  stm32f10x_it.o(i.HardFault_Handler)
    INTX_DISABLE                             0x08001a95   Thumb Code     4  sys.o(i.INTX_DISABLE)
    INTX_ENABLE                              0x08001a99   Thumb Code     4  sys.o(i.INTX_ENABLE)
    In0_Process                              0x08001a9d   Thumb Code    98  usb_core.o(i.In0_Process)
    IntToUnicode                             0x08001b0d   Thumb Code    62  hw_config.o(i.IntToUnicode)
    IsCardProgramming                        0x08001b4d   Thumb Code   142  sdio_sdcard.o(i.IsCardProgramming)
    LCD_Clear                                0x08001be9   Thumb Code   100  lcd.o(i.LCD_Clear)
    LCD_Display_Dir                          0x08001c55   Thumb Code   444  lcd.o(i.LCD_Display_Dir)
    LCD_Init                                 0x08001e15   Thumb Code 14180  lcd.o(i.LCD_Init)
    LCD_RD_DATA                              0x08005581   Thumb Code    14  lcd.o(i.LCD_RD_DATA)
    LCD_ReadReg                              0x08005595   Thumb Code    22  lcd.o(i.LCD_ReadReg)
    LCD_SSD_BackLightSet                     0x080055ad   Thumb Code    80  lcd.o(i.LCD_SSD_BackLightSet)
    LCD_Scan_Dir                             0x08005601   Thumb Code   744  lcd.o(i.LCD_Scan_Dir)
    LCD_SetCursor                            0x080058ed   Thumb Code   418  lcd.o(i.LCD_SetCursor)
    LCD_WR_DATA                              0x08005a95   Thumb Code     6  lcd.o(i.LCD_WR_DATA)
    LCD_WR_REG                               0x08005aa1   Thumb Code     6  lcd.o(i.LCD_WR_REG)
    LCD_WriteRAM_Prepare                     0x08005aad   Thumb Code    10  lcd.o(i.LCD_WriteRAM_Prepare)
    LCD_WriteReg                             0x08005ac1   Thumb Code    10  lcd.o(i.LCD_WriteReg)
    LED_Init                                 0x08005ad1   Thumb Code    68  led.o(i.LED_Init)
    Leave_LowPowerMode                       0x08005b1d   Thumb Code    30  hw_config.o(i.Leave_LowPowerMode)
    Led_RW_OFF                               0x08005b5d   Thumb Code     8  hw_config.o(i.Led_RW_OFF)
    Led_RW_ON                                0x08005b69   Thumb Code     8  hw_config.o(i.Led_RW_ON)
    MAL_GetStatus                            0x08005b75   Thumb Code    22  mass_mal.o(i.MAL_GetStatus)
    MAL_Read                                 0x08005b8b   Thumb Code    74  mass_mal.o(i.MAL_Read)
    MAL_Write                                0x08005bd5   Thumb Code    74  mass_mal.o(i.MAL_Write)
    MASS_Data_Setup                          0x08005c21   Thumb Code    86  usb_prop.o(i.MASS_Data_Setup)
    MASS_GetConfigDescriptor                 0x08005c81   Thumb Code    14  usb_prop.o(i.MASS_GetConfigDescriptor)
    MASS_GetDeviceDescriptor                 0x08005c95   Thumb Code    14  usb_prop.o(i.MASS_GetDeviceDescriptor)
    MASS_GetStringDescriptor                 0x08005ca9   Thumb Code    32  usb_prop.o(i.MASS_GetStringDescriptor)
    MASS_Get_Interface_Setting               0x08005cd1   Thumb Code    22  usb_prop.o(i.MASS_Get_Interface_Setting)
    MASS_NoData_Setup                        0x08005ce9   Thumb Code    76  usb_prop.o(i.MASS_NoData_Setup)
    MASS_Reset                               0x08005d45   Thumb Code   208  usb_prop.o(i.MASS_Reset)
    MASS_Status_In                           0x08005e35   Thumb Code     2  usb_prop.o(i.MASS_Status_In)
    MASS_Status_Out                          0x08005e37   Thumb Code     2  usb_prop.o(i.MASS_Status_Out)
    MASS_init                                0x08005e39   Thumb Code    30  usb_prop.o(i.MASS_init)
    Mass_Storage_ClearFeature                0x08005e61   Thumb Code    20  usb_prop.o(i.Mass_Storage_ClearFeature)
    Mass_Storage_In                          0x08005e7d   Thumb Code   146  usb_bot.o(i.Mass_Storage_In)
    Mass_Storage_Out                         0x08005f25   Thumb Code   144  usb_bot.o(i.Mass_Storage_Out)
    Mass_Storage_SetConfiguration            0x08005fd1   Thumb Code    36  usb_prop.o(i.Mass_Storage_SetConfiguration)
    Mass_Storage_SetDeviceAddress            0x08006001   Thumb Code     8  usb_prop.o(i.Mass_Storage_SetDeviceAddress)
    MemManage_Handler                        0x0800600d   Thumb Code     4  stm32f10x_it.o(i.MemManage_Handler)
    NMI_Handler                              0x08006011   Thumb Code     2  stm32f10x_it.o(i.NMI_Handler)
    NOP_Process                              0x08006013   Thumb Code     2  usb_core.o(i.NOP_Process)
    NVIC_Init                                0x08006015   Thumb Code   100  misc.o(i.NVIC_Init)
    NVIC_PriorityGroupConfig                 0x08006085   Thumb Code    10  misc.o(i.NVIC_PriorityGroupConfig)
    Out0_Process                             0x080061d1   Thumb Code    70  usb_core.o(i.Out0_Process)
    PMAToUserBufferCopy                      0x08006221   Thumb Code    34  usb_mem.o(i.PMAToUserBufferCopy)
    PendSV_Handler                           0x08006249   Thumb Code     2  stm32f10x_it.o(i.PendSV_Handler)
    Post0_Process                            0x0800624d   Thumb Code    54  usb_core.o(i.Post0_Process)
    PowerOn                                  0x08006295   Thumb Code    54  usb_pwr.o(i.PowerOn)
    RCC_AHBPeriphClockCmd                    0x080062d5   Thumb Code    26  stm32f10x_rcc.o(i.RCC_AHBPeriphClockCmd)
    RCC_APB1PeriphClockCmd                   0x080062f5   Thumb Code    26  stm32f10x_rcc.o(i.RCC_APB1PeriphClockCmd)
    RCC_APB2PeriphClockCmd                   0x08006315   Thumb Code    26  stm32f10x_rcc.o(i.RCC_APB2PeriphClockCmd)
    RCC_GetClocksFreq                        0x08006335   Thumb Code   192  stm32f10x_rcc.o(i.RCC_GetClocksFreq)
    Read_Memory                              0x08006409   Thumb Code   302  memory.o(i.Read_Memory)
    Resume                                   0x08006561   Thumb Code   194  usb_pwr.o(i.Resume)
    Resume_Init                              0x08006631   Thumb Code    30  usb_pwr.o(i.Resume_Init)
    SCSI_Address_Management                  0x08006655   Thumb Code   126  usb_scsi.o(i.SCSI_Address_Management)
    SCSI_Format_Cmd                          0x080066e1   Thumb Code    44  usb_scsi.o(i.SCSI_Format_Cmd)
    SCSI_Inquiry_Cmd                         0x08006711   Thumb Code    54  usb_scsi.o(i.SCSI_Inquiry_Cmd)
    SCSI_Invalid_Cmd                         0x08006759   Thumb Code    64  usb_scsi.o(i.SCSI_Invalid_Cmd)
    SCSI_ModeSense10_Cmd                     0x0800679d   Thumb Code    14  usb_scsi.o(i.SCSI_ModeSense10_Cmd)
    SCSI_ModeSense6_Cmd                      0x080067b1   Thumb Code    14  usb_scsi.o(i.SCSI_ModeSense6_Cmd)
    SCSI_Read10_Cmd                          0x080067c5   Thumb Code   110  usb_scsi.o(i.SCSI_Read10_Cmd)
    SCSI_ReadCapacity10_Cmd                  0x0800683d   Thumb Code   138  usb_scsi.o(i.SCSI_ReadCapacity10_Cmd)
    SCSI_ReadFormatCapacity_Cmd              0x080068d9   Thumb Code   120  usb_scsi.o(i.SCSI_ReadFormatCapacity_Cmd)
    SCSI_RequestSense_Cmd                    0x08006961   Thumb Code    30  usb_scsi.o(i.SCSI_RequestSense_Cmd)
    SCSI_Start_Stop_Unit_Cmd                 0x08006989   Thumb Code    14  usb_scsi.o(i.SCSI_Start_Stop_Unit_Cmd)
    SCSI_TestUnitReady_Cmd                   0x08006999   Thumb Code    52  usb_scsi.o(i.SCSI_TestUnitReady_Cmd)
    SCSI_Verify10_Cmd                        0x080069d1   Thumb Code    58  usb_scsi.o(i.SCSI_Verify10_Cmd)
    SCSI_Write10_Cmd                         0x08006a11   Thumb Code   110  usb_scsi.o(i.SCSI_Write10_Cmd)
    SDEnWideBus                              0x08006a89   Thumb Code   158  sdio_sdcard.o(i.SDEnWideBus)
    SDIO_ClearFlag                           0x08006b35   Thumb Code     6  stm32f10x_sdio.o(i.SDIO_ClearFlag)
    SDIO_ClockCmd                            0x08006b41   Thumb Code     6  stm32f10x_sdio.o(i.SDIO_ClockCmd)
    SDIO_Clock_Set                           0x08006b4d   Thumb Code    16  sdio_sdcard.o(i.SDIO_Clock_Set)
    SDIO_DMACmd                              0x08006b61   Thumb Code     6  stm32f10x_sdio.o(i.SDIO_DMACmd)
    SDIO_DataConfig                          0x08006b6d   Thumb Code    42  stm32f10x_sdio.o(i.SDIO_DataConfig)
    SDIO_DeInit                              0x08006b9d   Thumb Code    28  stm32f10x_sdio.o(i.SDIO_DeInit)
    SDIO_GetFlagStatus                       0x08006bc1   Thumb Code    20  stm32f10x_sdio.o(i.SDIO_GetFlagStatus)
    SDIO_GetPowerState                       0x08006bd9   Thumb Code    10  stm32f10x_sdio.o(i.SDIO_GetPowerState)
    SDIO_IRQHandler                          0x08006be9   Thumb Code     8  sdio_sdcard.o(i.SDIO_IRQHandler)
    SDIO_Init                                0x08006bf1   Thumb Code    42  stm32f10x_sdio.o(i.SDIO_Init)
    SDIO_ReadData                            0x08006c21   Thumb Code     6  stm32f10x_sdio.o(i.SDIO_ReadData)
    SDIO_SendCommand                         0x08006c2d   Thumb Code    38  stm32f10x_sdio.o(i.SDIO_SendCommand)
    SDIO_SetPowerState                       0x08006c59   Thumb Code    22  stm32f10x_sdio.o(i.SDIO_SetPowerState)
    SDIO_WriteData                           0x08006c75   Thumb Code     6  stm32f10x_sdio.o(i.SDIO_WriteData)
    SD_DMA_Config                            0x08006c81   Thumb Code    94  sdio_sdcard.o(i.SD_DMA_Config)
    SD_EnableWideBusOperation                0x08006ce9   Thumb Code    94  sdio_sdcard.o(i.SD_EnableWideBusOperation)
    SD_GetCardInfo                           0x08006d51   Thumb Code   772  sdio_sdcard.o(i.SD_GetCardInfo)
    SD_Init                                  0x08007065   Thumb Code   238  sdio_sdcard.o(i.SD_Init)
    SD_InitializeCards                       0x08007165   Thumb Code   316  sdio_sdcard.o(i.SD_InitializeCards)
    SD_PowerON                               0x080072b9   Thumb Code   450  sdio_sdcard.o(i.SD_PowerON)
    SD_ProcessIRQSrc                         0x08007495   Thumb Code   296  sdio_sdcard.o(i.SD_ProcessIRQSrc)
    SD_ReadBlock                             0x080075d1   Thumb Code   558  sdio_sdcard.o(i.SD_ReadBlock)
    SD_ReadDisk                              0x08007829   Thumb Code   148  sdio_sdcard.o(i.SD_ReadDisk)
    SD_ReadMultiBlocks                       0x080078c1   Thumb Code   698  sdio_sdcard.o(i.SD_ReadMultiBlocks)
    SD_SelectDeselect                        0x08007ba9   Thumb Code    42  sdio_sdcard.o(i.SD_SelectDeselect)
    SD_SetDeviceMode                         0x08007bd9   Thumb Code    20  sdio_sdcard.o(i.SD_SetDeviceMode)
    SD_WriteBlock                            0x08007bf1   Thumb Code   844  sdio_sdcard.o(i.SD_WriteBlock)
    SD_WriteDisk                             0x08007f65   Thumb Code   148  sdio_sdcard.o(i.SD_WriteDisk)
    SD_WriteMultiBlocks                      0x08007ffd   Thumb Code   920  sdio_sdcard.o(i.SD_WriteMultiBlocks)
    SPI2_Init                                0x080083bd   Thumb Code   140  spi.o(i.SPI2_Init)
    SPI2_ReadWriteByte                       0x08008451   Thumb Code    78  spi.o(i.SPI2_ReadWriteByte)
    SPI2_SetSpeed                            0x080084a5   Thumb Code    36  spi.o(i.SPI2_SetSpeed)
    SPI_Cmd                                  0x080084cd   Thumb Code    24  stm32f10x_spi.o(i.SPI_Cmd)
    SPI_I2S_GetFlagStatus                    0x080084e5   Thumb Code    18  stm32f10x_spi.o(i.SPI_I2S_GetFlagStatus)
    SPI_I2S_ReceiveData                      0x080084f7   Thumb Code     6  stm32f10x_spi.o(i.SPI_I2S_ReceiveData)
    SPI_I2S_SendData                         0x080084fd   Thumb Code     4  stm32f10x_spi.o(i.SPI_I2S_SendData)
    SPI_Init                                 0x08008501   Thumb Code    60  stm32f10x_spi.o(i.SPI_Init)
    SVC_Handler                              0x0800853d   Thumb Code     2  stm32f10x_it.o(i.SVC_Handler)
    SetBTABLE                                0x08008541   Thumb Code    12  usb_regs.o(i.SetBTABLE)
    SetDeviceAddress                         0x08008551   Thumb Code    68  usb_core.o(i.SetDeviceAddress)
    SetEPRxAddr                              0x080085a1   Thumb Code    26  usb_regs.o(i.SetEPRxAddr)
    SetEPRxCount                             0x080085c5   Thumb Code    68  usb_regs.o(i.SetEPRxCount)
    SetEPRxStatus                            0x08008611   Thumb Code    60  usb_regs.o(i.SetEPRxStatus)
    SetEPRxValid                             0x08008651   Thumb Code    48  usb_regs.o(i.SetEPRxValid)
    SetEPTxAddr                              0x08008685   Thumb Code    24  usb_regs.o(i.SetEPTxAddr)
    SetEPTxCount                             0x080086a5   Thumb Code    20  usb_regs.o(i.SetEPTxCount)
    SetEPTxStatus                            0x080086c1   Thumb Code    60  usb_regs.o(i.SetEPTxStatus)
    SetEPType                                0x08008701   Thumb Code    32  usb_regs.o(i.SetEPType)
    Set_CSW                                  0x0800880d   Thumb Code    46  usb_bot.o(i.Set_CSW)
    Set_Scsi_Sense_Data                      0x08008849   Thumb Code     8  usb_scsi.o(i.Set_Scsi_Sense_Data)
    Setup0_Process                           0x08008855   Thumb Code   170  usb_core.o(i.Setup0_Process)
    Standard_ClearFeature                    0x0800890d   Thumb Code   342  usb_core.o(i.Standard_ClearFeature)
    Standard_GetConfiguration                0x08008a79   Thumb Code    34  usb_core.o(i.Standard_GetConfiguration)
    Standard_GetDescriptorData               0x08008aa5   Thumb Code    32  usb_core.o(i.Standard_GetDescriptorData)
    Standard_GetInterface                    0x08008ac9   Thumb Code    34  usb_core.o(i.Standard_GetInterface)
    Standard_GetStatus                       0x08008af5   Thumb Code   238  usb_core.o(i.Standard_GetStatus)
    Standard_SetConfiguration                0x08008bf5   Thumb Code    60  usb_core.o(i.Standard_SetConfiguration)
    Standard_SetDeviceFeature                0x08008c3d   Thumb Code    30  usb_core.o(i.Standard_SetDeviceFeature)
    Standard_SetEndPointFeature              0x08008c65   Thumb Code   192  usb_core.o(i.Standard_SetEndPointFeature)
    Standard_SetInterface                    0x08008d35   Thumb Code    96  usb_core.o(i.Standard_SetInterface)
    Suspend                                  0x08008da1   Thumb Code   142  usb_pwr.o(i.Suspend)
    SysTick_CLKSourceConfig                  0x08008e3d   Thumb Code    40  misc.o(i.SysTick_CLKSourceConfig)
    SysTick_Handler                          0x08008e65   Thumb Code     2  stm32f10x_it.o(i.SysTick_Handler)
    SystemInit                               0x08008e69   Thumb Code    78  system_stm32f10x.o(i.SystemInit)
    Transfer_Data_Request                    0x08008ec9   Thumb Code    46  usb_bot.o(i.Transfer_Data_Request)
    USART1_IRQHandler                        0x08008f01   Thumb Code   122  usart.o(i.USART1_IRQHandler)
    USART_Cmd                                0x08008f89   Thumb Code    24  stm32f10x_usart.o(i.USART_Cmd)
    USART_GetITStatus                        0x08008fa1   Thumb Code    84  stm32f10x_usart.o(i.USART_GetITStatus)
    USART_ITConfig                           0x08008ff5   Thumb Code    74  stm32f10x_usart.o(i.USART_ITConfig)
    USART_Init                               0x08009041   Thumb Code   210  stm32f10x_usart.o(i.USART_Init)
    USART_ReceiveData                        0x08009119   Thumb Code    10  stm32f10x_usart.o(i.USART_ReceiveData)
    USBWakeUp_IRQHandler                     0x08009123   Thumb Code    12  hw_config.o(i.USBWakeUp_IRQHandler)
    USB_Cable_Config                         0x08009131   Thumb Code    22  hw_config.o(i.USB_Cable_Config)
    USB_Istr                                 0x08009179   Thumb Code   222  usb_istr.o(i.USB_Istr)
    USB_LP_CAN1_RX0_IRQHandler               0x08009271   Thumb Code     8  hw_config.o(i.USB_LP_CAN1_RX0_IRQHandler)
    USB_NotConfigured_LED                    0x08009279   Thumb Code    10  hw_config.o(i.USB_NotConfigured_LED)
    USB_SIL_Init                             0x08009299   Thumb Code    28  usb_sil.o(i.USB_SIL_Init)
    USB_SIL_Read                             0x080092bd   Thumb Code    46  usb_sil.o(i.USB_SIL_Read)
    USB_SIL_Write                            0x080092eb   Thumb Code    46  usb_sil.o(i.USB_SIL_Write)
    UsageFault_Handler                       0x08009319   Thumb Code     4  stm32f10x_it.o(i.UsageFault_Handler)
    UserToPMABufferCopy                      0x0800931d   Thumb Code    52  usb_mem.o(i.UserToPMABufferCopy)
    W25QXX_Erase_Sector                      0x08009355   Thumb Code    70  w25qxx.o(i.W25QXX_Erase_Sector)
    W25QXX_Init                              0x080093ad   Thumb Code    74  w25qxx.o(i.W25QXX_Init)
    W25QXX_Read                              0x08009405   Thumb Code    74  w25qxx.o(i.W25QXX_Read)
    W25QXX_ReadID                            0x08009455   Thumb Code    64  w25qxx.o(i.W25QXX_ReadID)
    W25QXX_ReadSR                            0x0800949d   Thumb Code    36  w25qxx.o(i.W25QXX_ReadSR)
    W25QXX_Wait_Busy                         0x080094c9   Thumb Code    18  w25qxx.o(i.W25QXX_Wait_Busy)
    W25QXX_Write                             0x080094dd   Thumb Code   180  w25qxx.o(i.W25QXX_Write)
    W25QXX_Write_Enable                      0x08009595   Thumb Code    24  w25qxx.o(i.W25QXX_Write_Enable)
    W25QXX_Write_NoCheck                     0x080095b5   Thumb Code    70  w25qxx.o(i.W25QXX_Write_NoCheck)
    W25QXX_Write_Page                        0x080095fd   Thumb Code    80  w25qxx.o(i.W25QXX_Write_Page)
    Write_Memory                             0x08009651   Thumb Code   344  memory.o(i.Write_Memory)
    _sys_exit                                0x080097d9   Thumb Code     4  usart.o(i._sys_exit)
    clust2sect                               0x080098b3   Thumb Code    26  ff.o(i.clust2sect)
    convert_from_bytes_to_power_of_two       0x0800995d   Thumb Code    18  sdio_sdcard.o(i.convert_from_bytes_to_power_of_two)
    delay_init                               0x08009cb5   Thumb Code    50  delay.o(i.delay_init)
    delay_ms                                 0x08009cf9   Thumb Code    72  delay.o(i.delay_ms)
    delay_us                                 0x08009d45   Thumb Code    72  delay.o(i.delay_us)
    dir_sdi                                  0x0800a1d5   Thumb Code   158  ff.o(i.dir_sdi)
    disk_initialize                          0x0800a275   Thumb Code    52  diskio.o(i.disk_initialize)
    disk_ioctl                               0x0800a2ad   Thumb Code   170  diskio.o(i.disk_ioctl)
    disk_read                                0x0800a361   Thumb Code   122  diskio.o(i.disk_read)
    disk_status                              0x0800a3db   Thumb Code     6  diskio.o(i.disk_status)
    disk_write                               0x0800a3e1   Thumb Code   122  diskio.o(i.disk_write)
    exf_getfree                              0x0800a45b   Thumb Code    74  exfuns.o(i.exf_getfree)
    exfuns_init                              0x0800a4a5   Thumb Code   114  exfuns.o(i.exfuns_init)
    f_close                                  0x0800a529   Thumb Code    32  ff.o(i.f_close)
    f_getfree                                0x0800a549   Thumb Code   258  ff.o(i.f_getfree)
    f_mkfs                                   0x0800a64d   Thumb Code  1582  ff.o(i.f_mkfs)
    f_mount                                  0x0800ac95   Thumb Code    86  ff.o(i.f_mount)
    f_open                                   0x0800acf1   Thumb Code   384  ff.o(i.f_open)
    f_read                                   0x0800ae71   Thumb Code   432  ff.o(i.f_read)
    f_setlabel                               0x0800b021   Thumb Code   482  ff.o(i.f_setlabel)
    f_sync                                   0x0800b215   Thumb Code   176  ff.o(i.f_sync)
    f_write                                  0x0800b2c5   Thumb Code   490  ff.o(i.f_write)
    ff_convert                               0x0800b4b1   Thumb Code   116  cc936.o(i.ff_convert)
    ff_memalloc                              0x0800b52d   Thumb Code    14  diskio.o(i.ff_memalloc)
    ff_memfree                               0x0800b53b   Thumb Code    14  diskio.o(i.ff_memfree)
    ff_wtoupper                              0x0800b549   Thumb Code    46  cc936.o(i.ff_wtoupper)
    fputc                                    0x0800ba25   Thumb Code    24  usart.o(i.fputc)
    get_fat                                  0x0800bb0d   Thumb Code   242  ff.o(i.get_fat)
    get_fattime                              0x0800bbff   Thumb Code     4  diskio.o(i.get_fattime)
    main                                     0x0800bc6d   Thumb Code   456  main.o(i.main)
    my_mem_free                              0x0800bff9   Thumb Code    96  malloc.o(i.my_mem_free)
    my_mem_init                              0x0800c065   Thumb Code    54  malloc.o(i.my_mem_init)
    my_mem_malloc                            0x0800c0a9   Thumb Code   156  malloc.o(i.my_mem_malloc)
    my_mem_perused                           0x0800c151   Thumb Code    54  malloc.o(i.my_mem_perused)
    myfree                                   0x0800c191   Thumb Code    30  malloc.o(i.myfree)
    mymalloc                                 0x0800c1b5   Thumb Code    34  malloc.o(i.mymalloc)
    mymemset                                 0x0800c1dd   Thumb Code    20  malloc.o(i.mymemset)
    put_fat                                  0x0800c265   Thumb Code   322  ff.o(i.put_fat)
    uart_init                                0x0800c55d   Thumb Code   152  usart.o(i.uart_init)
    __aeabi_d2uiz                            0x0800c635   Thumb Code     0  dfixu.o(x$fpl$dfixu)
    _dfixu                                   0x0800c635   Thumb Code    90  dfixu.o(x$fpl$dfixu)
    __aeabi_ui2d                             0x0800c68f   Thumb Code     0  dflt_clz.o(x$fpl$dfltu)
    _dfltu                                   0x0800c68f   Thumb Code    38  dflt_clz.o(x$fpl$dfltu)
    __aeabi_dmul                             0x0800c6b5   Thumb Code     0  dmul.o(x$fpl$dmul)
    _dmul                                    0x0800c6b5   Thumb Code   332  dmul.o(x$fpl$dmul)
    __fpl_dnaninf                            0x0800c809   Thumb Code   156  dnaninf.o(x$fpl$dnaninf)
    __fpl_dretinf                            0x0800c8a5   Thumb Code    12  dretinf.o(x$fpl$dretinf)
    __I$use$fp                               0x0800c8b0   Number         0  usenofp.o(x$fpl$usenofp)
    memtblsize                               0x0800c8b0   Data           8  malloc.o(.constdata)
    memblksize                               0x0800c8b8   Data           8  malloc.o(.constdata)
    memsize                                  0x0800c8c0   Data           8  malloc.o(.constdata)
    MASS_DeviceDescriptor                    0x0800c8c8   Data          18  usb_desc.o(.constdata)
    MASS_ConfigDescriptor                    0x0800c8da   Data          32  usb_desc.o(.constdata)
    MASS_StringLangID                        0x0800c8fa   Data           4  usb_desc.o(.constdata)
    MASS_StringVendor                        0x0800c8fe   Data          38  usb_desc.o(.constdata)
    MASS_StringProduct                       0x0800c924   Data          38  usb_desc.o(.constdata)
    MASS_StringInterface                     0x0800c94a   Data          16  usb_desc.o(.constdata)
    Region$$Table$$Base                      0x080376dc   Number         0  anon$$obj.o(Region$$Table)
    Region$$Table$$Limit                     0x080376fc   Number         0  anon$$obj.o(Region$$Table)
    SystemCoreClock                          0x20000000   Data           4  system_stm32f10x.o(.data)
    AHBPrescTable                            0x20000004   Data          16  system_stm32f10x.o(.data)
    W25QXX_TYPE                              0x20000014   Data           2  w25qxx.o(.data)
    TransferError                            0x20000022   Data           1  sdio_sdcard.o(.data)
    TransferEnd                              0x20000023   Data           1  sdio_sdcard.o(.data)
    tempbuff                                 0x20000024   Data           4  sdio_sdcard.o(.data)
    __stdout                                 0x2000002c   Data           4  usart.o(.data)
    USART_RX_STA                             0x20000030   Data           2  usart.o(.data)
    mallco_dev                               0x20000048   Data          28  malloc.o(.data)
    StatusInfo                               0x20000064   Data           2  usb_core.o(.data)
    Data_Mul_MaxPacketSize                   0x20000066   Data           1  usb_core.o(.data)
    EPindex                                  0x20000068   Data           1  usb_init.o(.data)
    pInformation                             0x2000006c   Data           4  usb_init.o(.data)
    pProperty                                0x20000070   Data           4  usb_init.o(.data)
    SaveState                                0x20000074   Data           2  usb_init.o(.data)
    wInterrupt_Mask                          0x20000076   Data           2  usb_init.o(.data)
    pUser_Standard_Requests                  0x20000078   Data           4  usb_init.o(.data)
    SaveRState                               0x2000007c   Data           2  usb_int.o(.data)
    SaveTState                               0x2000007e   Data           2  usb_int.o(.data)
    Mass_Block_Size                          0x20000080   Data           8  mass_mal.o(.data)
    Mass_Block_Count                         0x20000088   Data           8  mass_mal.o(.data)
    Block_Read_count                         0x20000090   Data           4  memory.o(.data)
    Block_offset                             0x20000094   Data           4  memory.o(.data)
    Counter                                  0x20000098   Data           4  memory.o(.data)
    Idx                                      0x2000009c   Data           4  memory.o(.data)
    Data_Buffer                              0x200000a0   Data           4  memory.o(.data)
    TransferState                            0x200000a4   Data           1  memory.o(.data)
    USB_STATUS_REG                           0x200000a5   Data           1  memory.o(.data)
    Page00_Inquiry_Data                      0x200000c8   Data           5  scsi_data.o(.data)
    Standard_Inquiry_Data                    0x200000cd   Data          36  scsi_data.o(.data)
    Standard_Inquiry_Data2                   0x200000f1   Data          37  scsi_data.o(.data)
    Mode_Sense6_data                         0x20000116   Data           4  scsi_data.o(.data)
    Mode_Sense10_data                        0x2000011a   Data           8  scsi_data.o(.data)
    Scsi_Sense_Data                          0x20000122   Data          18  scsi_data.o(.data)
    ReadCapacity10_Data                      0x20000134   Data           8  scsi_data.o(.data)
    ReadFormatCapacity_Data                  0x2000013c   Data          12  scsi_data.o(.data)
    Bot_State                                0x20000148   Data           1  usb_bot.o(.data)
    Bulk_Data_Buff                           0x2000014c   Data           4  usb_bot.o(.data)
    Data_Len                                 0x20000150   Data           2  usb_bot.o(.data)
    SCSI_LBA                                 0x20000154   Data           4  usb_bot.o(.data)
    SCSI_BlkLen                              0x20000158   Data           4  usb_bot.o(.data)
    MASS_StringSerial                        0x2000015c   Data          26  usb_desc.o(.data)
    wIstr                                    0x20000178   Data           2  usb_istr.o(.data)
    bIntPackSOF                              0x2000017a   Data           1  usb_istr.o(.data)
    pEpInt_IN                                0x2000017c   Data          28  usb_istr.o(.data)
    pEpInt_OUT                               0x20000198   Data          28  usb_istr.o(.data)
    Max_Lun                                  0x200001b4   Data           1  usb_prop.o(.data)
    Device_Table                             0x200001b5   Data           2  usb_prop.o(.data)
    Device_Property                          0x200001b8   Data          48  usb_prop.o(.data)
    User_Standard_Requests                   0x200001e8   Data          36  usb_prop.o(.data)
    Device_Descriptor                        0x2000020c   Data           8  usb_prop.o(.data)
    Config_Descriptor                        0x20000214   Data           8  usb_prop.o(.data)
    String_Descriptor                        0x2000021c   Data          40  usb_prop.o(.data)
    bDeviceState                             0x20000244   Data           4  usb_pwr.o(.data)
    fSuspendEnabled                          0x20000248   Data           1  usb_pwr.o(.data)
    ResumeS                                  0x20000249   Data           2  usb_pwr.o(.data)
    remotewakeupon                           0x2000024c   Data           4  usb_pwr.o(.data)
    FLASH_SECTOR_COUNT                       0x20000250   Data           2  diskio.o(.data)
    fs                                       0x20000260   Data           8  exfuns.o(.data)
    file                                     0x20000268   Data           4  exfuns.o(.data)
    ftemp                                    0x2000026c   Data           4  exfuns.o(.data)
    br                                       0x20000270   Data           4  exfuns.o(.data)
    bw                                       0x20000274   Data           4  exfuns.o(.data)
    fatbuf                                   0x20000278   Data           4  exfuns.o(.data)
    lcddev                                   0x2000027c   Data          14  lcd.o(.bss)
    W25QXX_BUFFER                            0x2000028a   Data        4096  w25qxx.o(.bss)
    SDIO_InitStructure                       0x20001290   Data          24  sdio_sdcard.o(.bss)
    SDIO_CmdInitStructure                    0x200012a8   Data          20  sdio_sdcard.o(.bss)
    SDIO_DataInitStructure                   0x200012bc   Data          24  sdio_sdcard.o(.bss)
    SDCardInfo                               0x200012f8   Data          88  sdio_sdcard.o(.bss)
    SDIO_DATA_BUFFER                         0x20001350   Data         512  sdio_sdcard.o(.bss)
    USART_RX_BUF                             0x20001550   Data         200  usart.o(.bss)
    mem1base                                 0x20001620   Data       40960  malloc.o(.bss)
    mem1mapbase                              0x2000b620   Data        2560  malloc.o(.bss)
    Device_Info                              0x2000c020   Data          28  usb_init.o(.bss)
    CBW                                      0x2000c03c   Data          32  usb_bot.o(.bss)
    CSW                                      0x2000c05c   Data          16  usb_bot.o(.bss)
    EP                                       0x2000c06c   Data          32  usb_pwr.o(.bss)
    __libspace_start                         0x2000c08c   Data          96  libspace.o(.bss)
    __temporary_stack_top$libspace           0x2000c0ec   Data           0  libspace.o(.bss)
    mem2base                                 0x68000000   Data          32  malloc.o(.ARM.__AT_0x68000000)
    mem2mapbase                              0x68000020   Data           2  malloc.o(.ARM.__AT_0x68000020)



==============================================================================

Memory Map of the image

  Image Entry point : 0x08000131

  Load Region LR_IROM1 (Base: 0x08000000, Size: 0x00037978, Max: 0x00080000, ABSOLUTE, COMPRESSED[0x000377e4])

    Execution Region ER_IROM1 (Base: 0x08000000, Size: 0x000376fc, Max: 0x00080000, ABSOLUTE)

    Base Addr    Size         Type   Attr      Idx    E Section Name        Object

    0x08000000   0x00000130   Data   RO         1011    RESET               startup_stm32f10x_hd.o
    0x08000130   0x00000008   Code   RO         4534  * !!!main             c_w.l(__main.o)
    0x08000138   0x00000034   Code   RO         4734    !!!scatter          c_w.l(__scatter.o)
    0x0800016c   0x0000005a   Code   RO         4732    !!dczerorl2         c_w.l(__dczerorl2.o)
    0x080001c6   0x00000002   PAD
    0x080001c8   0x0000001c   Code   RO         4736    !!handler_zi        c_w.l(__scatter_zi.o)
    0x080001e4   0x00000000   Code   RO         4525    .ARM.Collect$$_printf_percent$$00000000  c_w.l(_printf_percent.o)
    0x080001e4   0x00000006   Code   RO         4524    .ARM.Collect$$_printf_percent$$00000009  c_w.l(_printf_d.o)
    0x080001ea   0x00000006   Code   RO         4523    .ARM.Collect$$_printf_percent$$0000000C  c_w.l(_printf_x.o)
    0x080001f0   0x00000006   Code   RO         4522    .ARM.Collect$$_printf_percent$$00000014  c_w.l(_printf_s.o)
    0x080001f6   0x00000004   Code   RO         4561    .ARM.Collect$$_printf_percent$$00000017  c_w.l(_printf_percent_end.o)
    0x080001fa   0x00000002   Code   RO         4607    .ARM.Collect$$libinit$$00000000  c_w.l(libinit.o)
    0x080001fc   0x00000000   Code   RO         4620    .ARM.Collect$$libinit$$00000002  c_w.l(libinit2.o)
    0x080001fc   0x00000000   Code   RO         4622    .ARM.Collect$$libinit$$00000004  c_w.l(libinit2.o)
    0x080001fc   0x00000000   Code   RO         4625    .ARM.Collect$$libinit$$0000000A  c_w.l(libinit2.o)
    0x080001fc   0x00000000   Code   RO         4627    .ARM.Collect$$libinit$$0000000C  c_w.l(libinit2.o)
    0x080001fc   0x00000000   Code   RO         4629    .ARM.Collect$$libinit$$0000000E  c_w.l(libinit2.o)
    0x080001fc   0x00000000   Code   RO         4632    .ARM.Collect$$libinit$$00000011  c_w.l(libinit2.o)
    0x080001fc   0x00000000   Code   RO         4634    .ARM.Collect$$libinit$$00000013  c_w.l(libinit2.o)
    0x080001fc   0x00000000   Code   RO         4636    .ARM.Collect$$libinit$$00000015  c_w.l(libinit2.o)
    0x080001fc   0x00000000   Code   RO         4638    .ARM.Collect$$libinit$$00000017  c_w.l(libinit2.o)
    0x080001fc   0x00000000   Code   RO         4640    .ARM.Collect$$libinit$$00000019  c_w.l(libinit2.o)
    0x080001fc   0x00000000   Code   RO         4642    .ARM.Collect$$libinit$$0000001B  c_w.l(libinit2.o)
    0x080001fc   0x00000000   Code   RO         4644    .ARM.Collect$$libinit$$0000001D  c_w.l(libinit2.o)
    0x080001fc   0x00000000   Code   RO         4646    .ARM.Collect$$libinit$$0000001F  c_w.l(libinit2.o)
    0x080001fc   0x00000000   Code   RO         4648    .ARM.Collect$$libinit$$00000021  c_w.l(libinit2.o)
    0x080001fc   0x00000000   Code   RO         4650    .ARM.Collect$$libinit$$00000023  c_w.l(libinit2.o)
    0x080001fc   0x00000000   Code   RO         4652    .ARM.Collect$$libinit$$00000025  c_w.l(libinit2.o)
    0x080001fc   0x00000000   Code   RO         4656    .ARM.Collect$$libinit$$0000002C  c_w.l(libinit2.o)
    0x080001fc   0x00000000   Code   RO         4658    .ARM.Collect$$libinit$$0000002E  c_w.l(libinit2.o)
    0x080001fc   0x00000000   Code   RO         4660    .ARM.Collect$$libinit$$00000030  c_w.l(libinit2.o)
    0x080001fc   0x00000000   Code   RO         4662    .ARM.Collect$$libinit$$00000032  c_w.l(libinit2.o)
    0x080001fc   0x00000002   Code   RO         4663    .ARM.Collect$$libinit$$00000033  c_w.l(libinit2.o)
    0x080001fe   0x00000002   Code   RO         4689    .ARM.Collect$$libshutdown$$00000000  c_w.l(libshutdown.o)
    0x08000200   0x00000000   Code   RO         4717    .ARM.Collect$$libshutdown$$00000003  c_w.l(libshutdown2.o)
    0x08000200   0x00000000   Code   RO         4720    .ARM.Collect$$libshutdown$$00000006  c_w.l(libshutdown2.o)
    0x08000200   0x00000000   Code   RO         4723    .ARM.Collect$$libshutdown$$00000009  c_w.l(libshutdown2.o)
    0x08000200   0x00000000   Code   RO         4725    .ARM.Collect$$libshutdown$$0000000B  c_w.l(libshutdown2.o)
    0x08000200   0x00000000   Code   RO         4728    .ARM.Collect$$libshutdown$$0000000E  c_w.l(libshutdown2.o)
    0x08000200   0x00000002   Code   RO         4729    .ARM.Collect$$libshutdown$$0000000F  c_w.l(libshutdown2.o)
    0x08000202   0x00000000   Code   RO         4550    .ARM.Collect$$rtentry$$00000000  c_w.l(__rtentry.o)
    0x08000202   0x00000000   Code   RO         4570    .ARM.Collect$$rtentry$$00000002  c_w.l(__rtentry2.o)
    0x08000202   0x00000006   Code   RO         4582    .ARM.Collect$$rtentry$$00000004  c_w.l(__rtentry4.o)
    0x08000208   0x00000000   Code   RO         4572    .ARM.Collect$$rtentry$$00000009  c_w.l(__rtentry2.o)
    0x08000208   0x00000004   Code   RO         4573    .ARM.Collect$$rtentry$$0000000A  c_w.l(__rtentry2.o)
    0x0800020c   0x00000000   Code   RO         4575    .ARM.Collect$$rtentry$$0000000C  c_w.l(__rtentry2.o)
    0x0800020c   0x00000008   Code   RO         4576    .ARM.Collect$$rtentry$$0000000D  c_w.l(__rtentry2.o)
    0x08000214   0x00000002   Code   RO         4611    .ARM.Collect$$rtexit$$00000000  c_w.l(rtexit.o)
    0x08000216   0x00000000   Code   RO         4665    .ARM.Collect$$rtexit$$00000002  c_w.l(rtexit2.o)
    0x08000216   0x00000004   Code   RO         4666    .ARM.Collect$$rtexit$$00000003  c_w.l(rtexit2.o)
    0x0800021a   0x00000006   Code   RO         4667    .ARM.Collect$$rtexit$$00000004  c_w.l(rtexit2.o)
    0x08000220   0x00000040   Code   RO         1012    .text               startup_stm32f10x_hd.o
    0x08000260   0x00000002   Code   RO         4464    .text               c_w.l(use_no_semi_2.o)
    0x08000262   0x000000ee   Code   RO         4466    .text               c_w.l(lludivv7m.o)
    0x08000350   0x00000048   Code   RO         4468    .text               c_w.l(llsdiv.o)
    0x08000398   0x00000018   Code   RO         4472    .text               c_w.l(noretval__2printf.o)
    0x080003b0   0x00000068   Code   RO         4474    .text               c_w.l(__printf.o)
    0x08000418   0x00000052   Code   RO         4476    .text               c_w.l(_printf_str.o)
    0x0800046a   0x00000002   PAD
    0x0800046c   0x00000078   Code   RO         4478    .text               c_w.l(_printf_dec.o)
    0x080004e4   0x00000058   Code   RO         4483    .text               c_w.l(_printf_hex_int.o)
    0x0800053c   0x0000008a   Code   RO         4528    .text               c_w.l(rt_memcpy_v6.o)
    0x080005c6   0x00000006   Code   RO         4532    .text               c_w.l(heapauxi.o)
    0x080005cc   0x00000002   Code   RO         4548    .text               c_w.l(use_no_semi.o)
    0x080005ce   0x000000b2   Code   RO         4555    .text               c_w.l(_printf_intcommon.o)
    0x08000680   0x0000002c   Code   RO         4557    .text               c_w.l(_printf_char.o)
    0x080006ac   0x00000024   Code   RO         4559    .text               c_w.l(_printf_char_file.o)
    0x080006d0   0x00000064   Code   RO         4562    .text               c_w.l(rt_memcpy_w.o)
    0x08000734   0x00000030   Code   RO         4586    .text               c_w.l(_printf_char_common.o)
    0x08000764   0x00000008   Code   RO         4588    .text               c_w.l(ferror.o)
    0x0800076c   0x0000004a   Code   RO         4592    .text               c_w.l(sys_stackheap_outer.o)
    0x080007b6   0x0000000c   Code   RO         4596    .text               c_w.l(exit.o)
    0x080007c2   0x00000002   PAD
    0x080007c4   0x00000008   Code   RO         4608    .text               c_w.l(libspace.o)
    0x080007cc   0x00000040   Code   RO         3491    i.Bot_Abort         usb_bot.o
    0x0800080c   0x00000004   Code   RO          206    i.BusFault_Handler  stm32f10x_it.o
    0x08000810   0x0000000c   Code   RO         2933    i.ByteSwap          usb_regs.o
    0x0800081c   0x000002c8   Code   RO         3492    i.CBW_Decode        usb_bot.o
    0x08000ae4   0x00000288   Code   RO         2886    i.CTR_LP            usb_int.o
    0x08000d6c   0x00000034   Code   RO         2934    i.ClearDTOG_RX      usb_regs.o
    0x08000da0   0x00000034   Code   RO         2935    i.ClearDTOG_TX      usb_regs.o
    0x08000dd4   0x00000028   Code   RO         2940    i.Clear_Status_Out  usb_regs.o
    0x08000dfc   0x00000030   Code   RO          703    i.CmdError          sdio_sdcard.o
    0x08000e2c   0x00000060   Code   RO          704    i.CmdResp1Error     sdio_sdcard.o
    0x08000e8c   0x00000054   Code   RO          705    i.CmdResp2Error     sdio_sdcard.o
    0x08000ee0   0x00000038   Code   RO          706    i.CmdResp3Error     sdio_sdcard.o
    0x08000f18   0x00000090   Code   RO          707    i.CmdResp6Error     sdio_sdcard.o
    0x08000fa8   0x0000004c   Code   RO          708    i.CmdResp7Error     sdio_sdcard.o
    0x08000ff4   0x00000018   Code   RO         2414    i.DMA_Cmd           stm32f10x_dma.o
    0x0800100c   0x0000014c   Code   RO         2415    i.DMA_DeInit        stm32f10x_dma.o
    0x08001158   0x0000003c   Code   RO         2420    i.DMA_Init          stm32f10x_dma.o
    0x08001194   0x000000c0   Code   RO         2740    i.DataStageIn       usb_core.o
    0x08001254   0x000000bc   Code   RO         2741    i.DataStageOut      usb_core.o
    0x08001310   0x00000298   Code   RO         2742    i.Data_Setup0       usb_core.o
    0x080015a8   0x00000002   Code   RO          207    i.DebugMon_Handler  stm32f10x_it.o
    0x080015aa   0x00000008   Code   RO         3555    i.EP1_IN_Callback   usb_endp.o
    0x080015b2   0x00000008   Code   RO         3556    i.EP2_OUT_Callback  usb_endp.o
    0x080015ba   0x00000002   PAD
    0x080015bc   0x0000000c   Code   RO         2359    i.EXTI_ClearITPendingBit  stm32f10x_exti.o
    0x080015c8   0x00000030   Code   RO         3317    i.Enter_LowPowerMode  hw_config.o
    0x080015f8   0x00000034   Code   RO         1063    i.FSMC_NORSRAMCmd   stm32f10x_fsmc.o
    0x0800162c   0x000000e6   Code   RO         1065    i.FSMC_NORSRAMInit  stm32f10x_fsmc.o
    0x08001712   0x00000002   PAD
    0x08001714   0x00000194   Code   RO          709    i.FindSCR           sdio_sdcard.o
    0x080018a8   0x00000116   Code   RO         1178    i.GPIO_Init         stm32f10x_gpio.o
    0x080019be   0x00000004   Code   RO         1186    i.GPIO_SetBits      stm32f10x_gpio.o
    0x080019c2   0x00000002   PAD
    0x080019c4   0x00000020   Code   RO         2952    i.GetEPRxAddr       usb_regs.o
    0x080019e4   0x00000024   Code   RO         2953    i.GetEPRxCount      usb_regs.o
    0x08001a08   0x00000018   Code   RO         2954    i.GetEPRxStatus     usb_regs.o
    0x08001a20   0x00000020   Code   RO         2955    i.GetEPTxAddr       usb_regs.o
    0x08001a40   0x0000001c   Code   RO         3591    i.Get_Max_Lun       usb_prop.o
    0x08001a5c   0x00000034   Code   RO         3318    i.Get_SerialNum     hw_config.o
    0x08001a90   0x00000004   Code   RO          208    i.HardFault_Handler  stm32f10x_it.o
    0x08001a94   0x00000004   Code   RO          930    i.INTX_DISABLE      sys.o
    0x08001a98   0x00000004   Code   RO          931    i.INTX_ENABLE       sys.o
    0x08001a9c   0x00000070   Code   RO         2743    i.In0_Process       usb_core.o
    0x08001b0c   0x0000003e   Code   RO         3319    i.IntToUnicode      hw_config.o
    0x08001b4a   0x00000002   PAD
    0x08001b4c   0x0000009c   Code   RO          710    i.IsCardProgramming  sdio_sdcard.o
    0x08001be8   0x0000006c   Code   RO          364    i.LCD_Clear         lcd.o
    0x08001c54   0x000001c0   Code   RO          368    i.LCD_Display_Dir   lcd.o
    0x08001e14   0x0000376c   Code   RO          375    i.LCD_Init          lcd.o
    0x08005580   0x00000014   Code   RO          377    i.LCD_RD_DATA       lcd.o
    0x08005594   0x00000016   Code   RO          379    i.LCD_ReadReg       lcd.o
    0x080055aa   0x00000002   PAD
    0x080055ac   0x00000054   Code   RO          380    i.LCD_SSD_BackLightSet  lcd.o
    0x08005600   0x000002ec   Code   RO          381    i.LCD_Scan_Dir      lcd.o
    0x080058ec   0x000001a8   Code   RO          382    i.LCD_SetCursor     lcd.o
    0x08005a94   0x0000000c   Code   RO          388    i.LCD_WR_DATA       lcd.o
    0x08005aa0   0x0000000c   Code   RO          389    i.LCD_WR_REG        lcd.o
    0x08005aac   0x00000014   Code   RO          391    i.LCD_WriteRAM_Prepare  lcd.o
    0x08005ac0   0x00000010   Code   RO          392    i.LCD_WriteReg      lcd.o
    0x08005ad0   0x0000004c   Code   RO          329    i.LED_Init          led.o
    0x08005b1c   0x00000040   Code   RO         3320    i.Leave_LowPowerMode  hw_config.o
    0x08005b5c   0x0000000c   Code   RO         3321    i.Led_RW_OFF        hw_config.o
    0x08005b68   0x0000000c   Code   RO         3322    i.Led_RW_ON         hw_config.o
    0x08005b74   0x00000016   Code   RO         3412    i.MAL_GetStatus     mass_mal.o
    0x08005b8a   0x0000004a   Code   RO         3414    i.MAL_Read          mass_mal.o
    0x08005bd4   0x0000004a   Code   RO         3415    i.MAL_Write         mass_mal.o
    0x08005c1e   0x00000002   PAD
    0x08005c20   0x00000060   Code   RO         3592    i.MASS_Data_Setup   usb_prop.o
    0x08005c80   0x00000014   Code   RO         3593    i.MASS_GetConfigDescriptor  usb_prop.o
    0x08005c94   0x00000014   Code   RO         3594    i.MASS_GetDeviceDescriptor  usb_prop.o
    0x08005ca8   0x00000028   Code   RO         3595    i.MASS_GetStringDescriptor  usb_prop.o
    0x08005cd0   0x00000016   Code   RO         3596    i.MASS_Get_Interface_Setting  usb_prop.o
    0x08005ce6   0x00000002   PAD
    0x08005ce8   0x0000005c   Code   RO         3597    i.MASS_NoData_Setup  usb_prop.o
    0x08005d44   0x000000f0   Code   RO         3598    i.MASS_Reset        usb_prop.o
    0x08005e34   0x00000002   Code   RO         3599    i.MASS_Status_In    usb_prop.o
    0x08005e36   0x00000002   Code   RO         3600    i.MASS_Status_Out   usb_prop.o
    0x08005e38   0x00000028   Code   RO         3601    i.MASS_init         usb_prop.o
    0x08005e60   0x0000001c   Code   RO         3602    i.Mass_Storage_ClearFeature  usb_prop.o
    0x08005e7c   0x000000a8   Code   RO         3493    i.Mass_Storage_In   usb_bot.o
    0x08005f24   0x000000ac   Code   RO         3494    i.Mass_Storage_Out  usb_bot.o
    0x08005fd0   0x00000030   Code   RO         3603    i.Mass_Storage_SetConfiguration  usb_prop.o
    0x08006000   0x0000000c   Code   RO         3604    i.Mass_Storage_SetDeviceAddress  usb_prop.o
    0x0800600c   0x00000004   Code   RO          209    i.MemManage_Handler  stm32f10x_it.o
    0x08006010   0x00000002   Code   RO          210    i.NMI_Handler       stm32f10x_it.o
    0x08006012   0x00000002   Code   RO         2744    i.NOP_Process       usb_core.o
    0x08006014   0x00000070   Code   RO         1016    i.NVIC_Init         misc.o
    0x08006084   0x00000014   Code   RO         1017    i.NVIC_PriorityGroupConfig  misc.o
    0x08006098   0x00000138   Code   RO         2745    i.NoData_Setup0     usb_core.o
    0x080061d0   0x00000050   Code   RO         2746    i.Out0_Process      usb_core.o
    0x08006220   0x00000028   Code   RO         2915    i.PMAToUserBufferCopy  usb_mem.o
    0x08006248   0x00000002   Code   RO          211    i.PendSV_Handler    stm32f10x_it.o
    0x0800624a   0x00000002   PAD
    0x0800624c   0x00000048   Code   RO         2747    i.Post0_Process     usb_core.o
    0x08006294   0x00000040   Code   RO         3697    i.PowerOn           usb_pwr.o
    0x080062d4   0x00000020   Code   RO         1287    i.RCC_AHBPeriphClockCmd  stm32f10x_rcc.o
    0x080062f4   0x00000020   Code   RO         1288    i.RCC_APB1PeriphClockCmd  stm32f10x_rcc.o
    0x08006314   0x00000020   Code   RO         1290    i.RCC_APB2PeriphClockCmd  stm32f10x_rcc.o
    0x08006334   0x000000d4   Code   RO         1298    i.RCC_GetClocksFreq  stm32f10x_rcc.o
    0x08006408   0x00000158   Code   RO         3449    i.Read_Memory       memory.o
    0x08006560   0x000000d0   Code   RO         3698    i.Resume            usb_pwr.o
    0x08006630   0x00000024   Code   RO         3699    i.Resume_Init       usb_pwr.o
    0x08006654   0x0000008c   Code   RO         3739    i.SCSI_Address_Management  usb_scsi.o
    0x080066e0   0x00000030   Code   RO         3740    i.SCSI_Format_Cmd   usb_scsi.o
    0x08006710   0x00000048   Code   RO         3741    i.SCSI_Inquiry_Cmd  usb_scsi.o
    0x08006758   0x00000044   Code   RO         3742    i.SCSI_Invalid_Cmd  usb_scsi.o
    0x0800679c   0x00000014   Code   RO         3743    i.SCSI_ModeSense10_Cmd  usb_scsi.o
    0x080067b0   0x00000014   Code   RO         3744    i.SCSI_ModeSense6_Cmd  usb_scsi.o
    0x080067c4   0x00000078   Code   RO         3745    i.SCSI_Read10_Cmd   usb_scsi.o
    0x0800683c   0x0000009c   Code   RO         3746    i.SCSI_ReadCapacity10_Cmd  usb_scsi.o
    0x080068d8   0x00000088   Code   RO         3747    i.SCSI_ReadFormatCapacity_Cmd  usb_scsi.o
    0x08006960   0x00000028   Code   RO         3748    i.SCSI_RequestSense_Cmd  usb_scsi.o
    0x08006988   0x0000000e   Code   RO         3749    i.SCSI_Start_Stop_Unit_Cmd  usb_scsi.o
    0x08006996   0x00000002   PAD
    0x08006998   0x00000038   Code   RO         3750    i.SCSI_TestUnitReady_Cmd  usb_scsi.o
    0x080069d0   0x00000040   Code   RO         3752    i.SCSI_Verify10_Cmd  usb_scsi.o
    0x08006a10   0x00000078   Code   RO         3753    i.SCSI_Write10_Cmd  usb_scsi.o
    0x08006a88   0x000000ac   Code   RO          711    i.SDEnWideBus       sdio_sdcard.o
    0x08006b34   0x0000000c   Code   RO         2485    i.SDIO_ClearFlag    stm32f10x_sdio.o
    0x08006b40   0x0000000c   Code   RO         2487    i.SDIO_ClockCmd     stm32f10x_sdio.o
    0x08006b4c   0x00000014   Code   RO          712    i.SDIO_Clock_Set    sdio_sdcard.o
    0x08006b60   0x0000000c   Code   RO         2490    i.SDIO_DMACmd       stm32f10x_sdio.o
    0x08006b6c   0x00000030   Code   RO         2491    i.SDIO_DataConfig   stm32f10x_sdio.o
    0x08006b9c   0x00000024   Code   RO         2493    i.SDIO_DeInit       stm32f10x_sdio.o
    0x08006bc0   0x00000018   Code   RO         2497    i.SDIO_GetFlagStatus  stm32f10x_sdio.o
    0x08006bd8   0x00000010   Code   RO         2499    i.SDIO_GetPowerState  stm32f10x_sdio.o
    0x08006be8   0x00000008   Code   RO          713    i.SDIO_IRQHandler   sdio_sdcard.o
    0x08006bf0   0x00000030   Code   RO         2502    i.SDIO_Init         stm32f10x_sdio.o
    0x08006c20   0x0000000c   Code   RO         2503    i.SDIO_ReadData     stm32f10x_sdio.o
    0x08006c2c   0x0000002c   Code   RO         2505    i.SDIO_SendCommand  stm32f10x_sdio.o
    0x08006c58   0x0000001c   Code   RO         2507    i.SDIO_SetPowerState  stm32f10x_sdio.o
    0x08006c74   0x0000000c   Code   RO         2513    i.SDIO_WriteData    stm32f10x_sdio.o
    0x08006c80   0x00000068   Code   RO          714    i.SD_DMA_Config     sdio_sdcard.o
    0x08006ce8   0x00000068   Code   RO          715    i.SD_EnableWideBusOperation  sdio_sdcard.o
    0x08006d50   0x00000314   Code   RO          716    i.SD_GetCardInfo    sdio_sdcard.o
    0x08007064   0x00000100   Code   RO          718    i.SD_Init           sdio_sdcard.o
    0x08007164   0x00000154   Code   RO          719    i.SD_InitializeCards  sdio_sdcard.o
    0x080072b8   0x000001dc   Code   RO          721    i.SD_PowerON        sdio_sdcard.o
    0x08007494   0x0000013c   Code   RO          722    i.SD_ProcessIRQSrc  sdio_sdcard.o
    0x080075d0   0x00000258   Code   RO          723    i.SD_ReadBlock      sdio_sdcard.o
    0x08007828   0x00000098   Code   RO          724    i.SD_ReadDisk       sdio_sdcard.o
    0x080078c0   0x000002e8   Code   RO          725    i.SD_ReadMultiBlocks  sdio_sdcard.o
    0x08007ba8   0x00000030   Code   RO          726    i.SD_SelectDeselect  sdio_sdcard.o
    0x08007bd8   0x00000018   Code   RO          728    i.SD_SetDeviceMode  sdio_sdcard.o
    0x08007bf0   0x00000374   Code   RO          729    i.SD_WriteBlock     sdio_sdcard.o
    0x08007f64   0x00000098   Code   RO          730    i.SD_WriteDisk      sdio_sdcard.o
    0x08007ffc   0x000003c0   Code   RO          731    i.SD_WriteMultiBlocks  sdio_sdcard.o
    0x080083bc   0x00000094   Code   RO          573    i.SPI2_Init         spi.o
    0x08008450   0x00000054   Code   RO          574    i.SPI2_ReadWriteByte  spi.o
    0x080084a4   0x00000028   Code   RO          575    i.SPI2_SetSpeed     spi.o
    0x080084cc   0x00000018   Code   RO         1491    i.SPI_Cmd           stm32f10x_spi.o
    0x080084e4   0x00000012   Code   RO         1499    i.SPI_I2S_GetFlagStatus  stm32f10x_spi.o
    0x080084f6   0x00000006   Code   RO         1502    i.SPI_I2S_ReceiveData  stm32f10x_spi.o
    0x080084fc   0x00000004   Code   RO         1503    i.SPI_I2S_SendData  stm32f10x_spi.o
    0x08008500   0x0000003c   Code   RO         1504    i.SPI_Init          stm32f10x_spi.o
    0x0800853c   0x00000002   Code   RO          212    i.SVC_Handler       stm32f10x_it.o
    0x0800853e   0x00000002   PAD
    0x08008540   0x00000010   Code   RO         2963    i.SetBTABLE         usb_regs.o
    0x08008550   0x00000050   Code   RO         2748    i.SetDeviceAddress  usb_core.o
    0x080085a0   0x00000024   Code   RO         2977    i.SetEPRxAddr       usb_regs.o
    0x080085c4   0x0000004c   Code   RO         2978    i.SetEPRxCount      usb_regs.o
    0x08008610   0x00000040   Code   RO         2979    i.SetEPRxStatus     usb_regs.o
    0x08008650   0x00000034   Code   RO         2980    i.SetEPRxValid      usb_regs.o
    0x08008684   0x00000020   Code   RO         2981    i.SetEPTxAddr       usb_regs.o
    0x080086a4   0x0000001c   Code   RO         2982    i.SetEPTxCount      usb_regs.o
    0x080086c0   0x00000040   Code   RO         2983    i.SetEPTxStatus     usb_regs.o
    0x08008700   0x00000024   Code   RO         2985    i.SetEPType         usb_regs.o
    0x08008724   0x00000008   Code   RO          295    i.SetSysClock       system_stm32f10x.o
    0x0800872c   0x000000e0   Code   RO          296    i.SetSysClockTo72   system_stm32f10x.o
    0x0800880c   0x0000003c   Code   RO         3495    i.Set_CSW           usb_bot.o
    0x08008848   0x0000000c   Code   RO         3754    i.Set_Scsi_Sense_Data  usb_scsi.o
    0x08008854   0x000000b8   Code   RO         2749    i.Setup0_Process    usb_core.o
    0x0800890c   0x0000016c   Code   RO         2750    i.Standard_ClearFeature  usb_core.o
    0x08008a78   0x0000002c   Code   RO         2751    i.Standard_GetConfiguration  usb_core.o
    0x08008aa4   0x00000024   Code   RO         2752    i.Standard_GetDescriptorData  usb_core.o
    0x08008ac8   0x0000002c   Code   RO         2753    i.Standard_GetInterface  usb_core.o
    0x08008af4   0x00000100   Code   RO         2754    i.Standard_GetStatus  usb_core.o
    0x08008bf4   0x00000048   Code   RO         2755    i.Standard_SetConfiguration  usb_core.o
    0x08008c3c   0x00000028   Code   RO         2756    i.Standard_SetDeviceFeature  usb_core.o
    0x08008c64   0x000000d0   Code   RO         2757    i.Standard_SetEndPointFeature  usb_core.o
    0x08008d34   0x0000006c   Code   RO         2758    i.Standard_SetInterface  usb_core.o
    0x08008da0   0x0000009c   Code   RO         3700    i.Suspend           usb_pwr.o
    0x08008e3c   0x00000028   Code   RO         1020    i.SysTick_CLKSourceConfig  misc.o
    0x08008e64   0x00000002   Code   RO          213    i.SysTick_Handler   stm32f10x_it.o
    0x08008e66   0x00000002   PAD
    0x08008e68   0x00000060   Code   RO          298    i.SystemInit        system_stm32f10x.o
    0x08008ec8   0x00000038   Code   RO         3496    i.Transfer_Data_Request  usb_bot.o
    0x08008f00   0x00000088   Code   RO          958    i.USART1_IRQHandler  usart.o
    0x08008f88   0x00000018   Code   RO         1634    i.USART_Cmd         stm32f10x_usart.o
    0x08008fa0   0x00000054   Code   RO         1638    i.USART_GetITStatus  stm32f10x_usart.o
    0x08008ff4   0x0000004a   Code   RO         1640    i.USART_ITConfig    stm32f10x_usart.o
    0x0800903e   0x00000002   PAD
    0x08009040   0x000000d8   Code   RO         1641    i.USART_Init        stm32f10x_usart.o
    0x08009118   0x0000000a   Code   RO         1648    i.USART_ReceiveData  stm32f10x_usart.o
    0x08009122   0x0000000c   Code   RO         3324    i.USBWakeUp_IRQHandler  hw_config.o
    0x0800912e   0x00000002   PAD
    0x08009130   0x00000048   Code   RO         3325    i.USB_Cable_Config  hw_config.o
    0x08009178   0x000000f8   Code   RO         3573    i.USB_Istr          usb_istr.o
    0x08009270   0x00000008   Code   RO         3327    i.USB_LP_CAN1_RX0_IRQHandler  hw_config.o
    0x08009278   0x00000020   Code   RO         3328    i.USB_NotConfigured_LED  hw_config.o
    0x08009298   0x00000024   Code   RO         3293    i.USB_SIL_Init      usb_sil.o
    0x080092bc   0x0000002e   Code   RO         3294    i.USB_SIL_Read      usb_sil.o
    0x080092ea   0x0000002e   Code   RO         3295    i.USB_SIL_Write     usb_sil.o
    0x08009318   0x00000004   Code   RO          214    i.UsageFault_Handler  stm32f10x_it.o
    0x0800931c   0x00000038   Code   RO         2916    i.UserToPMABufferCopy  usb_mem.o
    0x08009354   0x00000058   Code   RO          601    i.W25QXX_Erase_Sector  w25qxx.o
    0x080093ac   0x00000058   Code   RO          602    i.W25QXX_Init       w25qxx.o
    0x08009404   0x00000050   Code   RO          604    i.W25QXX_Read       w25qxx.o
    0x08009454   0x00000048   Code   RO          605    i.W25QXX_ReadID     w25qxx.o
    0x0800949c   0x0000002c   Code   RO          606    i.W25QXX_ReadSR     w25qxx.o
    0x080094c8   0x00000012   Code   RO          608    i.W25QXX_Wait_Busy  w25qxx.o
    0x080094da   0x00000002   PAD
    0x080094dc   0x000000b8   Code   RO          609    i.W25QXX_Write      w25qxx.o
    0x08009594   0x00000020   Code   RO          611    i.W25QXX_Write_Enable  w25qxx.o
    0x080095b4   0x00000046   Code   RO          612    i.W25QXX_Write_NoCheck  w25qxx.o
    0x080095fa   0x00000002   PAD
    0x080095fc   0x00000054   Code   RO          613    i.W25QXX_Write_Page  w25qxx.o
    0x08009650   0x00000188   Code   RO         3450    i.Write_Memory      memory.o
    0x080097d8   0x00000004   Code   RO          959    i._sys_exit         usart.o
    0x080097dc   0x00000090   Code   RO         3902    i.check_fs          ff.o
    0x0800986c   0x00000014   Code   RO         3903    i.chk_chr           ff.o
    0x08009880   0x00000032   Code   RO         3904    i.clmt_clust        ff.o
    0x080098b2   0x0000001a   Code   RO         3905    i.clust2sect        ff.o
    0x080098cc   0x00000090   Code   RO         3906    i.cmp_lfn           ff.o
    0x0800995c   0x00000012   Code   RO          732    i.convert_from_bytes_to_power_of_two  sdio_sdcard.o
    0x0800996e   0x000000d6   Code   RO         3907    i.create_chain      ff.o
    0x08009a44   0x00000270   Code   RO         3908    i.create_name       ff.o
    0x08009cb4   0x00000044   Code   RO          903    i.delay_init        delay.o
    0x08009cf8   0x0000004c   Code   RO          904    i.delay_ms          delay.o
    0x08009d44   0x0000004c   Code   RO          905    i.delay_us          delay.o
    0x08009d90   0x0000005c   Code   RO         3909    i.dir_alloc         ff.o
    0x08009dec   0x000000ea   Code   RO         3910    i.dir_find          ff.o
    0x08009ed6   0x0000010e   Code   RO         3911    i.dir_next          ff.o
    0x08009fe4   0x000000c6   Code   RO         3912    i.dir_read          ff.o
    0x0800a0aa   0x0000012a   Code   RO         3913    i.dir_register      ff.o
    0x0800a1d4   0x0000009e   Code   RO         3915    i.dir_sdi           ff.o
    0x0800a272   0x00000002   PAD
    0x0800a274   0x00000038   Code   RO         3842    i.disk_initialize   diskio.o
    0x0800a2ac   0x000000b4   Code   RO         3843    i.disk_ioctl        diskio.o
    0x0800a360   0x0000007a   Code   RO         3844    i.disk_read         diskio.o
    0x0800a3da   0x00000006   Code   RO         3845    i.disk_status       diskio.o
    0x0800a3e0   0x0000007a   Code   RO         3846    i.disk_write        diskio.o
    0x0800a45a   0x0000004a   Code   RO         4276    i.exf_getfree       exfuns.o
    0x0800a4a4   0x00000084   Code   RO         4277    i.exfuns_init       exfuns.o
    0x0800a528   0x00000020   Code   RO         3917    i.f_close           ff.o
    0x0800a548   0x00000102   Code   RO         3919    i.f_getfree         ff.o
    0x0800a64a   0x00000002   PAD
    0x0800a64c   0x00000648   Code   RO         3924    i.f_mkfs            ff.o
    0x0800ac94   0x0000005c   Code   RO         3925    i.f_mount           ff.o
    0x0800acf0   0x00000180   Code   RO         3926    i.f_open            ff.o
    0x0800ae70   0x000001b0   Code   RO         3931    i.f_read            ff.o
    0x0800b020   0x000001f4   Code   RO         3934    i.f_setlabel        ff.o
    0x0800b214   0x000000b0   Code   RO         3936    i.f_sync            ff.o
    0x0800b2c4   0x000001ea   Code   RO         3940    i.f_write           ff.o
    0x0800b4ae   0x00000002   PAD
    0x0800b4b0   0x0000007c   Code   RO         4246    i.ff_convert        cc936.o
    0x0800b52c   0x0000000e   Code   RO         3847    i.ff_memalloc       diskio.o
    0x0800b53a   0x0000000e   Code   RO         3848    i.ff_memfree        diskio.o
    0x0800b548   0x00000038   Code   RO         4247    i.ff_wtoupper       cc936.o
    0x0800b580   0x00000394   Code   RO         3941    i.find_volume       ff.o
    0x0800b914   0x00000080   Code   RO         3942    i.fit_lfn           ff.o
    0x0800b994   0x00000090   Code   RO         3943    i.follow_path       ff.o
    0x0800ba24   0x0000001c   Code   RO          960    i.fputc             usart.o
    0x0800ba40   0x000000cc   Code   RO         3944    i.gen_numname       ff.o
    0x0800bb0c   0x000000f2   Code   RO         3945    i.get_fat           ff.o
    0x0800bbfe   0x00000004   Code   RO         3849    i.get_fattime       diskio.o
    0x0800bc02   0x0000004a   Code   RO         3947    i.get_ldnumber      ff.o
    0x0800bc4c   0x00000020   Code   RO         3948    i.ld_clust          ff.o
    0x0800bc6c   0x00000304   Code   RO            1    i.main              main.o
    0x0800bf70   0x00000026   Code   RO         3949    i.mem_cmp           ff.o
    0x0800bf96   0x0000001a   Code   RO         3950    i.mem_cpy           ff.o
    0x0800bfb0   0x00000014   Code   RO         3951    i.mem_set           ff.o
    0x0800bfc4   0x00000034   Code   RO         3952    i.move_window       ff.o
    0x0800bff8   0x0000006c   Code   RO         2670    i.my_mem_free       malloc.o
    0x0800c064   0x00000044   Code   RO         2671    i.my_mem_init       malloc.o
    0x0800c0a8   0x000000a8   Code   RO         2672    i.my_mem_malloc     malloc.o
    0x0800c150   0x00000040   Code   RO         2673    i.my_mem_perused    malloc.o
    0x0800c190   0x00000024   Code   RO         2674    i.myfree            malloc.o
    0x0800c1b4   0x00000028   Code   RO         2675    i.mymalloc          malloc.o
    0x0800c1dc   0x00000014   Code   RO         2677    i.mymemset          malloc.o
    0x0800c1f0   0x00000074   Code   RO         3953    i.pick_lfn          ff.o
    0x0800c264   0x00000142   Code   RO         3954    i.put_fat           ff.o
    0x0800c3a6   0x0000006c   Code   RO         3956    i.remove_chain      ff.o
    0x0800c412   0x00000010   Code   RO         3957    i.st_clust          ff.o
    0x0800c422   0x00000020   Code   RO         3958    i.sum_sfn           ff.o
    0x0800c442   0x000000c8   Code   RO         3959    i.sync_fs           ff.o
    0x0800c50a   0x00000052   Code   RO         3960    i.sync_window       ff.o
    0x0800c55c   0x000000a0   Code   RO          961    i.uart_init         usart.o
    0x0800c5fc   0x00000036   Code   RO         3961    i.validate          ff.o
    0x0800c632   0x00000002   PAD
    0x0800c634   0x0000005a   Code   RO         4536    x$fpl$dfixu         fz_ws.l(dfixu.o)
    0x0800c68e   0x00000026   Code   RO         4540    x$fpl$dfltu         fz_ws.l(dflt_clz.o)
    0x0800c6b4   0x00000154   Code   RO         4546    x$fpl$dmul          fz_ws.l(dmul.o)
    0x0800c808   0x0000009c   Code   RO         4564    x$fpl$dnaninf       fz_ws.l(dnaninf.o)
    0x0800c8a4   0x0000000c   Code   RO         4566    x$fpl$dretinf       fz_ws.l(dretinf.o)
    0x0800c8b0   0x00000000   Code   RO         4568    x$fpl$usenofp       fz_ws.l(usenofp.o)
    0x0800c8b0   0x00000018   Data   RO         2682    .constdata          malloc.o
    0x0800c8c8   0x00000092   Data   RO         3542    .constdata          usb_desc.o
    0x0800c95a   0x0000003a   Data   RO         3962    .constdata          ff.o
    0x0800c994   0x0002acc8   Data   RO         4248    .constdata          cc936.o
    0x0803765c   0x00000028   Data   RO         4484    .constdata          c_w.l(_printf_hex_int.o)
    0x08037684   0x00000058   Data   RO            2    .conststring        main.o
    0x080376dc   0x00000020   Data   RO         4730    Region$$Table       anon$$obj.o


    Execution Region RW_IRAM1 (Base: 0x20000000, Size: 0x0000c6f0, Max: 0x00010000, ABSOLUTE, COMPRESSED[0x000000e8])

    Base Addr    Size         Type   Attr      Idx    E Section Name        Object

    0x20000000   0x00000014   Data   RW          299    .data               system_stm32f10x.o
    0x20000014   0x00000002   Data   RW          616    .data               w25qxx.o
    0x20000016   0x00000002   PAD
    0x20000018   0x00000010   Data   RW          734    .data               sdio_sdcard.o
    0x20000028   0x00000004   Data   RW          906    .data               delay.o
    0x2000002c   0x00000006   Data   RW          963    .data               usart.o
    0x20000032   0x00000014   Data   RW         1318    .data               stm32f10x_rcc.o
    0x20000046   0x00000002   PAD
    0x20000048   0x0000001c   Data   RW         2683    .data               malloc.o
    0x20000064   0x00000003   Data   RW         2759    .data               usb_core.o
    0x20000067   0x00000001   PAD
    0x20000068   0x00000014   Data   RW         2864    .data               usb_init.o
    0x2000007c   0x00000004   Data   RW         2887    .data               usb_int.o
    0x20000080   0x00000010   Data   RW         3417    .data               mass_mal.o
    0x20000090   0x00000038   Data   RW         3451    .data               memory.o
    0x200000c8   0x00000080   Data   RW         3479    .data               scsi_data.o
    0x20000148   0x00000014   Data   RW         3498    .data               usb_bot.o
    0x2000015c   0x0000001a   Data   RW         3543    .data               usb_desc.o
    0x20000176   0x00000002   PAD
    0x20000178   0x0000003c   Data   RW         3574    .data               usb_istr.o
    0x200001b4   0x00000090   Data   RW         3605    .data               usb_prop.o
    0x20000244   0x0000000c   Data   RW         3702    .data               usb_pwr.o
    0x20000250   0x00000002   Data   RW         3850    .data               diskio.o
    0x20000252   0x00000002   PAD
    0x20000254   0x0000000a   Data   RW         3963    .data               ff.o
    0x2000025e   0x00000002   PAD
    0x20000260   0x0000001c   Data   RW         4282    .data               exfuns.o
    0x2000027c   0x0000000e   Zero   RW          394    .bss                lcd.o
    0x2000028a   0x00001000   Zero   RW          615    .bss                w25qxx.o
    0x2000128a   0x00000006   PAD
    0x20001290   0x000002c0   Zero   RW          733    .bss                sdio_sdcard.o
    0x20001550   0x000000c8   Zero   RW          962    .bss                usart.o
    0x20001618   0x00000008   PAD
    0x20001620   0x0000aa00   Zero   RW         2681    .bss                malloc.o
    0x2000c020   0x0000001c   Zero   RW         2863    .bss                usb_init.o
    0x2000c03c   0x00000030   Zero   RW         3497    .bss                usb_bot.o
    0x2000c06c   0x00000020   Zero   RW         3701    .bss                usb_pwr.o
    0x2000c08c   0x00000060   Zero   RW         4609    .bss                c_w.l(libspace.o)
    0x2000c0ec   0x00000004   PAD
    0x2000c0f0   0x00000200   Zero   RW         1010    HEAP                startup_stm32f10x_hd.o
    0x2000c2f0   0x00000400   Zero   RW         1009    STACK               startup_stm32f10x_hd.o



  Load Region LR$$.ARM.__AT_0x68000000 (Base: 0x68000000, Size: 0x00000000, Max: 0x00000020, ABSOLUTE)

    Execution Region ER$$.ARM.__AT_0x68000000 (Base: 0x68000000, Size: 0x00000020, Max: 0x00000020, ABSOLUTE, UNINIT)

    Base Addr    Size         Type   Attr      Idx    E Section Name        Object

    0x68000000   0x00000020   Zero   RW         2679    .ARM.__AT_0x68000000  malloc.o



  Load Region LR$$.ARM.__AT_0x68000020 (Base: 0x68000020, Size: 0x00000000, Max: 0x00000004, ABSOLUTE)

    Execution Region ER$$.ARM.__AT_0x68000020 (Base: 0x68000020, Size: 0x00000004, Max: 0x00000004, ABSOLUTE, UNINIT)

    Base Addr    Size         Type   Attr      Idx    E Section Name        Object

    0x68000020   0x00000002   Zero   RW         2680    .ARM.__AT_0x68000020  malloc.o


==============================================================================

Image component sizes


      Code (inc. data)   RO Data    RW Data    ZI Data      Debug   Object Name

       180         18     175304          0          0       2431   cc936.o
       220         26          0          4          0       1647   delay.o
       518         14          0          2          0       6260   diskio.o
       206         18          0         28          0       2240   exfuns.o
      9250        158         58         10          0      38386   ff.o
       374        156          0          0          0       5369   hw_config.o
     16102        148          0          0         14      17022   lcd.o
        76          8          0          0          0        487   led.o
       772        316         88          0          0     273967   main.o
       504         60         24         28      43554       5813   malloc.o
       170          0          0         16          0       2767   mass_mal.o
       736         90          0         56          0       2627   memory.o
       172         22          0          0          0       2001   misc.o
         0          0          0        128          0       1026   scsi_data.o
      7230        386          0         16        704      32350   sdio_sdcard.o
       272         18          0          0          0       1725   spi.o
        64         26        304          0       1536        784   startup_stm32f10x_hd.o
       416          8          0          0          0       3366   stm32f10x_dma.o
        12          6          0          0          0        509   stm32f10x_exti.o
       282          6          0          0          0       1773   stm32f10x_fsmc.o
       282          0          0          0          0       2443   stm32f10x_gpio.o
        26          0          0          0          0       3578   stm32f10x_it.o
       308         38          0         20          0       4922   stm32f10x_rcc.o
       304         72          0          0          0       7842   stm32f10x_sdio.o
       112          0          0          0          0       3726   stm32f10x_spi.o
       408          6          0          0          0       4858   stm32f10x_usart.o
         8          0          0          0          0        837   sys.o
       328         28          0         20          0       2017   system_stm32f10x.o
       328         26          0          6        200       4016   usart.o
      1232        118          0         20         48       4355   usb_bot.o
      3058        288          0          3          0      14963   usb_core.o
         0          0        146         26          0        928   usb_desc.o
        16          0          0          0          0        897   usb_endp.o
         0          0          0         20         28       3639   usb_init.o
       648         32          0          4          0       1760   usb_int.o
       248         26          0         60          0       1376   usb_istr.o
        96         10          0          0          0       1796   usb_mem.o
       690        120          0        144          0      11038   usb_prop.o
       464         52          0         12         32       3612   usb_pwr.o
       684        102          0          0          0       9828   usb_regs.o
      1086        130          0          0          0       8866   usb_scsi.o
       128          8          0          0          0       2130   usb_sil.o
       760         70          0          2       4096       6509   w25qxx.o

    ----------------------------------------------------------------------
     48808       2610     175956        636      50228     508486   Object Totals
         0          0         32          0          0          0   (incl. Generated)
        38          0          0         11         16          0   (incl. Padding)

    ----------------------------------------------------------------------

      Code (inc. data)   RO Data    RW Data    ZI Data      Debug   Library Member Name

        90          0          0          0          0          0   __dczerorl2.o
         8          0          0          0          0         68   __main.o
       104          0          0          0          0         84   __printf.o
         0          0          0          0          0          0   __rtentry.o
        12          0          0          0          0          0   __rtentry2.o
         6          0          0          0          0          0   __rtentry4.o
        52          8          0          0          0          0   __scatter.o
        28          0          0          0          0          0   __scatter_zi.o
        44          0          0          0          0        108   _printf_char.o
        48          6          0          0          0         96   _printf_char_common.o
        36          4          0          0          0         80   _printf_char_file.o
         6          0          0          0          0          0   _printf_d.o
       120         16          0          0          0         92   _printf_dec.o
        88          4         40          0          0         88   _printf_hex_int.o
       178          0          0          0          0         88   _printf_intcommon.o
         0          0          0          0          0          0   _printf_percent.o
         4          0          0          0          0          0   _printf_percent_end.o
         6          0          0          0          0          0   _printf_s.o
        82          0          0          0          0         80   _printf_str.o
         6          0          0          0          0          0   _printf_x.o
        12          0          0          0          0         72   exit.o
         8          0          0          0          0         68   ferror.o
         6          0          0          0          0        152   heapauxi.o
         2          0          0          0          0          0   libinit.o
         2          0          0          0          0          0   libinit2.o
         2          0          0          0          0          0   libshutdown.o
         2          0          0          0          0          0   libshutdown2.o
         8          4          0          0         96         68   libspace.o
        72          0          0          0          0         76   llsdiv.o
       238          0          0          0          0        100   lludivv7m.o
        24          4          0          0          0         84   noretval__2printf.o
       138          0          0          0          0         68   rt_memcpy_v6.o
       100          0          0          0          0         80   rt_memcpy_w.o
         2          0          0          0          0          0   rtexit.o
        10          0          0          0          0          0   rtexit2.o
        74          0          0          0          0         80   sys_stackheap_outer.o
         2          0          0          0          0         68   use_no_semi.o
         2          0          0          0          0         68   use_no_semi_2.o
        90          4          0          0          0         92   dfixu.o
        38          0          0          0          0         68   dflt_clz.o
       340         12          0          0          0        104   dmul.o
       156          4          0          0          0         92   dnaninf.o
        12          0          0          0          0         68   dretinf.o
         0          0          0          0          0          0   usenofp.o

    ----------------------------------------------------------------------
      2264         66         40          0        100       2192   Library Totals
         6          0          0          0          4          0   (incl. Padding)

    ----------------------------------------------------------------------

      Code (inc. data)   RO Data    RW Data    ZI Data      Debug   Library Name

      1622         46         40          0         96       1768   c_w.l
       636         20          0          0          0        424   fz_ws.l

    ----------------------------------------------------------------------
      2264         66         40          0        100       2192   Library Totals

    ----------------------------------------------------------------------

==============================================================================


      Code (inc. data)   RO Data    RW Data    ZI Data      Debug   

     51072       2676     175996        636      50328     495750   Grand Totals
     51072       2676     175996        232      50328     495750   ELF Image Totals (compressed)
     51072       2676     175996        232          0          0   ROM Totals

==============================================================================

    Total RO  Size (Code + RO Data)               227068 ( 221.75kB)
    Total RW  Size (RW Data + ZI Data)             50964 (  49.77kB)
    Total ROM Size (Code + RO Data + RW Data)     227300 ( 221.97kB)

==============================================================================

