Component: ARM Compiler 5.05 update 1 (build 106) Tool: armlink [4d0efa]

==============================================================================

Section Cross References

    main.o(.text) refers to _printf_percent.o(.ARM.Collect$$_printf_percent$$00000000) for _printf_percent
    main.o(.text) refers to _printf_d.o(.ARM.Collect$$_printf_percent$$00000009) for _printf_d
    main.o(.text) refers to _printf_dec.o(.text) for _printf_int_dec
    main.o(.text) refers to exfuns.o(.text) for exfuns_init
    main.o(.text) refers to ff.o(.text) for f_mount
    main.o(.text) refers to noretval__2printf.o(.text) for __2printf
    main.o(.text) refers to delay.o(.text) for delay_ms
    main.o(.text) refers to misc.o(.text) for NVIC_PriorityGroupConfig
    main.o(.text) refers to usart.o(.text) for uart_init
    main.o(.text) refers to led.o(.text) for LED_Init
    main.o(.text) refers to key.o(.text) for KEY_Init
    main.o(.text) refers to timer.o(.text) for TIM1_Int_Init
    main.o(.text) refers to can.o(.text) for CAN_Mode_Init
    main.o(.text) refers to iwdg.o(.text) for IWDG_Init
    main.o(.text) refers to rtc.o(.text) for RTC_Init
    main.o(.text) refers to w25qxx.o(.text) for W25QXX_Init
    main.o(.text) refers to malloc.o(.text) for my_mem_init
    main.o(.text) refers to brake.o(.text) for key_brake
    main.o(.text) refers to exfuns.o(.data) for fs
    system_stm32f10x.o(.text) refers to system_stm32f10x.o(.data) for SystemCoreClock
    brake.o(.text) refers to _printf_percent.o(.ARM.Collect$$_printf_percent$$00000000) for _printf_percent
    brake.o(.text) refers to _printf_d.o(.ARM.Collect$$_printf_percent$$00000009) for _printf_d
    brake.o(.text) refers to _printf_dec.o(.text) for _printf_int_dec
    brake.o(.text) refers to _printf_x.o(.ARM.Collect$$_printf_percent$$0000000C) for _printf_x
    brake.o(.text) refers to _printf_hex_int.o(.text) for _printf_longlong_hex
    brake.o(.text) refers to rt_memclr_w.o(.text) for __aeabi_memclr4
    brake.o(.text) refers to w25qxx.o(.text) for W25QXX_Write
    brake.o(.text) refers to noretval__2printf.o(.text) for __2printf
    brake.o(.text) refers to can.o(.text) for Can_Send_Msg
    brake.o(.text) refers to key.o(.text) for KEY_Scan
    brake.o(.text) refers to brake.o(.data) for flag
    brake.o(.text) refers to rtc.o(.bss) for calendar
    led.o(.text) refers to stm32f10x_rcc.o(.text) for RCC_APB2PeriphClockCmd
    led.o(.text) refers to stm32f10x_gpio.o(.text) for GPIO_Init
    key.o(.text) refers to stm32f10x_rcc.o(.text) for RCC_APB2PeriphClockCmd
    key.o(.text) refers to stm32f10x_gpio.o(.text) for GPIO_Init
    key.o(.text) refers to delay.o(.text) for delay_ms
    key.o(.text) refers to key.o(.data) for key_up
    can.o(.text) refers to stm32f10x_rcc.o(.text) for RCC_APB2PeriphClockCmd
    can.o(.text) refers to stm32f10x_gpio.o(.text) for GPIO_Init
    can.o(.text) refers to stm32f10x_can.o(.text) for CAN_Init
    timer.o(.text) refers to stm32f10x_rcc.o(.text) for RCC_APB2PeriphClockCmd
    timer.o(.text) refers to stm32f10x_tim.o(.text) for TIM_TimeBaseInit
    timer.o(.text) refers to misc.o(.text) for NVIC_Init
    timer.o(.text) refers to iwdg.o(.text) for IWDG_Feed
    timer.o(.text) refers to can.o(.text) for Can_Receive_Msg
    timer.o(.text) refers to brake.o(.text) for is_flag
    timer.o(.text) refers to timer.o(.data) for enter_brake
    rtc.o(.text) refers to _printf_percent.o(.ARM.Collect$$_printf_percent$$00000000) for _printf_percent
    rtc.o(.text) refers to _printf_d.o(.ARM.Collect$$_printf_percent$$00000009) for _printf_d
    rtc.o(.text) refers to _printf_dec.o(.text) for _printf_int_dec
    rtc.o(.text) refers to misc.o(.text) for NVIC_Init
    rtc.o(.text) refers to stm32f10x_rtc.o(.text) for RTC_GetCounter
    rtc.o(.text) refers to stm32f10x_rcc.o(.text) for RCC_APB1PeriphClockCmd
    rtc.o(.text) refers to stm32f10x_pwr.o(.text) for PWR_BackupAccessCmd
    rtc.o(.text) refers to stm32f10x_bkp.o(.text) for BKP_ReadBackupRegister
    rtc.o(.text) refers to delay.o(.text) for delay_ms
    rtc.o(.text) refers to noretval__2printf.o(.text) for __2printf
    rtc.o(.text) refers to rtc.o(.constdata) for table_week
    rtc.o(.text) refers to rtc.o(.data) for daycnt
    rtc.o(.text) refers to rtc.o(.bss) for calendar
    stmflash.o(.text) refers to stm32f10x_flash.o(.text) for FLASH_ProgramHalfWord
    stmflash.o(.text) refers to stmflash.o(.bss) for STMFLASH_BUF
    iwdg.o(.text) refers to stm32f10x_iwdg.o(.text) for IWDG_WriteAccessCmd
    spi.o(.text) refers to stm32f10x_spi.o(.text) for SPI_I2S_GetFlagStatus
    spi.o(.text) refers to stm32f10x_rcc.o(.text) for RCC_APB2PeriphClockCmd
    spi.o(.text) refers to stm32f10x_gpio.o(.text) for GPIO_Init
    w25qxx.o(.text) refers to _printf_percent.o(.ARM.Collect$$_printf_percent$$00000000) for _printf_percent
    w25qxx.o(.text) refers to _printf_x.o(.ARM.Collect$$_printf_percent$$0000000C) for _printf_x
[...]
    INTX_DISABLE                             0x080032a5   Thumb Code     4  sys.o(.text)
    INTX_ENABLE                              0x080032a9   Thumb Code     4  sys.o(.text)
    _sys_exit                                0x080032ad   Thumb Code     4  usart.o(.text)
    fputc                                    0x080032b1   Thumb Code    24  usart.o(.text)
    uart_init                                0x080032c9   Thumb Code   152  usart.o(.text)
    USART1_IRQHandler                        0x08003361   Thumb Code   122  usart.o(.text)
    Reset_Handler                            0x080033ed   Thumb Code     8  startup_stm32f10x_hd.o(.text)
    ADC1_2_IRQHandler                        0x08003407   Thumb Code     0  startup_stm32f10x_hd.o(.text)
    ADC3_IRQHandler                          0x08003407   Thumb Code     0  startup_stm32f10x_hd.o(.text)
    CAN1_RX1_IRQHandler                      0x08003407   Thumb Code     0  startup_stm32f10x_hd.o(.text)
    CAN1_SCE_IRQHandler                      0x08003407   Thumb Code     0  startup_stm32f10x_hd.o(.text)
    DMA1_Channel1_IRQHandler                 0x08003407   Thumb Code     0  startup_stm32f10x_hd.o(.text)
    DMA1_Channel2_IRQHandler                 0x08003407   Thumb Code     0  startup_stm32f10x_hd.o(.text)
    DMA1_Channel3_IRQHandler                 0x08003407   Thumb Code     0  startup_stm32f10x_hd.o(.text)
    DMA1_Channel4_IRQHandler                 0x08003407   Thumb Code     0  startup_stm32f10x_hd.o(.text)
    DMA1_Channel5_IRQHandler                 0x08003407   Thumb Code     0  startup_stm32f10x_hd.o(.text)
    DMA1_Channel6_IRQHandler                 0x08003407   Thumb Code     0  startup_stm32f10x_hd.o(.text)
    DMA1_Channel7_IRQHandler                 0x08003407   Thumb Code     0  startup_stm32f10x_hd.o(.text)
    DMA2_Channel1_IRQHandler                 0x08003407   Thumb Code     0  startup_stm32f10x_hd.o(.text)
    DMA2_Channel2_IRQHandler                 0x08003407   Thumb Code     0  startup_stm32f10x_hd.o(.text)
    DMA2_Channel3_IRQHandler                 0x08003407   Thumb Code     0  startup_stm32f10x_hd.o(.text)
    DMA2_Channel4_5_IRQHandler               0x08003407   Thumb Code     0  startup_stm32f10x_hd.o(.text)
    EXTI0_IRQHandler                         0x08003407   Thumb Code     0  startup_stm32f10x_hd.o(.text)
    EXTI15_10_IRQHandler                     0x08003407   Thumb Code     0  startup_stm32f10x_hd.o(.text)
    EXTI1_IRQHandler                         0x08003407   Thumb Code     0  startup_stm32f10x_hd.o(.text)
    EXTI2_IRQHandler                         0x08003407   Thumb Code     0  startup_stm32f10x_hd.o(.text)
    EXTI3_IRQHandler                         0x08003407   Thumb Code     0  startup_stm32f10x_hd.o(.text)
    EXTI4_IRQHandler                         0x08003407   Thumb Code     0  startup_stm32f10x_hd.o(.text)
    EXTI9_5_IRQHandler                       0x08003407   Thumb Code     0  startup_stm32f10x_hd.o(.text)
    FLASH_IRQHandler                         0x08003407   Thumb Code     0  startup_stm32f10x_hd.o(.text)
    FSMC_IRQHandler                          0x08003407   Thumb Code     0  startup_stm32f10x_hd.o(.text)
    I2C1_ER_IRQHandler                       0x08003407   Thumb Code     0  startup_stm32f10x_hd.o(.text)
    I2C1_EV_IRQHandler                       0x08003407   Thumb Code     0  startup_stm32f10x_hd.o(.text)
    I2C2_ER_IRQHandler                       0x08003407   Thumb Code     0  startup_stm32f10x_hd.o(.text)
    I2C2_EV_IRQHandler                       0x08003407   Thumb Code     0  startup_stm32f10x_hd.o(.text)
    PVD_IRQHandler                           0x08003407   Thumb Code     0  startup_stm32f10x_hd.o(.text)
    RCC_IRQHandler                           0x08003407   Thumb Code     0  startup_stm32f10x_hd.o(.text)
    RTCAlarm_IRQHandler                      0x08003407   Thumb Code     0  startup_stm32f10x_hd.o(.text)
    SPI1_IRQHandler                          0x08003407   Thumb Code     0  startup_stm32f10x_hd.o(.text)
    SPI2_IRQHandler                          0x08003407   Thumb Code     0  startup_stm32f10x_hd.o(.text)
    SPI3_IRQHandler                          0x08003407   Thumb Code     0  startup_stm32f10x_hd.o(.text)
    TAMPER_IRQHandler                        0x08003407   Thumb Code     0  startup_stm32f10x_hd.o(.text)
    TIM1_BRK_IRQHandler                      0x08003407   Thumb Code     0  startup_stm32f10x_hd.o(.text)
    TIM1_CC_IRQHandler                       0x08003407   Thumb Code     0  startup_stm32f10x_hd.o(.text)
    TIM1_TRG_COM_IRQHandler                  0x08003407   Thumb Code     0  startup_stm32f10x_hd.o(.text)
    TIM2_IRQHandler                          0x08003407   Thumb Code     0  startup_stm32f10x_hd.o(.text)
    TIM3_IRQHandler                          0x08003407   Thumb Code     0  startup_stm32f10x_hd.o(.text)
    TIM4_IRQHandler                          0x08003407   Thumb Code     0  startup_stm32f10x_hd.o(.text)
    TIM5_IRQHandler                          0x08003407   Thumb Code     0  startup_stm32f10x_hd.o(.text)
    TIM6_IRQHandler                          0x08003407   Thumb Code     0  startup_stm32f10x_hd.o(.text)
    TIM7_IRQHandler                          0x08003407   Thumb Code     0  startup_stm32f10x_hd.o(.text)
    TIM8_BRK_IRQHandler                      0x08003407   Thumb Code     0  startup_stm32f10x_hd.o(.text)
    TIM8_CC_IRQHandler                       0x08003407   Thumb Code     0  startup_stm32f10x_hd.o(.text)
    TIM8_TRG_COM_IRQHandler                  0x08003407   Thumb Code     0  startup_stm32f10x_hd.o(.text)
    TIM8_UP_IRQHandler                       0x08003407   Thumb Code     0  startup_stm32f10x_hd.o(.text)
    UART4_IRQHandler                         0x08003407   Thumb Code     0  startup_stm32f10x_hd.o(.text)
    UART5_IRQHandler                         0x08003407   Thumb Code     0  startup_stm32f10x_hd.o(.text)
    USART2_IRQHandler                        0x08003407   Thumb Code     0  startup_stm32f10x_hd.o(.text)
    USART3_IRQHandler                        0x08003407   Thumb Code     0  startup_stm32f10x_hd.o(.text)
    USB_HP_CAN1_TX_IRQHandler                0x08003407   Thumb Code     0  startup_stm32f10x_hd.o(.text)
    WWDG_IRQHandler                          0x08003407   Thumb Code     0  startup_stm32f10x_hd.o(.text)
    __user_initial_stackheap                 0x08003409   Thumb Code     0  startup_stm32f10x_hd.o(.text)
    NVIC_PriorityGroupConfig                 0x0800342d   Thumb Code    10  misc.o(.text)
    NVIC_Init                                0x08003437   Thumb Code   100  misc.o(.text)
    NVIC_SetVectorTable                      0x0800349b   Thumb Code    14  misc.o(.text)
    NVIC_SystemLPConfig                      0x080034a9   Thumb Code    34  misc.o(.text)
    SysTick_CLKSourceConfig                  0x080034cb   Thumb Code    40  misc.o(.text)
    GPIO_DeInit                              0x08003509   Thumb Code   172  stm32f10x_gpio.o(.text)
    GPIO_AFIODeInit                          0x080035b5   Thumb Code    20  stm32f10x_gpio.o(.text)
    GPIO_Init                                0x080035c9   Thumb Code   278  stm32f10x_gpio.o(.text)
    GPIO_StructInit                          0x080036df   Thumb Code    16  stm32f10x_gpio.o(.text)
    GPIO_ReadInputDataBit                    0x080036ef   Thumb Code    18  stm32f10x_gpio.o(.text)
    GPIO_ReadInputData                       0x08003701   Thumb Code     8  stm32f10x_gpio.o(.text)
    GPIO_ReadOutputDataBit                   0x08003709   Thumb Code    18  stm32f10x_gpio.o(.text)
    GPIO_ReadOutputData                      0x0800371b   Thumb Code     8  stm32f10x_gpio.o(.text)
    GPIO_SetBits                             0x08003723   Thumb Code     4  stm32f10x_gpio.o(.text)
    GPIO_ResetBits                           0x08003727   Thumb Code     4  stm32f10x_gpio.o(.text)
    GPIO_WriteBit                            0x0800372b   Thumb Code    10  stm32f10x_gpio.o(.text)
    GPIO_Write                               0x08003735   Thumb Code     4  stm32f10x_gpio.o(.text)
    GPIO_PinLockConfig                       0x08003739   Thumb Code    18  stm32f10x_gpio.o(.text)
    GPIO_EventOutputConfig                   0x0800374b   Thumb Code    26  stm32f10x_gpio.o(.text)
    GPIO_EventOutputCmd                      0x08003765   Thumb Code     6  stm32f10x_gpio.o(.text)
    GPIO_PinRemapConfig                      0x0800376b   Thumb Code   138  stm32f10x_gpio.o(.text)
    GPIO_EXTILineConfig                      0x080037f5   Thumb Code    66  stm32f10x_gpio.o(.text)
    GPIO_ETH_MediaInterfaceConfig            0x08003837   Thumb Code     8  stm32f10x_gpio.o(.text)
    RCC_DeInit                               0x08003865   Thumb Code    64  stm32f10x_rcc.o(.text)
    RCC_HSEConfig                            0x080038a5   Thumb Code    70  stm32f10x_rcc.o(.text)
    RCC_GetFlagStatus                        0x080038eb   Thumb Code    56  stm32f10x_rcc.o(.text)
    RCC_WaitForHSEStartUp                    0x08003923   Thumb Code    56  stm32f10x_rcc.o(.text)
    RCC_AdjustHSICalibrationValue            0x0800395b   Thumb Code    20  stm32f10x_rcc.o(.text)
    RCC_HSICmd                               0x0800396f   Thumb Code     6  stm32f10x_rcc.o(.text)
    RCC_PLLConfig                            0x08003975   Thumb Code    24  stm32f10x_rcc.o(.text)
    RCC_PLLCmd                               0x0800398d   Thumb Code     6  stm32f10x_rcc.o(.text)
    RCC_SYSCLKConfig                         0x08003993   Thumb Code    18  stm32f10x_rcc.o(.text)
    RCC_GetSYSCLKSource                      0x080039a5   Thumb Code    10  stm32f10x_rcc.o(.text)
    RCC_HCLKConfig                           0x080039af   Thumb Code    18  stm32f10x_rcc.o(.text)
    RCC_PCLK1Config                          0x080039c1   Thumb Code    18  stm32f10x_rcc.o(.text)
    RCC_PCLK2Config                          0x080039d3   Thumb Code    20  stm32f10x_rcc.o(.text)
    RCC_ITConfig                             0x080039e7   Thumb Code    26  stm32f10x_rcc.o(.text)
    RCC_USBCLKConfig                         0x08003a01   Thumb Code     8  stm32f10x_rcc.o(.text)
    RCC_ADCCLKConfig                         0x08003a09   Thumb Code    18  stm32f10x_rcc.o(.text)
    RCC_LSEConfig                            0x08003a1b   Thumb Code    50  stm32f10x_rcc.o(.text)
    RCC_LSICmd                               0x08003a4d   Thumb Code     6  stm32f10x_rcc.o(.text)
    RCC_RTCCLKConfig                         0x08003a53   Thumb Code    12  stm32f10x_rcc.o(.text)
    RCC_RTCCLKCmd                            0x08003a5f   Thumb Code     8  stm32f10x_rcc.o(.text)
    RCC_GetClocksFreq                        0x08003a67   Thumb Code   192  stm32f10x_rcc.o(.text)
    RCC_AHBPeriphClockCmd                    0x08003b27   Thumb Code    26  stm32f10x_rcc.o(.text)
    RCC_APB2PeriphClockCmd                   0x08003b41   Thumb Code    26  stm32f10x_rcc.o(.text)
    RCC_APB1PeriphClockCmd                   0x08003b5b   Thumb Code    26  stm32f10x_rcc.o(.text)
    RCC_APB2PeriphResetCmd                   0x08003b75   Thumb Code    26  stm32f10x_rcc.o(.text)
    RCC_APB1PeriphResetCmd                   0x08003b8f   Thumb Code    26  stm32f10x_rcc.o(.text)
    RCC_BackupResetCmd                       0x08003ba9   Thumb Code     8  stm32f10x_rcc.o(.text)
    RCC_ClockSecuritySystemCmd               0x08003bb1   Thumb Code     6  stm32f10x_rcc.o(.text)
    RCC_MCOConfig                            0x08003bb7   Thumb Code     6  stm32f10x_rcc.o(.text)
    RCC_ClearFlag                            0x08003bbd   Thumb Code    14  stm32f10x_rcc.o(.text)
    RCC_GetITStatus                          0x08003bcb   Thumb Code    20  stm32f10x_rcc.o(.text)
    RCC_ClearITPendingBit                    0x08003bdf   Thumb Code     6  stm32f10x_rcc.o(.text)
    CAN_DeInit                               0x08003c09   Thumb Code    50  stm32f10x_can.o(.text)
    CAN_Init                                 0x08003c3b   Thumb Code   276  stm32f10x_can.o(.text)
    CAN_FilterInit                           0x08003d4f   Thumb Code   258  stm32f10x_can.o(.text)
    CAN_StructInit                           0x08003e51   Thumb Code    32  stm32f10x_can.o(.text)
    CAN_SlaveStartBank                       0x08003e71   Thumb Code    48  stm32f10x_can.o(.text)
    CAN_DBGFreeze                            0x08003ea1   Thumb Code    22  stm32f10x_can.o(.text)
    CAN_TTComModeCmd                         0x08003eb7   Thumb Code   118  stm32f10x_can.o(.text)
    CAN_Transmit                             0x08003f2d   Thumb Code   304  stm32f10x_can.o(.text)
    CAN_TransmitStatus                       0x0800405d   Thumb Code   138  stm32f10x_can.o(.text)
    CAN_CancelTransmit                       0x080040e7   Thumb Code    48  stm32f10x_can.o(.text)
    CAN_Receive                              0x08004117   Thumb Code   240  stm32f10x_can.o(.text)
    CAN_FIFORelease                          0x08004207   Thumb Code    22  stm32f10x_can.o(.text)
    CAN_MessagePending                       0x0800421d   Thumb Code    30  stm32f10x_can.o(.text)
    CAN_OperatingModeRequest                 0x0800423b   Thumb Code   162  stm32f10x_can.o(.text)
    CAN_Sleep                                0x080042dd   Thumb Code    30  stm32f10x_can.o(.text)
    CAN_WakeUp                               0x080042fb   Thumb Code    48  stm32f10x_can.o(.text)
    CAN_GetLastErrorCode                     0x0800432b   Thumb Code    12  stm32f10x_can.o(.text)
    CAN_GetReceiveErrorCounter               0x08004337   Thumb Code    10  stm32f10x_can.o(.text)
    CAN_GetLSBTransmitErrorCounter           0x08004341   Thumb Code    12  stm32f10x_can.o(.text)
    CAN_ITConfig                             0x0800434d   Thumb Code    18  stm32f10x_can.o(.text)
    CAN_GetFlagStatus                        0x0800435f   Thumb Code   120  stm32f10x_can.o(.text)
    CAN_ClearFlag                            0x080043d7   Thumb Code    52  stm32f10x_can.o(.text)
    CAN_GetITStatus                          0x0800441d   Thumb Code   310  stm32f10x_can.o(.text)
    CAN_ClearITPendingBit                    0x08004553   Thumb Code   162  stm32f10x_can.o(.text)
    USART_DeInit                             0x080045f9   Thumb Code   134  stm32f10x_usart.o(.text)
    USART_Init                               0x0800467f   Thumb Code   210  stm32f10x_usart.o(.text)
    USART_StructInit                         0x08004751   Thumb Code    24  stm32f10x_usart.o(.text)
    USART_ClockInit                          0x08004769   Thumb Code    34  stm32f10x_usart.o(.text)
    USART_ClockStructInit                    0x0800478b   Thumb Code    12  stm32f10x_usart.o(.text)
    USART_Cmd                                0x08004797   Thumb Code    24  stm32f10x_usart.o(.text)
    USART_ITConfig                           0x080047af   Thumb Code    74  stm32f10x_usart.o(.text)
    USART_DMACmd                             0x080047f9   Thumb Code    18  stm32f10x_usart.o(.text)
    USART_SetAddress                         0x0800480b   Thumb Code    18  stm32f10x_usart.o(.text)
    USART_WakeUpConfig                       0x0800481d   Thumb Code    18  stm32f10x_usart.o(.text)
    USART_ReceiverWakeUpCmd                  0x0800482f   Thumb Code    24  stm32f10x_usart.o(.text)
    USART_LINBreakDetectLengthConfig         0x08004847   Thumb Code    18  stm32f10x_usart.o(.text)
    USART_LINCmd                             0x08004859   Thumb Code    24  stm32f10x_usart.o(.text)
    USART_SendData                           0x08004871   Thumb Code     8  stm32f10x_usart.o(.text)
    USART_ReceiveData                        0x08004879   Thumb Code    10  stm32f10x_usart.o(.text)
    USART_SendBreak                          0x08004883   Thumb Code    10  stm32f10x_usart.o(.text)
    USART_SetGuardTime                       0x0800488d   Thumb Code    16  stm32f10x_usart.o(.text)
    USART_SetPrescaler                       0x0800489d   Thumb Code    16  stm32f10x_usart.o(.text)
    USART_SmartCardCmd                       0x080048ad   Thumb Code    24  stm32f10x_usart.o(.text)
    USART_SmartCardNACKCmd                   0x080048c5   Thumb Code    24  stm32f10x_usart.o(.text)
    USART_HalfDuplexCmd                      0x080048dd   Thumb Code    24  stm32f10x_usart.o(.text)
    USART_OverSampling8Cmd                   0x080048f5   Thumb Code    22  stm32f10x_usart.o(.text)
    USART_OneBitMethodCmd                    0x0800490b   Thumb Code    24  stm32f10x_usart.o(.text)
    USART_IrDAConfig                         0x08004923   Thumb Code    18  stm32f10x_usart.o(.text)
    USART_IrDACmd                            0x08004935   Thumb Code    24  stm32f10x_usart.o(.text)
    USART_GetFlagStatus                      0x0800494d   Thumb Code    26  stm32f10x_usart.o(.text)
    USART_ClearFlag                          0x08004967   Thumb Code    18  stm32f10x_usart.o(.text)
    USART_GetITStatus                        0x08004979   Thumb Code    84  stm32f10x_usart.o(.text)
    USART_ClearITPendingBit                  0x080049cd   Thumb Code    52  stm32f10x_usart.o(.text)
    TIM_DeInit                               0x08004a01   Thumb Code   424  stm32f10x_tim.o(.text)
    TIM_TimeBaseInit                         0x08004ba9   Thumb Code   122  stm32f10x_tim.o(.text)
    TIM_OC1Init                              0x08004c23   Thumb Code   132  stm32f10x_tim.o(.text)
    TIM_OC2Init                              0x08004ca7   Thumb Code   154  stm32f10x_tim.o(.text)
    TIM_OC3Init                              0x08004d41   Thumb Code   150  stm32f10x_tim.o(.text)
    TIM_OC4Init                              0x08004dd7   Thumb Code   182  stm32f10x_tim.o(.text)
    TIM_SetIC4Prescaler                      0x08004e8d   Thumb Code    26  stm32f10x_tim.o(.text)
    TIM_SetIC3Prescaler                      0x08004f29   Thumb Code    18  stm32f10x_tim.o(.text)
    TIM_SetIC2Prescaler                      0x08004fb5   Thumb Code    26  stm32f10x_tim.o(.text)
    TIM_SetIC1Prescaler                      0x08005051   Thumb Code    18  stm32f10x_tim.o(.text)
    TIM_ICInit                               0x080050cf   Thumb Code   150  stm32f10x_tim.o(.text)
    TIM_PWMIConfig                           0x08005165   Thumb Code   124  stm32f10x_tim.o(.text)
    TIM_BDTRConfig                           0x080051e1   Thumb Code    32  stm32f10x_tim.o(.text)
    TIM_TimeBaseStructInit                   0x08005201   Thumb Code    18  stm32f10x_tim.o(.text)
    TIM_OCStructInit                         0x08005213   Thumb Code    20  stm32f10x_tim.o(.text)
    TIM_ICStructInit                         0x08005227   Thumb Code    18  stm32f10x_tim.o(.text)
    TIM_BDTRStructInit                       0x08005239   Thumb Code    40  stm32f10x_tim.o(.text)
    TIM_Cmd                                  0x08005261   Thumb Code    24  stm32f10x_tim.o(.text)
    TIM_CtrlPWMOutputs                       0x08005279   Thumb Code    30  stm32f10x_tim.o(.text)
    TIM_ITConfig                             0x08005297   Thumb Code    18  stm32f10x_tim.o(.text)
    TIM_GenerateEvent                        0x080052a9   Thumb Code     4  stm32f10x_tim.o(.text)
    TIM_DMAConfig                            0x080052ad   Thumb Code    10  stm32f10x_tim.o(.text)
    TIM_DMACmd                               0x080052b7   Thumb Code    18  stm32f10x_tim.o(.text)
    TIM_InternalClockConfig                  0x080052c9   Thumb Code    12  stm32f10x_tim.o(.text)
    TIM_SelectInputTrigger                   0x080052d5   Thumb Code    18  stm32f10x_tim.o(.text)
    TIM_ITRxExternalClockConfig              0x080052e7   Thumb Code    24  stm32f10x_tim.o(.text)
    TIM_TIxExternalClockConfig               0x080052ff   Thumb Code    62  stm32f10x_tim.o(.text)
    TIM_ETRConfig                            0x0800533d   Thumb Code    28  stm32f10x_tim.o(.text)
    TIM_ETRClockMode1Config                  0x08005359   Thumb Code    54  stm32f10x_tim.o(.text)
    TIM_ETRClockMode2Config                  0x0800538f   Thumb Code    32  stm32f10x_tim.o(.text)
    TIM_PrescalerConfig                      0x080053af   Thumb Code     6  stm32f10x_tim.o(.text)
    TIM_CounterModeConfig                    0x080053b5   Thumb Code    18  stm32f10x_tim.o(.text)
    TIM_EncoderInterfaceConfig               0x080053c7   Thumb Code    66  stm32f10x_tim.o(.text)
    TIM_ForcedOC1Config                      0x08005409   Thumb Code    18  stm32f10x_tim.o(.text)
    TIM_ForcedOC2Config                      0x0800541b   Thumb Code    26  stm32f10x_tim.o(.text)
    TIM_ForcedOC3Config                      0x08005435   Thumb Code    18  stm32f10x_tim.o(.text)
    TIM_ForcedOC4Config                      0x08005447   Thumb Code    26  stm32f10x_tim.o(.text)
    TIM_ARRPreloadConfig                     0x08005461   Thumb Code    24  stm32f10x_tim.o(.text)
    TIM_SelectCOM                            0x08005479   Thumb Code    24  stm32f10x_tim.o(.text)
    TIM_SelectCCDMA                          0x08005491   Thumb Code    24  stm32f10x_tim.o(.text)
    TIM_CCPreloadControl                     0x080054a9   Thumb Code    24  stm32f10x_tim.o(.text)
    TIM_OC1PreloadConfig                     0x080054c1   Thumb Code    18  stm32f10x_tim.o(.text)
    TIM_OC2PreloadConfig                     0x080054d3   Thumb Code    26  stm32f10x_tim.o(.text)
    TIM_OC3PreloadConfig                     0x080054ed   Thumb Code    18  stm32f10x_tim.o(.text)
    TIM_OC4PreloadConfig                     0x080054ff   Thumb Code    26  stm32f10x_tim.o(.text)
    TIM_OC1FastConfig                        0x08005519   Thumb Code    18  stm32f10x_tim.o(.text)
    TIM_OC2FastConfig                        0x0800552b   Thumb Code    26  stm32f10x_tim.o(.text)
    TIM_OC3FastConfig                        0x08005545   Thumb Code    18  stm32f10x_tim.o(.text)
    TIM_OC4FastConfig                        0x08005557   Thumb Code    26  stm32f10x_tim.o(.text)
    TIM_ClearOC1Ref                          0x08005571   Thumb Code    18  stm32f10x_tim.o(.text)
    TIM_ClearOC2Ref                          0x08005583   Thumb Code    24  stm32f10x_tim.o(.text)
    TIM_ClearOC3Ref                          0x0800559b   Thumb Code    18  stm32f10x_tim.o(.text)
    TIM_ClearOC4Ref                          0x080055ad   Thumb Code    24  stm32f10x_tim.o(.text)
    TIM_OC1PolarityConfig                    0x080055c5   Thumb Code    18  stm32f10x_tim.o(.text)
    TIM_OC1NPolarityConfig                   0x080055d7   Thumb Code    18  stm32f10x_tim.o(.text)
    TIM_OC2PolarityConfig                    0x080055e9   Thumb Code    26  stm32f10x_tim.o(.text)
    TIM_OC2NPolarityConfig                   0x08005603   Thumb Code    26  stm32f10x_tim.o(.text)
    TIM_OC3PolarityConfig                    0x0800561d   Thumb Code    26  stm32f10x_tim.o(.text)
    TIM_OC3NPolarityConfig                   0x08005637   Thumb Code    26  stm32f10x_tim.o(.text)
    TIM_OC4PolarityConfig                    0x08005651   Thumb Code    26  stm32f10x_tim.o(.text)
    TIM_CCxCmd                               0x0800566b   Thumb Code    30  stm32f10x_tim.o(.text)
    TIM_CCxNCmd                              0x08005689   Thumb Code    30  stm32f10x_tim.o(.text)
    TIM_SelectOCxM                           0x080056a7   Thumb Code    82  stm32f10x_tim.o(.text)
    TIM_UpdateDisableConfig                  0x080056f9   Thumb Code    24  stm32f10x_tim.o(.text)
    TIM_UpdateRequestConfig                  0x08005711   Thumb Code    24  stm32f10x_tim.o(.text)
    TIM_SelectHallSensor                     0x08005729   Thumb Code    24  stm32f10x_tim.o(.text)
    TIM_SelectOnePulseMode                   0x08005741   Thumb Code    18  stm32f10x_tim.o(.text)
    TIM_SelectOutputTrigger                  0x08005753   Thumb Code    18  stm32f10x_tim.o(.text)
    TIM_SelectSlaveMode                      0x08005765   Thumb Code    18  stm32f10x_tim.o(.text)
    TIM_SelectMasterSlaveMode                0x08005777   Thumb Code    18  stm32f10x_tim.o(.text)
    TIM_SetCounter                           0x08005789   Thumb Code     4  stm32f10x_tim.o(.text)
    TIM_SetAutoreload                        0x0800578d   Thumb Code     4  stm32f10x_tim.o(.text)
    TIM_SetCompare1                          0x08005791   Thumb Code     4  stm32f10x_tim.o(.text)
    TIM_SetCompare2                          0x08005795   Thumb Code     4  stm32f10x_tim.o(.text)
    TIM_SetCompare3                          0x08005799   Thumb Code     4  stm32f10x_tim.o(.text)
    TIM_SetCompare4                          0x0800579d   Thumb Code     6  stm32f10x_tim.o(.text)
    TIM_SetClockDivision                     0x080057a3   Thumb Code    18  stm32f10x_tim.o(.text)
    TIM_GetCapture1                          0x080057b5   Thumb Code     6  stm32f10x_tim.o(.text)
    TIM_GetCapture2                          0x080057bb   Thumb Code     6  stm32f10x_tim.o(.text)
    TIM_GetCapture3                          0x080057c1   Thumb Code     6  stm32f10x_tim.o(.text)
    TIM_GetCapture4                          0x080057c7   Thumb Code     8  stm32f10x_tim.o(.text)
    TIM_GetCounter                           0x080057cf   Thumb Code     6  stm32f10x_tim.o(.text)
    TIM_GetPrescaler                         0x080057d5   Thumb Code     6  stm32f10x_tim.o(.text)
    TIM_GetFlagStatus                        0x080057db   Thumb Code    18  stm32f10x_tim.o(.text)
    TIM_ClearFlag                            0x080057ed   Thumb Code     6  stm32f10x_tim.o(.text)
    TIM_GetITStatus                          0x080057f3   Thumb Code    34  stm32f10x_tim.o(.text)
    TIM_ClearITPendingBit                    0x08005815   Thumb Code     6  stm32f10x_tim.o(.text)
    RTC_ITConfig                             0x0800581d   Thumb Code    26  stm32f10x_rtc.o(.text)
    RTC_EnterConfigMode                      0x08005837   Thumb Code    18  stm32f10x_rtc.o(.text)
    RTC_ExitConfigMode                       0x08005849   Thumb Code    20  stm32f10x_rtc.o(.text)
    RTC_GetCounter                           0x0800585d   Thumb Code    18  stm32f10x_rtc.o(.text)
    RTC_SetCounter                           0x0800586f   Thumb Code    26  stm32f10x_rtc.o(.text)
    RTC_SetPrescaler                         0x08005889   Thumb Code    28  stm32f10x_rtc.o(.text)
    RTC_SetAlarm                             0x080058a5   Thumb Code    26  stm32f10x_rtc.o(.text)
    RTC_GetDivider                           0x080058bf   Thumb Code    22  stm32f10x_rtc.o(.text)
    RTC_WaitForLastTask                      0x080058d5   Thumb Code    18  stm32f10x_rtc.o(.text)
    RTC_WaitForSynchro                       0x080058e7   Thumb Code    36  stm32f10x_rtc.o(.text)
    RTC_GetFlagStatus                        0x0800590b   Thumb Code    22  stm32f10x_rtc.o(.text)
    RTC_ClearFlag                            0x08005921   Thumb Code    16  stm32f10x_rtc.o(.text)
    RTC_GetITStatus                          0x08005931   Thumb Code    32  stm32f10x_rtc.o(.text)
    RTC_ClearITPendingBit                    0x08005951   Thumb Code    16  stm32f10x_rtc.o(.text)
    BKP_DeInit                               0x08005965   Thumb Code    16  stm32f10x_bkp.o(.text)
    BKP_TamperPinLevelConfig                 0x08005975   Thumb Code     6  stm32f10x_bkp.o(.text)
    BKP_TamperPinCmd                         0x0800597b   Thumb Code     8  stm32f10x_bkp.o(.text)
    BKP_ITConfig                             0x08005983   Thumb Code     8  stm32f10x_bkp.o(.text)
    BKP_RTCOutputConfig                      0x0800598b   Thumb Code    22  stm32f10x_bkp.o(.text)
    BKP_SetRTCCalibrationValue               0x080059a1   Thumb Code    22  stm32f10x_bkp.o(.text)
    BKP_WriteBackupRegister                  0x080059b7   Thumb Code    24  stm32f10x_bkp.o(.text)
    BKP_ReadBackupRegister                   0x080059cf   Thumb Code    26  stm32f10x_bkp.o(.text)
    BKP_GetFlagStatus                        0x080059e9   Thumb Code    10  stm32f10x_bkp.o(.text)
    BKP_ClearFlag                            0x080059f3   Thumb Code    18  stm32f10x_bkp.o(.text)
    BKP_GetITStatus                          0x08005a05   Thumb Code    10  stm32f10x_bkp.o(.text)
    BKP_ClearITPendingBit                    0x08005a0f   Thumb Code    18  stm32f10x_bkp.o(.text)
    PWR_DeInit                               0x08005a29   Thumb Code    22  stm32f10x_pwr.o(.text)
    PWR_BackupAccessCmd                      0x08005a3f   Thumb Code     6  stm32f10x_pwr.o(.text)
    PWR_PVDCmd                               0x08005a45   Thumb Code     6  stm32f10x_pwr.o(.text)
    PWR_PVDLevelConfig                       0x08005a4b   Thumb Code    18  stm32f10x_pwr.o(.text)
    PWR_WakeUpPinCmd                         0x08005a5d   Thumb Code     8  stm32f10x_pwr.o(.text)
    PWR_EnterSTOPMode                        0x08005a65   Thumb Code    54  stm32f10x_pwr.o(.text)
    PWR_EnterSTANDBYMode                     0x08005a9b   Thumb Code    42  stm32f10x_pwr.o(.text)
    PWR_GetFlagStatus                        0x08005ac5   Thumb Code    20  stm32f10x_pwr.o(.text)
    PWR_ClearFlag                            0x08005ad9   Thumb Code    14  stm32f10x_pwr.o(.text)
    IWDG_WriteAccessCmd                      0x08005af5   Thumb Code     6  stm32f10x_iwdg.o(.text)
    IWDG_SetPrescaler                        0x08005afb   Thumb Code     6  stm32f10x_iwdg.o(.text)
    IWDG_SetReload                           0x08005b01   Thumb Code     6  stm32f10x_iwdg.o(.text)
    IWDG_ReloadCounter                       0x08005b07   Thumb Code    10  stm32f10x_iwdg.o(.text)
    IWDG_Enable                              0x08005b11   Thumb Code    10  stm32f10x_iwdg.o(.text)
    IWDG_GetFlagStatus                       0x08005b1b   Thumb Code    20  stm32f10x_iwdg.o(.text)
    SPI_I2S_DeInit                           0x08005b35   Thumb Code    76  stm32f10x_spi.o(.text)
    SPI_Init                                 0x08005b81   Thumb Code    60  stm32f10x_spi.o(.text)
    I2S_Init                                 0x08005bbd   Thumb Code   226  stm32f10x_spi.o(.text)
    SPI_StructInit                           0x08005c9f   Thumb Code    24  stm32f10x_spi.o(.text)
    I2S_StructInit                           0x08005cb7   Thumb Code    20  stm32f10x_spi.o(.text)
    SPI_Cmd                                  0x08005ccb   Thumb Code    24  stm32f10x_spi.o(.text)
    I2S_Cmd                                  0x08005ce3   Thumb Code    24  stm32f10x_spi.o(.text)
    SPI_I2S_ITConfig                         0x08005cfb   Thumb Code    32  stm32f10x_spi.o(.text)
    SPI_I2S_DMACmd                           0x08005d1b   Thumb Code    18  stm32f10x_spi.o(.text)
    SPI_I2S_SendData                         0x08005d2d   Thumb Code     4  stm32f10x_spi.o(.text)
    SPI_I2S_ReceiveData                      0x08005d31   Thumb Code     6  stm32f10x_spi.o(.text)
    SPI_NSSInternalSoftwareConfig            0x08005d37   Thumb Code    30  stm32f10x_spi.o(.text)
    SPI_SSOutputCmd                          0x08005d55   Thumb Code    24  stm32f10x_spi.o(.text)
    SPI_DataSizeConfig                       0x08005d6d   Thumb Code    18  stm32f10x_spi.o(.text)
    SPI_TransmitCRC                          0x08005d7f   Thumb Code    10  stm32f10x_spi.o(.text)
    SPI_CalculateCRC                         0x08005d89   Thumb Code    24  stm32f10x_spi.o(.text)
    SPI_GetCRC                               0x08005da1   Thumb Code    16  stm32f10x_spi.o(.text)
    SPI_GetCRCPolynomial                     0x08005db1   Thumb Code     6  stm32f10x_spi.o(.text)
    SPI_BiDirectionalLineConfig              0x08005db7   Thumb Code    28  stm32f10x_spi.o(.text)
    SPI_I2S_GetFlagStatus                    0x08005dd3   Thumb Code    18  stm32f10x_spi.o(.text)
    SPI_I2S_ClearFlag                        0x08005de5   Thumb Code     6  stm32f10x_spi.o(.text)
    SPI_I2S_GetITStatus                      0x08005deb   Thumb Code    52  stm32f10x_spi.o(.text)
    SPI_I2S_ClearITPendingBit                0x08005e1f   Thumb Code    20  stm32f10x_spi.o(.text)
    EXTI_DeInit                              0x08005e41   Thumb Code    28  stm32f10x_exti.o(.text)
    EXTI_Init                                0x08005e5d   Thumb Code   142  stm32f10x_exti.o(.text)
    EXTI_StructInit                          0x08005eeb   Thumb Code    16  stm32f10x_exti.o(.text)
    EXTI_GenerateSWInterrupt                 0x08005efb   Thumb Code    16  stm32f10x_exti.o(.text)
    EXTI_GetFlagStatus                       0x08005f0b   Thumb Code    22  stm32f10x_exti.o(.text)
    EXTI_ClearFlag                           0x08005f21   Thumb Code     8  stm32f10x_exti.o(.text)
    EXTI_GetITStatus                         0x08005f29   Thumb Code    34  stm32f10x_exti.o(.text)
    EXTI_ClearITPendingBit                   0x08005f4b   Thumb Code     8  stm32f10x_exti.o(.text)
    SDIO_DeInit                              0x08005f5d   Thumb Code    28  stm32f10x_sdio.o(.text)
    SDIO_Init                                0x08005f79   Thumb Code    42  stm32f10x_sdio.o(.text)
    SDIO_StructInit                          0x08005fa3   Thumb Code    16  stm32f10x_sdio.o(.text)
    SDIO_ClockCmd                            0x08005fb3   Thumb Code     6  stm32f10x_sdio.o(.text)
    SDIO_SetPowerState                       0x08005fb9   Thumb Code    22  stm32f10x_sdio.o(.text)
    SDIO_GetPowerState                       0x08005fcf   Thumb Code    10  stm32f10x_sdio.o(.text)
    SDIO_ITConfig                            0x08005fd9   Thumb Code    26  stm32f10x_sdio.o(.text)
    SDIO_DMACmd                              0x08005ff3   Thumb Code     6  stm32f10x_sdio.o(.text)
    SDIO_SendCommand                         0x08005ff9   Thumb Code    38  stm32f10x_sdio.o(.text)
    SDIO_CmdStructInit                       0x0800601f   Thumb Code    14  stm32f10x_sdio.o(.text)
    SDIO_GetCommandResponse                  0x0800602d   Thumb Code     8  stm32f10x_sdio.o(.text)
    SDIO_GetResponse                         0x08006035   Thumb Code    22  stm32f10x_sdio.o(.text)
    SDIO_DataConfig                          0x0800604b   Thumb Code    42  stm32f10x_sdio.o(.text)
    SDIO_DataStructInit                      0x08006075   Thumb Code    20  stm32f10x_sdio.o(.text)
    SDIO_GetDataCounter                      0x08006089   Thumb Code     6  stm32f10x_sdio.o(.text)
    SDIO_ReadData                            0x0800608f   Thumb Code     8  stm32f10x_sdio.o(.text)
    SDIO_WriteData                           0x08006097   Thumb Code     8  stm32f10x_sdio.o(.text)
    SDIO_GetFIFOCount                        0x0800609f   Thumb Code     6  stm32f10x_sdio.o(.text)
    SDIO_StartSDIOReadWait                   0x080060a5   Thumb Code     8  stm32f10x_sdio.o(.text)
    SDIO_StopSDIOReadWait                    0x080060ad   Thumb Code     8  stm32f10x_sdio.o(.text)
    SDIO_SetSDIOReadWaitMode                 0x080060b5   Thumb Code     8  stm32f10x_sdio.o(.text)
    SDIO_SetSDIOOperation                    0x080060bd   Thumb Code     8  stm32f10x_sdio.o(.text)
    SDIO_SendSDIOSuspendCmd                  0x080060c5   Thumb Code     6  stm32f10x_sdio.o(.text)
    SDIO_CommandCompletionCmd                0x080060cb   Thumb Code     8  stm32f10x_sdio.o(.text)
    SDIO_CEATAITCmd                          0x080060d3   Thumb Code    12  stm32f10x_sdio.o(.text)
    SDIO_SendCEATACmd                        0x080060df   Thumb Code     8  stm32f10x_sdio.o(.text)
    SDIO_GetFlagStatus                       0x080060e7   Thumb Code    20  stm32f10x_sdio.o(.text)
    SDIO_ClearFlag                           0x080060fb   Thumb Code     6  stm32f10x_sdio.o(.text)
    SDIO_GetITStatus                         0x08006101   Thumb Code    20  stm32f10x_sdio.o(.text)
    SDIO_ClearITPendingBit                   0x08006115   Thumb Code     6  stm32f10x_sdio.o(.text)
    DMA_DeInit                               0x08006131   Thumb Code   324  stm32f10x_dma.o(.text)
    DMA_Init                                 0x08006275   Thumb Code    60  stm32f10x_dma.o(.text)
    DMA_StructInit                           0x080062b1   Thumb Code    26  stm32f10x_dma.o(.text)
    DMA_Cmd                                  0x080062cb   Thumb Code    24  stm32f10x_dma.o(.text)
    DMA_ITConfig                             0x080062e3   Thumb Code    18  stm32f10x_dma.o(.text)
    DMA_SetCurrDataCounter                   0x080062f5   Thumb Code     4  stm32f10x_dma.o(.text)
    DMA_GetCurrDataCounter                   0x080062f9   Thumb Code     8  stm32f10x_dma.o(.text)
    DMA_GetFlagStatus                        0x08006301   Thumb Code    40  stm32f10x_dma.o(.text)
    DMA_ClearFlag                            0x08006329   Thumb Code    22  stm32f10x_dma.o(.text)
    DMA_GetITStatus                          0x0800633f   Thumb Code    40  stm32f10x_dma.o(.text)
    DMA_ClearITPendingBit                    0x08006367   Thumb Code    22  stm32f10x_dma.o(.text)
    mymemcpy                                 0x08006385   Thumb Code    26  malloc.o(.text)
    mymemset                                 0x0800639f   Thumb Code    20  malloc.o(.text)
    my_mem_init                              0x080063b3   Thumb Code    54  malloc.o(.text)
    my_mem_perused                           0x080063e9   Thumb Code    54  malloc.o(.text)
    my_mem_malloc                            0x0800641f   Thumb Code   154  malloc.o(.text)
    my_mem_free                              0x080064b9   Thumb Code    94  malloc.o(.text)
    myfree                                   0x08006517   Thumb Code    32  malloc.o(.text)
    mymalloc                                 0x08006537   Thumb Code    36  malloc.o(.text)
    myrealloc                                0x0800655b   Thumb Code    68  malloc.o(.text)
    Standard_GetConfiguration                0x080065b1   Thumb Code    34  usb_core.o(.text)
    Standard_SetConfiguration                0x080065d3   Thumb Code    60  usb_core.o(.text)
    Standard_GetInterface                    0x0800660f   Thumb Code    34  usb_core.o(.text)
    Standard_SetInterface                    0x08006631   Thumb Code    96  usb_core.o(.text)
    Standard_GetStatus                       0x08006691   Thumb Code   238  usb_core.o(.text)
    Standard_ClearFeature                    0x0800677f   Thumb Code   342  usb_core.o(.text)
    Standard_SetEndPointFeature              0x080068d5   Thumb Code   220  usb_core.o(.text)
    Standard_SetDeviceFeature                0x080069b1   Thumb Code    30  usb_core.o(.text)
    Standard_GetDescriptorData               0x080069cf   Thumb Code    32  usb_core.o(.text)
    Post0_Process                            0x08006f03   Thumb Code    54  usb_core.o(.text)
    Setup0_Process                           0x08006f39   Thumb Code   170  usb_core.o(.text)
    SetDeviceAddress                         0x08006fe3   Thumb Code    70  usb_core.o(.text)
    In0_Process                              0x08007029   Thumb Code    98  usb_core.o(.text)
    Out0_Process                             0x0800708b   Thumb Code    70  usb_core.o(.text)
    NOP_Process                              0x080070d1   Thumb Code     2  usb_core.o(.text)
    CTR_LP                                   0x08007101   Thumb Code   616  usb_int.o(.text)
    CTR_HP                                   0x08007369   Thumb Code   178  usb_int.o(.text)
    UserToPMABufferCopy                      0x0800743d   Thumb Code    52  usb_mem.o(.text)
    PMAToUserBufferCopy                      0x08007471   Thumb Code    34  usb_mem.o(.text)
    SetCNTR                                  0x08007499   Thumb Code     6  usb_regs.o(.text)
    GetCNTR                                  0x0800749f   Thumb Code     8  usb_regs.o(.text)
    SetISTR                                  0x080074a7   Thumb Code     8  usb_regs.o(.text)
    GetISTR                                  0x080074af   Thumb Code    10  usb_regs.o(.text)
    GetFNR                                   0x080074b9   Thumb Code    10  usb_regs.o(.text)
    SetDADDR                                 0x080074c3   Thumb Code     8  usb_regs.o(.text)
    GetDADDR                                 0x080074cb   Thumb Code    10  usb_regs.o(.text)
    SetBTABLE                                0x080074d5   Thumb Code    14  usb_regs.o(.text)
    GetBTABLE                                0x080074e3   Thumb Code    10  usb_regs.o(.text)
    SetENDPOINT                              0x080074ed   Thumb Code    12  usb_regs.o(.text)
    GetENDPOINT                              0x080074f9   Thumb Code    16  usb_regs.o(.text)
    SetEPType                                0x08007509   Thumb Code    32  usb_regs.o(.text)
    GetEPType                                0x08007529   Thumb Code    18  usb_regs.o(.text)
    SetEPTxStatus                            0x0800753b   Thumb Code    60  usb_regs.o(.text)
    SetEPRxStatus                            0x08007577   Thumb Code    60  usb_regs.o(.text)
    SetDouBleBuffEPStall                     0x080075b3   Thumb Code    54  usb_regs.o(.text)
    GetEPTxStatus                            0x080075e9   Thumb Code    18  usb_regs.o(.text)
    GetEPRxStatus                            0x080075fb   Thumb Code    18  usb_regs.o(.text)
    SetEPTxValid                             0x0800760d   Thumb Code    48  usb_regs.o(.text)
    SetEPRxValid                             0x0800763d   Thumb Code    48  usb_regs.o(.text)
    SetEP_KIND                               0x0800766d   Thumb Code    38  usb_regs.o(.text)
    ClearEP_KIND                             0x08007693   Thumb Code    34  usb_regs.o(.text)
    Clear_Status_Out                         0x080076b5   Thumb Code    34  usb_regs.o(.text)
    Set_Status_Out                           0x080076d7   Thumb Code    38  usb_regs.o(.text)
    SetEPDoubleBuff                          0x080076fd   Thumb Code    38  usb_regs.o(.text)
    ClearEPDoubleBuff                        0x08007723   Thumb Code    34  usb_regs.o(.text)
    GetTxStallStatus                         0x08007745   Thumb Code    28  usb_regs.o(.text)
    GetRxStallStatus                         0x08007761   Thumb Code    30  usb_regs.o(.text)
    ClearEP_CTR_RX                           0x0800777f   Thumb Code    32  usb_regs.o(.text)
    ClearEP_CTR_TX                           0x0800779f   Thumb Code    28  usb_regs.o(.text)
    ToggleDTOG_RX                            0x080077bb   Thumb Code    34  usb_regs.o(.text)
    ToggleDTOG_TX                            0x080077dd   Thumb Code    34  usb_regs.o(.text)
    ClearDTOG_RX                             0x080077ff   Thumb Code    48  usb_regs.o(.text)
    ClearDTOG_TX                             0x0800782f   Thumb Code    48  usb_regs.o(.text)
    SetEPAddress                             0x0800785f   Thumb Code    46  usb_regs.o(.text)
    GetEPAddress                             0x0800788d   Thumb Code    18  usb_regs.o(.text)
    SetEPTxAddr                              0x0800789f   Thumb Code    24  usb_regs.o(.text)
    SetEPRxAddr                              0x080078b7   Thumb Code    26  usb_regs.o(.text)
    GetEPTxAddr                              0x080078d1   Thumb Code    22  usb_regs.o(.text)
    GetEPRxAddr                              0x080078e7   Thumb Code    24  usb_regs.o(.text)
    SetEPTxCount                             0x080078ff   Thumb Code    20  usb_regs.o(.text)
    SetEPCountRxReg                          0x08007913   Thumb Code    48  usb_regs.o(.text)
    SetEPRxCount                             0x08007943   Thumb Code    68  usb_regs.o(.text)
    GetEPTxCount                             0x08007987   Thumb Code    26  usb_regs.o(.text)
    GetEPRxCount                             0x080079a1   Thumb Code    26  usb_regs.o(.text)
    SetEPDblBuffAddr                         0x080079bb   Thumb Code    44  usb_regs.o(.text)
    SetEPDblBuf0Addr                         0x080079e7   Thumb Code    24  usb_regs.o(.text)
    SetEPDblBuf1Addr                         0x080079ff   Thumb Code    26  usb_regs.o(.text)
    GetEPDblBuf0Addr                         0x08007a19   Thumb Code    22  usb_regs.o(.text)
    GetEPDblBuf1Addr                         0x08007a2f   Thumb Code    24  usb_regs.o(.text)
    SetEPDblBuffCount                        0x08007a47   Thumb Code   186  usb_regs.o(.text)
    SetEPDblBuf0Count                        0x08007b01   Thumb Code    96  usb_regs.o(.text)
    SetEPDblBuf1Count                        0x08007b61   Thumb Code    96  usb_regs.o(.text)
    GetEPDblBuf0Count                        0x08007bc1   Thumb Code    26  usb_regs.o(.text)
    GetEPDblBuf1Count                        0x08007bdb   Thumb Code    26  usb_regs.o(.text)
    GetEPDblBufDir                           0x08007bf5   Thumb Code    62  usb_regs.o(.text)
    FreeUserBuffer                           0x08007c33   Thumb Code    90  usb_regs.o(.text)
    ToWord                                   0x08007c8d   Thumb Code     8  usb_regs.o(.text)
    ByteSwap                                 0x08007c95   Thumb Code    12  usb_regs.o(.text)
    USB_SIL_Init                             0x08007ca1   Thumb Code    28  usb_sil.o(.text)
    USB_SIL_Write                            0x08007cbd   Thumb Code    46  usb_sil.o(.text)
    USB_SIL_Read                             0x08007ceb   Thumb Code    46  usb_sil.o(.text)
    USBWakeUp_IRQHandler                     0x08007d21   Thumb Code    12  hw_config.o(.text)
    USB_LP_CAN1_RX0_IRQHandler               0x08007d2d   Thumb Code     8  hw_config.o(.text)
    Set_USBClock                             0x08007d35   Thumb Code    18  hw_config.o(.text)
    Enter_LowPowerMode                       0x08007d47   Thumb Code    16  hw_config.o(.text)
    Leave_LowPowerMode                       0x08007d57   Thumb Code    30  hw_config.o(.text)
    USB_Interrupts_Config                    0x08007d75   Thumb Code    84  hw_config.o(.text)
    USB_Cable_Config                         0x08007dc9   Thumb Code    22  hw_config.o(.text)
    USB_Port_Set                             0x08007ddf   Thumb Code    74  hw_config.o(.text)
    IntToUnicode                             0x08007e29   Thumb Code    62  hw_config.o(.text)
    Get_SerialNum                            0x08007e67   Thumb Code    42  hw_config.o(.text)
    Led_RW_ON                                0x08007e91   Thumb Code     8  hw_config.o(.text)
    Led_RW_OFF                               0x08007e99   Thumb Code     8  hw_config.o(.text)
    USB_NotConfigured_LED                    0x08007ea1   Thumb Code    10  hw_config.o(.text)
    MAL_Init                                 0x08007f45   Thumb Code    26  mass_mal.o(.text)
    MAL_Write                                0x08007f5f   Thumb Code    74  mass_mal.o(.text)
    MAL_Read                                 0x08007fa9   Thumb Code    74  mass_mal.o(.text)
    MAL_GetStatus                            0x08007ff3   Thumb Code    22  mass_mal.o(.text)
    Read_Memory                              0x08008009   Thumb Code   302  memory.o(.text)
    Write_Memory                             0x08008137   Thumb Code   344  memory.o(.text)
    Set_CSW                                  0x080082d1   Thumb Code    46  usb_bot.o(.text)
    Mass_Storage_In                          0x080082ff   Thumb Code   146  usb_bot.o(.text)
    Bot_Abort                                0x08008391   Thumb Code    64  usb_bot.o(.text)
    CBW_Decode                               0x080083d1   Thumb Code   678  usb_bot.o(.text)
    Mass_Storage_Out                         0x08008677   Thumb Code   190  usb_bot.o(.text)
    Transfer_Data_Request                    0x08008735   Thumb Code    46  usb_bot.o(.text)
    EP1_IN_Callback                          0x08008771   Thumb Code     8  usb_endp.o(.text)
    EP2_OUT_Callback                         0x08008779   Thumb Code     8  usb_endp.o(.text)
    USB_Istr                                 0x08008781   Thumb Code   222  usb_istr.o(.text)
    MASS_init                                0x08008879   Thumb Code    30  usb_prop.o(.text)
    MASS_Reset                               0x08008897   Thumb Code   208  usb_prop.o(.text)
    Mass_Storage_SetConfiguration            0x08008967   Thumb Code    36  usb_prop.o(.text)
    Mass_Storage_ClearFeature                0x0800898b   Thumb Code    20  usb_prop.o(.text)
    Mass_Storage_SetDeviceAddress            0x0800899f   Thumb Code     8  usb_prop.o(.text)
    MASS_Status_In                           0x080089a7   Thumb Code     2  usb_prop.o(.text)
    MASS_Status_Out                          0x080089a9   Thumb Code     2  usb_prop.o(.text)
    Get_Max_Lun                              0x080089ab   Thumb Code    20  usb_prop.o(.text)
    MASS_Data_Setup                          0x080089bf   Thumb Code    88  usb_prop.o(.text)
    MASS_NoData_Setup                        0x08008a17   Thumb Code    76  usb_prop.o(.text)
    MASS_Get_Interface_Setting               0x08008a63   Thumb Code    22  usb_prop.o(.text)
    MASS_GetDeviceDescriptor                 0x08008a79   Thumb Code    14  usb_prop.o(.text)
    MASS_GetConfigDescriptor                 0x08008a87   Thumb Code    14  usb_prop.o(.text)
    MASS_GetStringDescriptor                 0x08008a95   Thumb Code    32  usb_prop.o(.text)
    PowerOn                                  0x08008ae5   Thumb Code    54  usb_pwr.o(.text)
    PowerOff                                 0x08008b1b   Thumb Code    28  usb_pwr.o(.text)
    Suspend                                  0x08008b37   Thumb Code   142  usb_pwr.o(.text)
    Resume_Init                              0x08008bc5   Thumb Code    30  usb_pwr.o(.text)
    Resume                                   0x08008be3   Thumb Code   194  usb_pwr.o(.text)
    SCSI_Inquiry_Cmd                         0x08008cbd   Thumb Code    54  usb_scsi.o(.text)
    Set_Scsi_Sense_Data                      0x08008cf3   Thumb Code     8  usb_scsi.o(.text)
    SCSI_ReadFormatCapacity_Cmd              0x08008cfb   Thumb Code   120  usb_scsi.o(.text)
    SCSI_ReadCapacity10_Cmd                  0x08008d73   Thumb Code   138  usb_scsi.o(.text)
    SCSI_ModeSense6_Cmd                      0x08008dfd   Thumb Code    14  usb_scsi.o(.text)
    SCSI_ModeSense10_Cmd                     0x08008e0b   Thumb Code    14  usb_scsi.o(.text)
    SCSI_RequestSense_Cmd                    0x08008e19   Thumb Code    30  usb_scsi.o(.text)
    SCSI_Start_Stop_Unit_Cmd                 0x08008e37   Thumb Code    14  usb_scsi.o(.text)
    SCSI_Address_Management                  0x08008e45   Thumb Code   126  usb_scsi.o(.text)
    SCSI_Read10_Cmd                          0x08008ec3   Thumb Code   110  usb_scsi.o(.text)
    SCSI_Write10_Cmd                         0x08008f31   Thumb Code   110  usb_scsi.o(.text)
    SCSI_Verify10_Cmd                        0x08008f9f   Thumb Code    58  usb_scsi.o(.text)
    SCSI_Valid_Cmd                           0x08008fd9   Thumb Code    48  usb_scsi.o(.text)
    SCSI_TestUnitReady_Cmd                   0x08009009   Thumb Code    52  usb_scsi.o(.text)
    SCSI_Format_Cmd                          0x0800903d   Thumb Code    44  usb_scsi.o(.text)
    SCSI_Invalid_Cmd                         0x08009069   Thumb Code   112  usb_scsi.o(.text)
    disk_status                              0x080090d9   Thumb Code     6  diskio.o(.text)
    disk_initialize                          0x080090df   Thumb Code    52  diskio.o(.text)
    disk_read                                0x08009113   Thumb Code   122  diskio.o(.text)
    disk_write                               0x0800918d   Thumb Code   122  diskio.o(.text)
    disk_ioctl                               0x08009207   Thumb Code   170  diskio.o(.text)
    get_fattime                              0x080092b1   Thumb Code     4  diskio.o(.text)
    ff_memalloc                              0x080092b5   Thumb Code    14  diskio.o(.text)
    ff_memfree                               0x080092c3   Thumb Code    14  diskio.o(.text)
    clust2sect                               0x0800948f   Thumb Code    26  ff.o(.text)
    get_fat                                  0x080094a9   Thumb Code   242  ff.o(.text)
    put_fat                                  0x0800959b   Thumb Code   322  ff.o(.text)
    dir_sdi                                  0x08009851   Thumb Code   158  ff.o(.text)
    f_mount                                  0x0800a8db   Thumb Code    86  ff.o(.text)
    f_open                                   0x0800a931   Thumb Code   384  ff.o(.text)
    f_read                                   0x0800aab1   Thumb Code   450  ff.o(.text)
    f_write                                  0x0800ac73   Thumb Code   490  ff.o(.text)
    f_sync                                   0x0800ae5d   Thumb Code   176  ff.o(.text)
    f_close                                  0x0800af0d   Thumb Code    32  ff.o(.text)
    f_lseek                                  0x0800af2d   Thumb Code   684  ff.o(.text)
    f_opendir                                0x0800b1d9   Thumb Code   136  ff.o(.text)
    f_closedir                               0x0800b261   Thumb Code    22  ff.o(.text)
    f_readdir                                0x0800b277   Thumb Code   114  ff.o(.text)
    f_stat                                   0x0800b2e9   Thumb Code    84  ff.o(.text)
    f_getfree                                0x0800b33d   Thumb Code   258  ff.o(.text)
    f_truncate                               0x0800b43f   Thumb Code   184  ff.o(.text)
    f_unlink                                 0x0800b4f7   Thumb Code   190  ff.o(.text)
    f_mkdir                                  0x0800b5b5   Thumb Code   380  ff.o(.text)
    f_chmod                                  0x0800b731   Thumb Code   112  ff.o(.text)
    f_rename                                 0x0800b7a1   Thumb Code   290  ff.o(.text)
    f_utime                                  0x0800b8c3   Thumb Code   110  ff.o(.text)
    f_getlabel                               0x0800b931   Thumb Code   190  ff.o(.text)
    f_setlabel                               0x0800b9ef   Thumb Code   482  ff.o(.text)
    f_mkfs                                   0x0800bbd1   Thumb Code  1578  ff.o(.text)
    f_gets                                   0x0800c1fb   Thumb Code    82  ff.o(.text)
    f_putc                                   0x0800c291   Thumb Code    64  ff.o(.text)
    f_puts                                   0x0800c2d1   Thumb Code    74  ff.o(.text)
    f_printf                                 0x0800c31b   Thumb Code   674  ff.o(.text)
    ff_convert                               0x0800c5bd   Thumb Code   116  cc936.o(.text)
    ff_wtoupper                              0x0800c631   Thumb Code    46  cc936.o(.text)
    exfuns_init                              0x0800c671   Thumb Code   114  exfuns.o(.text)
    char_upper                               0x0800c6e3   Thumb Code    26  exfuns.o(.text)
    f_typetell                               0x0800c6fd   Thumb Code   188  exfuns.o(.text)
    exf_getfree                              0x0800c7b9   Thumb Code    74  exfuns.o(.text)
    __use_no_semihosting                     0x0800c819   Thumb Code     2  use_no_semi_2.o(.text)
    __aeabi_uldivmod                         0x0800c81b   Thumb Code     0  lludivv7m.o(.text)
    _ll_udiv                                 0x0800c81b   Thumb Code   238  lludivv7m.o(.text)
    __aeabi_ldivmod                          0x0800c909   Thumb Code     0  llsdiv.o(.text)
    _ll_sdiv                                 0x0800c909   Thumb Code    72  llsdiv.o(.text)
    __2printf                                0x0800c951   Thumb Code    20  noretval__2printf.o(.text)
    __printf                                 0x0800c969   Thumb Code   104  __printf.o(.text)
    _printf_int_dec                          0x0800c9d1   Thumb Code   104  _printf_dec.o(.text)
    _printf_int_hex                          0x0800ca49   Thumb Code    84  _printf_hex_int.o(.text)
    _printf_longlong_hex                     0x0800ca49   Thumb Code     0  _printf_hex_int.o(.text)
    strcpy                                   0x0800caa1   Thumb Code    72  strcpy.o(.text)
    __aeabi_memcpy                           0x0800cae9   Thumb Code     0  rt_memcpy_v6.o(.text)
    __rt_memcpy                              0x0800cae9   Thumb Code   138  rt_memcpy_v6.o(.text)
    _memcpy_lastbytes                        0x0800cb4f   Thumb Code     0  rt_memcpy_v6.o(.text)
    __aeabi_memclr4                          0x0800cb73   Thumb Code     0  rt_memclr_w.o(.text)
    __aeabi_memclr8                          0x0800cb73   Thumb Code     0  rt_memclr_w.o(.text)
    __rt_memclr_w                            0x0800cb73   Thumb Code    78  rt_memclr_w.o(.text)
    _memset_w                                0x0800cb77   Thumb Code     0  rt_memclr_w.o(.text)
    strcmp                                   0x0800cbc1   Thumb Code   128  strcmpv7m.o(.text)
    __use_two_region_memory                  0x0800cc41   Thumb Code     2  heapauxi.o(.text)
    __rt_heap_escrow$2region                 0x0800cc43   Thumb Code     2  heapauxi.o(.text)
    __rt_heap_expand$2region                 0x0800cc45   Thumb Code     2  heapauxi.o(.text)
    __I$use$semihosting                      0x0800cc47   Thumb Code     0  use_no_semi.o(.text)
    __use_no_semihosting_swi                 0x0800cc47   Thumb Code     2  use_no_semi.o(.text)
    _printf_int_common                       0x0800cc49   Thumb Code   178  _printf_intcommon.o(.text)
    _printf_char_file                        0x0800ccfd   Thumb Code    32  _printf_char_file.o(.text)
    __aeabi_memcpy4                          0x0800cd21   Thumb Code     0  rt_memcpy_w.o(.text)
    __aeabi_memcpy8                          0x0800cd21   Thumb Code     0  rt_memcpy_w.o(.text)
    __rt_memcpy_w                            0x0800cd21   Thumb Code   100  rt_memcpy_w.o(.text)
    _memcpy_lastbytes_aligned                0x0800cd69   Thumb Code     0  rt_memcpy_w.o(.text)
    _printf_char_common                      0x0800cd8f   Thumb Code    32  _printf_char_common.o(.text)
    ferror                                   0x0800cdb5   Thumb Code     8  ferror.o(.text)
    __user_setup_stackheap                   0x0800cdbd   Thumb Code    74  sys_stackheap_outer.o(.text)
    exit                                     0x0800ce07   Thumb Code    12  exit.o(.text)
    __user_libspace                          0x0800ce15   Thumb Code     8  libspace.o(.text)
    __user_perproc_libspace                  0x0800ce15   Thumb Code     0  libspace.o(.text)
    __user_perthread_libspace                0x0800ce15   Thumb Code     0  libspace.o(.text)
    table_week                               0x0800ce1c   Data          12  rtc.o(.constdata)
    mon_table                                0x0800ce28   Data          12  rtc.o(.constdata)
    memtblsize                               0x0800ce34   Data           8  malloc.o(.constdata)
    memblksize                               0x0800ce3c   Data           8  malloc.o(.constdata)
    memsize                                  0x0800ce44   Data           8  malloc.o(.constdata)
    MASS_DeviceDescriptor                    0x0800ce4c   Data          18  usb_desc.o(.constdata)
    MASS_ConfigDescriptor                    0x0800ce5e   Data          32  usb_desc.o(.constdata)
    MASS_StringLangID                        0x0800ce7e   Data           4  usb_desc.o(.constdata)
    MASS_StringVendor                        0x0800ce82   Data          38  usb_desc.o(.constdata)
    MASS_StringProduct                       0x0800cea8   Data          38  usb_desc.o(.constdata)
    MASS_StringInterface                     0x0800cece   Data          16  usb_desc.o(.constdata)
    FILE_TYPE_TBL                            0x08037be0   Data         312  exfuns.o(.constdata)
    Region$$Table$$Base                      0x08037da4   Number         0  anon$$obj.o(Region$$Table)
    Region$$Table$$Limit                     0x08037dc4   Number         0  anon$$obj.o(Region$$Table)
    SystemCoreClock                          0x20000000   Data           4  system_stm32f10x.o(.data)
    AHBPrescTable                            0x20000004   Data          16  system_stm32f10x.o(.data)
    W25QXX_TYPE                              0x2000002a   Data           2  w25qxx.o(.data)
    TransferError                            0x20000036   Data           1  sdio_sdcard.o(.data)
    TransferEnd                              0x20000037   Data           1  sdio_sdcard.o(.data)
    tempbuff                                 0x20000038   Data           4  sdio_sdcard.o(.data)
    __stdout                                 0x20000040   Data           4  usart.o(.data)
    USART_RX_STA                             0x20000044   Data           2  usart.o(.data)
    mallco_dev                               0x2000005c   Data          28  malloc.o(.data)
    StatusInfo                               0x20000078   Data           2  usb_core.o(.data)
    Data_Mul_MaxPacketSize                   0x2000007a   Data           1  usb_core.o(.data)
    EPindex                                  0x2000007c   Data           1  usb_init.o(.data)
    pInformation                             0x20000080   Data           4  usb_init.o(.data)
    pProperty                                0x20000084   Data           4  usb_init.o(.data)
    SaveState                                0x20000088   Data           2  usb_init.o(.data)
    wInterrupt_Mask                          0x2000008a   Data           2  usb_init.o(.data)
    pUser_Standard_Requests                  0x2000008c   Data           4  usb_init.o(.data)
    SaveRState                               0x20000090   Data           2  usb_int.o(.data)
    SaveTState                               0x20000092   Data           2  usb_int.o(.data)
    Mass_Block_Size                          0x20000094   Data           8  mass_mal.o(.data)
    Mass_Block_Count                         0x2000009c   Data           8  mass_mal.o(.data)
    Block_Read_count                         0x200000a8   Data           4  memory.o(.data)
    Block_offset                             0x200000ac   Data           4  memory.o(.data)
    Counter                                  0x200000b0   Data           4  memory.o(.data)
    Idx                                      0x200000b4   Data           4  memory.o(.data)
    Data_Buffer                              0x200000b8   Data           4  memory.o(.data)
    TransferState                            0x200000bc   Data           1  memory.o(.data)
    USB_STATUS_REG                           0x200000bd   Data           1  memory.o(.data)
    Page00_Inquiry_Data                      0x200000e0   Data           5  scsi_data.o(.data)
    Standard_Inquiry_Data                    0x200000e5   Data          36  scsi_data.o(.data)
    Standard_Inquiry_Data2                   0x20000109   Data          37  scsi_data.o(.data)
    Mode_Sense6_data                         0x2000012e   Data           4  scsi_data.o(.data)
    Mode_Sense10_data                        0x20000132   Data           8  scsi_data.o(.data)
    Scsi_Sense_Data                          0x2000013a   Data          18  scsi_data.o(.data)
    ReadCapacity10_Data                      0x2000014c   Data           8  scsi_data.o(.data)
    ReadFormatCapacity_Data                  0x20000154   Data          12  scsi_data.o(.data)
    Bot_State                                0x20000160   Data           1  usb_bot.o(.data)
    Bulk_Data_Buff                           0x20000164   Data           4  usb_bot.o(.data)
    Data_Len                                 0x20000168   Data           2  usb_bot.o(.data)
    SCSI_LBA                                 0x2000016c   Data           4  usb_bot.o(.data)
    SCSI_BlkLen                              0x20000170   Data           4  usb_bot.o(.data)
    MASS_StringSerial                        0x20000174   Data          26  usb_desc.o(.data)
    wIstr                                    0x20000190   Data           2  usb_istr.o(.data)
    bIntPackSOF                              0x20000192   Data           1  usb_istr.o(.data)
    pEpInt_IN                                0x20000194   Data          28  usb_istr.o(.data)
    pEpInt_OUT                               0x200001b0   Data          28  usb_istr.o(.data)
    Max_Lun                                  0x200001cc   Data           1  usb_prop.o(.data)
    Device_Table                             0x200001cd   Data           2  usb_prop.o(.data)
    Device_Property                          0x200001d0   Data          48  usb_prop.o(.data)
    User_Standard_Requests                   0x20000200   Data          36  usb_prop.o(.data)
    Device_Descriptor                        0x20000224   Data           8  usb_prop.o(.data)
    Config_Descriptor                        0x2000022c   Data           8  usb_prop.o(.data)
    String_Descriptor                        0x20000234   Data          40  usb_prop.o(.data)
    bDeviceState                             0x2000025c   Data           4  usb_pwr.o(.data)
    fSuspendEnabled                          0x20000260   Data           1  usb_pwr.o(.data)
    ResumeS                                  0x20000261   Data           2  usb_pwr.o(.data)
    remotewakeupon                           0x20000264   Data           4  usb_pwr.o(.data)
    FLASH_SECTOR_COUNT                       0x20000268   Data           2  diskio.o(.data)
    fs                                       0x20000278   Data           8  exfuns.o(.data)
    file                                     0x20000280   Data           4  exfuns.o(.data)
    ftemp                                    0x20000284   Data           4  exfuns.o(.data)
    br                                       0x20000288   Data           4  exfuns.o(.data)
    bw                                       0x2000028c   Data           4  exfuns.o(.data)
    fatbuf                                   0x20000290   Data           4  exfuns.o(.data)
    calendar                                 0x20000294   Data          10  rtc.o(.bss)
    W25QXX_BUFFER                            0x2000029e   Data        4096  w25qxx.o(.bss)
    SDIO_InitStructure                       0x200012a0   Data          24  sdio_sdcard.o(.bss)
    SDIO_CmdInitStructure                    0x200012b8   Data          20  sdio_sdcard.o(.bss)
    SDIO_DataInitStructure                   0x200012cc   Data          24  sdio_sdcard.o(.bss)
    SDCardInfo                               0x20001308   Data          88  sdio_sdcard.o(.bss)
    SDIO_DATA_BUFFER                         0x20001360   Data         512  sdio_sdcard.o(.bss)
    USART_RX_BUF                             0x20001560   Data         200  usart.o(.bss)
    mem1base                                 0x20001640   Data        4096  malloc.o(.bss)
    mem1mapbase                              0x20002640   Data         256  malloc.o(.bss)
    Device_Info                              0x20002740   Data          28  usb_init.o(.bss)
    CBW                                      0x2000275c   Data          32  usb_bot.o(.bss)
    CSW                                      0x2000277c   Data          16  usb_bot.o(.bss)
    EP                                       0x2000278c   Data          32  usb_pwr.o(.bss)
    __libspace_start                         0x200027ac   Data          96  libspace.o(.bss)
    __temporary_stack_top$libspace           0x2000280c   Data           0  libspace.o(.bss)
    mem2base                                 0x68000000   Data          32  malloc.o(.ARM.__AT_0x68000000)
    mem2mapbase                              0x68000020   Data           2  malloc.o(.ARM.__AT_0x68000020)



==============================================================================

Memory Map of the image

  Image Entry point : 0x08000131

  Load Region LR_IROM1 (Base: 0x08000000, Size: 0x00038058, Max: 0x00080000, ABSOLUTE, COMPRESSED[0x00037eb0])

    Execution Region ER_IROM1 (Base: 0x08000000, Size: 0x00037dc4, Max: 0x00080000, ABSOLUTE)

    Base Addr    Size         Type   Attr      Idx    E Section Name        Object

    0x08000000   0x00000130   Data   RO          539    RESET               startup_stm32f10x_hd.o
    0x08000130   0x00000008   Code   RO         1238  * !!!main             c_w.l(__main.o)
    0x08000138   0x00000034   Code   RO         1421    !!!scatter          c_w.l(__scatter.o)
    0x0800016c   0x0000005a   Code   RO         1419    !!dczerorl2         c_w.l(__dczerorl2.o)
    0x080001c6   0x00000002   PAD
    0x080001c8   0x0000001c   Code   RO         1423    !!handler_zi        c_w.l(__scatter_zi.o)
    0x080001e4   0x00000000   Code   RO         1227    .ARM.Collect$$_printf_percent$$00000000  c_w.l(_printf_percent.o)
    0x080001e4   0x00000006   Code   RO         1226    .ARM.Collect$$_printf_percent$$00000009  c_w.l(_printf_d.o)
    0x080001ea   0x00000006   Code   RO         1225    .ARM.Collect$$_printf_percent$$0000000C  c_w.l(_printf_x.o)
    0x080001f0   0x00000004   Code   RO         1253    .ARM.Collect$$_printf_percent$$00000017  c_w.l(_printf_percent_end.o)
    0x080001f4   0x00000002   Code   RO         1294    .ARM.Collect$$libinit$$00000000  c_w.l(libinit.o)
    0x080001f6   0x00000000   Code   RO         1307    .ARM.Collect$$libinit$$00000002  c_w.l(libinit2.o)
    0x080001f6   0x00000000   Code   RO         1309    .ARM.Collect$$libinit$$00000004  c_w.l(libinit2.o)
    0x080001f6   0x00000000   Code   RO         1312    .ARM.Collect$$libinit$$0000000A  c_w.l(libinit2.o)
    0x080001f6   0x00000000   Code   RO         1314    .ARM.Collect$$libinit$$0000000C  c_w.l(libinit2.o)
    0x080001f6   0x00000000   Code   RO         1316    .ARM.Collect$$libinit$$0000000E  c_w.l(libinit2.o)
    0x080001f6   0x00000000   Code   RO         1319    .ARM.Collect$$libinit$$00000011  c_w.l(libinit2.o)
    0x080001f6   0x00000000   Code   RO         1321    .ARM.Collect$$libinit$$00000013  c_w.l(libinit2.o)
    0x080001f6   0x00000000   Code   RO         1323    .ARM.Collect$$libinit$$00000015  c_w.l(libinit2.o)
    0x080001f6   0x00000000   Code   RO         1325    .ARM.Collect$$libinit$$00000017  c_w.l(libinit2.o)
    0x080001f6   0x00000000   Code   RO         1327    .ARM.Collect$$libinit$$00000019  c_w.l(libinit2.o)
    0x080001f6   0x00000000   Code   RO         1329    .ARM.Collect$$libinit$$0000001B  c_w.l(libinit2.o)
    0x080001f6   0x00000000   Code   RO         1331    .ARM.Collect$$libinit$$0000001D  c_w.l(libinit2.o)
    0x080001f6   0x00000000   Code   RO         1333    .ARM.Collect$$libinit$$0000001F  c_w.l(libinit2.o)
    0x080001f6   0x00000000   Code   RO         1335    .ARM.Collect$$libinit$$00000021  c_w.l(libinit2.o)
    0x080001f6   0x00000000   Code   RO         1337    .ARM.Collect$$libinit$$00000023  c_w.l(libinit2.o)
    0x080001f6   0x00000000   Code   RO         1339    .ARM.Collect$$libinit$$00000025  c_w.l(libinit2.o)
    0x080001f6   0x00000000   Code   RO         1343    .ARM.Collect$$libinit$$0000002C  c_w.l(libinit2.o)
    0x080001f6   0x00000000   Code   RO         1345    .ARM.Collect$$libinit$$0000002E  c_w.l(libinit2.o)
    0x080001f6   0x00000000   Code   RO         1347    .ARM.Collect$$libinit$$00000030  c_w.l(libinit2.o)
    0x080001f6   0x00000000   Code   RO         1349    .ARM.Collect$$libinit$$00000032  c_w.l(libinit2.o)
    0x080001f6   0x00000002   Code   RO         1350    .ARM.Collect$$libinit$$00000033  c_w.l(libinit2.o)
    0x080001f8   0x00000002   Code   RO         1376    .ARM.Collect$$libshutdown$$00000000  c_w.l(libshutdown.o)
    0x080001fa   0x00000000   Code   RO         1404    .ARM.Collect$$libshutdown$$00000003  c_w.l(libshutdown2.o)
    0x080001fa   0x00000000   Code   RO         1407    .ARM.Collect$$libshutdown$$00000006  c_w.l(libshutdown2.o)
    0x080001fa   0x00000000   Code   RO         1410    .ARM.Collect$$libshutdown$$00000009  c_w.l(libshutdown2.o)
    0x080001fa   0x00000000   Code   RO         1412    .ARM.Collect$$libshutdown$$0000000B  c_w.l(libshutdown2.o)
    0x080001fa   0x00000000   Code   RO         1415    .ARM.Collect$$libshutdown$$0000000E  c_w.l(libshutdown2.o)
    0x080001fa   0x00000002   Code   RO         1416    .ARM.Collect$$libshutdown$$0000000F  c_w.l(libshutdown2.o)
    0x080001fc   0x00000000   Code   RO         1242    .ARM.Collect$$rtentry$$00000000  c_w.l(__rtentry.o)
    0x080001fc   0x00000000   Code   RO         1257    .ARM.Collect$$rtentry$$00000002  c_w.l(__rtentry2.o)
    0x080001fc   0x00000006   Code   RO         1269    .ARM.Collect$$rtentry$$00000004  c_w.l(__rtentry4.o)
    0x08000202   0x00000000   Code   RO         1259    .ARM.Collect$$rtentry$$00000009  c_w.l(__rtentry2.o)
    0x08000202   0x00000004   Code   RO         1260    .ARM.Collect$$rtentry$$0000000A  c_w.l(__rtentry2.o)
    0x08000206   0x00000000   Code   RO         1262    .ARM.Collect$$rtentry$$0000000C  c_w.l(__rtentry2.o)
    0x08000206   0x00000008   Code   RO         1263    .ARM.Collect$$rtentry$$0000000D  c_w.l(__rtentry2.o)
    0x0800020e   0x00000002   Code   RO         1298    .ARM.Collect$$rtexit$$00000000  c_w.l(rtexit.o)
    0x08000210   0x00000000   Code   RO         1352    .ARM.Collect$$rtexit$$00000002  c_w.l(rtexit2.o)
    0x08000210   0x00000004   Code   RO         1353    .ARM.Collect$$rtexit$$00000003  c_w.l(rtexit2.o)
    0x08000214   0x00000006   Code   RO         1354    .ARM.Collect$$rtexit$$00000004  c_w.l(rtexit2.o)
    0x0800021a   0x00000002   PAD
    0x0800021c   0x0000021c   Code   RO            1    .text               main.o
    0x08000438   0x0000001a   Code   RO          239    .text               stm32f10x_it.o
    0x08000452   0x00000002   PAD
    0x08000454   0x000001e0   Code   RO          280    .text               system_stm32f10x.o
    0x08000634   0x000002c8   Code   RO          298    .text               brake.o
    0x080008fc   0x0000004c   Code   RO          312    .text               led.o
    0x08000948   0x000000d8   Code   RO          324    .text               key.o
    0x08000a20   0x00000178   Code   RO          337    .text               can.o
    0x08000b98   0x000000f0   Code   RO          349    .text               timer.o
    0x08000c88   0x00000478   Code   RO          369    .text               rtc.o
    0x08001100   0x0000002c   Code   RO          404    .text               iwdg.o
    0x0800112c   0x00000108   Code   RO          416    .text               spi.o
    0x08001234   0x00000368   Code   RO          428    .text               w25qxx.o
    0x0800159c   0x00001c30   Code   RO          447    .text               sdio_sdcard.o
    0x080031cc   0x000000d4   Code   RO          473    .text               delay.o
    0x080032a0   0x0000000c   Code   RO          488    .text               sys.o
    0x080032ac   0x00000140   Code   RO          504    .text               usart.o
    0x080033ec   0x00000040   Code   RO          540    .text               startup_stm32f10x_hd.o
    0x0800342c   0x000000dc   Code   RO          544    .text               misc.o
    0x08003508   0x0000035c   Code   RO          568    .text               stm32f10x_gpio.o
    0x08003864   0x000003a4   Code   RO          580    .text               stm32f10x_rcc.o
    0x08003c08   0x000009f0   Code   RO          594    .text               stm32f10x_can.o
    0x080045f8   0x00000408   Code   RO          606    .text               stm32f10x_usart.o
    0x08004a00   0x00000e1a   Code   RO          618    .text               stm32f10x_tim.o
    0x0800581a   0x00000002   PAD
    0x0800581c   0x00000148   Code   RO          630    .text               stm32f10x_rtc.o
    0x08005964   0x000000c4   Code   RO          642    .text               stm32f10x_bkp.o
    0x08005a28   0x000000cc   Code   RO          654    .text               stm32f10x_pwr.o
    0x08005af4   0x00000040   Code   RO          678    .text               stm32f10x_iwdg.o
    0x08005b34   0x0000030c   Code   RO          690    .text               stm32f10x_spi.o
    0x08005e40   0x0000011c   Code   RO          702    .text               stm32f10x_exti.o
    0x08005f5c   0x000001d4   Code   RO          714    .text               stm32f10x_sdio.o
    0x08006130   0x00000254   Code   RO          726    .text               stm32f10x_dma.o
    0x08006384   0x0000022c   Code   RO          738    .text               malloc.o
    0x080065b0   0x00000b50   Code   RO          760    .text               usb_core.o
    0x08007100   0x0000033c   Code   RO          801    .text               usb_int.o
    0x0800743c   0x0000005c   Code   RO          825    .text               usb_mem.o
    0x08007498   0x00000808   Code   RO          837    .text               usb_regs.o
    0x08007ca0   0x00000080   Code   RO          849    .text               usb_sil.o
    0x08007d20   0x00000224   Code   RO          861    .text               hw_config.o
    0x08007f44   0x000000c4   Code   RO          884    .text               mass_mal.o
    0x08008008   0x000002c8   Code   RO          903    .text               memory.o
    0x080082d0   0x000004a0   Code   RO          939    .text               usb_bot.o
    0x08008770   0x00000010   Code   RO          973    .text               usb_endp.o
    0x08008780   0x000000f8   Code   RO          985    .text               usb_istr.o
    0x08008878   0x0000026c   Code   RO         1003    .text               usb_prop.o
    0x08008ae4   0x000001d8   Code   RO         1030    .text               usb_pwr.o
    0x08008cbc   0x0000041c   Code   RO         1049    .text               usb_scsi.o
    0x080090d8   0x00000200   Code   RO         1062    .text               diskio.o
    0x080092d8   0x000032e4   Code   RO         1080    .text               ff.o
    0x0800c5bc   0x000000b4   Code   RO         1101    .text               cc936.o
    0x0800c670   0x000001a8   Code   RO         1124    .text               exfuns.o
    0x0800c818   0x00000002   Code   RO         1166    .text               c_w.l(use_no_semi_2.o)
    0x0800c81a   0x000000ee   Code   RO         1168    .text               c_w.l(lludivv7m.o)
    0x0800c908   0x00000048   Code   RO         1170    .text               c_w.l(llsdiv.o)
    0x0800c950   0x00000018   Code   RO         1174    .text               c_w.l(noretval__2printf.o)
    0x0800c968   0x00000068   Code   RO         1176    .text               c_w.l(__printf.o)
    0x0800c9d0   0x00000078   Code   RO         1180    .text               c_w.l(_printf_dec.o)
    0x0800ca48   0x00000058   Code   RO         1185    .text               c_w.l(_printf_hex_int.o)
    0x0800caa0   0x00000048   Code   RO         1228    .text               c_w.l(strcpy.o)
    0x0800cae8   0x0000008a   Code   RO         1230    .text               c_w.l(rt_memcpy_v6.o)
    0x0800cb72   0x0000004e   Code   RO         1232    .text               c_w.l(rt_memclr_w.o)
    0x0800cbc0   0x00000080   Code   RO         1234    .text               c_w.l(strcmpv7m.o)
    0x0800cc40   0x00000006   Code   RO         1236    .text               c_w.l(heapauxi.o)
    0x0800cc46   0x00000002   Code   RO         1240    .text               c_w.l(use_no_semi.o)
    0x0800cc48   0x000000b2   Code   RO         1247    .text               c_w.l(_printf_intcommon.o)
    0x0800ccfa   0x00000002   PAD
    0x0800ccfc   0x00000024   Code   RO         1251    .text               c_w.l(_printf_char_file.o)
    0x0800cd20   0x00000064   Code   RO         1254    .text               c_w.l(rt_memcpy_w.o)
    0x0800cd84   0x00000030   Code   RO         1273    .text               c_w.l(_printf_char_common.o)
    0x0800cdb4   0x00000008   Code   RO         1275    .text               c_w.l(ferror.o)
    0x0800cdbc   0x0000004a   Code   RO         1279    .text               c_w.l(sys_stackheap_outer.o)
    0x0800ce06   0x0000000c   Code   RO         1283    .text               c_w.l(exit.o)
    0x0800ce12   0x00000002   PAD
    0x0800ce14   0x00000008   Code   RO         1295    .text               c_w.l(libspace.o)
    0x0800ce1c   0x00000018   Data   RO          371    .constdata          rtc.o
    0x0800ce34   0x00000018   Data   RO          742    .constdata          malloc.o
    0x0800ce4c   0x00000092   Data   RO          960    .constdata          usb_desc.o
    0x0800cede   0x0000003a   Data   RO         1081    .constdata          ff.o
    0x0800cf18   0x0002acc8   Data   RO         1102    .constdata          cc936.o
    0x08037be0   0x00000138   Data   RO         1126    .constdata          exfuns.o
    0x08037d18   0x00000028   Data   RO         1186    .constdata          c_w.l(_printf_hex_int.o)
    0x08037d40   0x00000064   Data   RO         1127    .conststring        exfuns.o
    0x08037da4   0x00000020   Data   RO         1417    Region$$Table       anon$$obj.o


    Execution Region RW_IRAM1 (Base: 0x20000000, Size: 0x00002e10, Max: 0x00010000, ABSOLUTE, COMPRESSED[0x000000ec])

    Base Addr    Size         Type   Attr      Idx    E Section Name        Object

    0x20000000   0x00000014   Data   RW          281    .data               system_stm32f10x.o
    0x20000014   0x0000000c   Data   RW          299    .data               brake.o
    0x20000020   0x00000001   Data   RW          325    .data               key.o
    0x20000021   0x00000003   PAD
    0x20000024   0x00000004   Data   RW          350    .data               timer.o
    0x20000028   0x00000002   Data   RW          372    .data               rtc.o
    0x2000002a   0x00000002   Data   RW          430    .data               w25qxx.o
    0x2000002c   0x00000010   Data   RW          449    .data               sdio_sdcard.o
    0x2000003c   0x00000004   Data   RW          474    .data               delay.o
    0x20000040   0x00000006   Data   RW          506    .data               usart.o
    0x20000046   0x00000014   Data   RW          581    .data               stm32f10x_rcc.o
    0x2000005a   0x00000002   PAD
    0x2000005c   0x0000001c   Data   RW          743    .data               malloc.o
    0x20000078   0x00000003   Data   RW          761    .data               usb_core.o
    0x2000007b   0x00000001   PAD
    0x2000007c   0x00000014   Data   RW          780    .data               usb_init.o
    0x20000090   0x00000004   Data   RW          802    .data               usb_int.o
    0x20000094   0x00000010   Data   RW          886    .data               mass_mal.o
    0x200000a4   0x00000004   PAD
    0x200000a8   0x00000038   Data   RW          904    .data               memory.o
    0x200000e0   0x00000080   Data   RW          927    .data               scsi_data.o
    0x20000160   0x00000014   Data   RW          941    .data               usb_bot.o
    0x20000174   0x0000001a   Data   RW          961    .data               usb_desc.o
    0x2000018e   0x00000002   PAD
    0x20000190   0x0000003c   Data   RW          986    .data               usb_istr.o
    0x200001cc   0x00000090   Data   RW         1004    .data               usb_prop.o
    0x2000025c   0x0000000c   Data   RW         1032    .data               usb_pwr.o
    0x20000268   0x00000002   Data   RW         1063    .data               diskio.o
    0x2000026a   0x00000002   PAD
    0x2000026c   0x0000000a   Data   RW         1082    .data               ff.o
    0x20000276   0x00000002   PAD
    0x20000278   0x0000001c   Data   RW         1128    .data               exfuns.o
    0x20000294   0x0000000a   Zero   RW          370    .bss                rtc.o
    0x2000029e   0x00001000   Zero   RW          429    .bss                w25qxx.o
    0x2000129e   0x00000002   PAD
    0x200012a0   0x000002c0   Zero   RW          448    .bss                sdio_sdcard.o
    0x20001560   0x000000c8   Zero   RW          505    .bss                usart.o
    0x20001628   0x00000018   PAD
    0x20001640   0x00001100   Zero   RW          741    .bss                malloc.o
    0x20002740   0x0000001c   Zero   RW          779    .bss                usb_init.o
    0x2000275c   0x00000030   Zero   RW          940    .bss                usb_bot.o
    0x2000278c   0x00000020   Zero   RW         1031    .bss                usb_pwr.o
    0x200027ac   0x00000060   Zero   RW         1296    .bss                c_w.l(libspace.o)
    0x2000280c   0x00000004   PAD
    0x20002810   0x00000200   Zero   RW          538    HEAP                startup_stm32f10x_hd.o
    0x20002a10   0x00000400   Zero   RW          537    STACK               startup_stm32f10x_hd.o



  Load Region LR$$.ARM.__AT_0x68000000 (Base: 0x68000000, Size: 0x00000000, Max: 0x00000020, ABSOLUTE)

    Execution Region ER$$.ARM.__AT_0x68000000 (Base: 0x68000000, Size: 0x00000020, Max: 0x00000020, ABSOLUTE, UNINIT)

    Base Addr    Size         Type   Attr      Idx    E Section Name        Object

    0x68000000   0x00000020   Zero   RW          739    .ARM.__AT_0x68000000  malloc.o



  Load Region LR$$.ARM.__AT_0x68000020 (Base: 0x68000020, Size: 0x00000000, Max: 0x00000004, ABSOLUTE)

    Execution Region ER$$.ARM.__AT_0x68000020 (Base: 0x68000020, Size: 0x00000004, Max: 0x00000004, ABSOLUTE, UNINIT)

    Base Addr    Size         Type   Attr      Idx    E Section Name        Object

    0x68000020   0x00000002   Zero   RW          740    .ARM.__AT_0x68000020  malloc.o


==============================================================================

Image component sizes


      Code (inc. data)   RO Data    RW Data    ZI Data      Debug   Object Name

       712        154          0         12          0       1959   brake.o
       376          8          0          0          0       2009   can.o
       180         18     175304          0          0       2033   cc936.o
       212         18          0          4          0        943   delay.o
       512          8          0          2          0       4002   diskio.o
       424         22        412         28          0       2572   exfuns.o
     13028        144         58         10          0      36998   ff.o
       548        154          0          0          0       2975   hw_config.o
        44          0          0          0          0        606   iwdg.o
       216         14          0          1          0        768   key.o
        76          8          0          0          0        459   led.o
       540        230          0          0          0     304977   main.o
       556         18         24         28       4386       4376   malloc.o
       196          0          0         16          0       2368   mass_mal.o
       712         66          0         56          0       2221   memory.o
       220         22          0          0          0       1721   misc.o
      1144         62         24          2         10       4006   rtc.o
         0          0          0        128          0        962   scsi_data.o
      7216        256          0         16        704      24256   sdio_sdcard.o
       264         10          0          0          0       1057   spi.o
        64         26        304          0       1536        764   startup_stm32f10x_hd.o
       196          8          0          0          0       3384   stm32f10x_bkp.o
      2544         38          0          0          0       7772   stm32f10x_can.o
       596          8          0          0          0       4250   stm32f10x_dma.o
       284         10          0          0          0       2151   stm32f10x_exti.o
       860         38          0          0          0       5565   stm32f10x_gpio.o
        26          0          0          0          0       1142   stm32f10x_it.o
        64          6          0          0          0       1225   stm32f10x_iwdg.o
       204         14          0          0          0       1879   stm32f10x_pwr.o
       932         36          0         20          0       8696   stm32f10x_rcc.o
       328          4          0          0          0       2630   stm32f10x_rtc.o
       468         22          0          0          0       7008   stm32f10x_sdio.o
       780         14          0          0          0       6446   stm32f10x_spi.o
      3610         88          0          0          0      22048   stm32f10x_tim.o
      1032         22          0          0          0       8292   stm32f10x_usart.o
        12          0          0          0          0        579   sys.o
       480         38          0         20          0       1623   system_stm32f10x.o
       240         14          0          4          0       1051   timer.o
       320         18          0          6        200       3006   usart.o
      1184         70          0         20         48       2685   usb_bot.o
      2896        114          0          3          0       8367   usb_core.o
         0          0        146         26          0        868   usb_desc.o
        16          0          0          0          0        543   usb_endp.o
         0          0          0         20         28       3555   usb_init.o
       828         34          0          4          0       1855   usb_int.o
       248         26          0         60          0       1288   usb_istr.o
        92          6          0          0          0       1362   usb_mem.o
       620         48          0        144          0       6884   usb_prop.o
       472         32          0         12         32       2687   usb_pwr.o
      2056         20          0          0          0      11681   usb_regs.o
      1052         48          0          0          0       4477   usb_scsi.o
       128          8          0          0          0       1382   usb_sil.o
       872         30          0          2       4096       4197   w25qxx.o

    ----------------------------------------------------------------------
     50684       2052     176304        660      11068     542610   Object Totals
         0          0         32          0          0          0   (incl. Generated)
         4          0          0         16         28          0   (incl. Padding)

    ----------------------------------------------------------------------

      Code (inc. data)   RO Data    RW Data    ZI Data      Debug   Library Member Name

        90          0          0          0          0          0   __dczerorl2.o
         8          0          0          0          0         68   __main.o
       104          0          0          0          0         84   __printf.o
         0          0          0          0          0          0   __rtentry.o
        12          0          0          0          0          0   __rtentry2.o
         6          0          0          0          0          0   __rtentry4.o
        52          8          0          0          0          0   __scatter.o
        28          0          0          0          0          0   __scatter_zi.o
        48          6          0          0          0         96   _printf_char_common.o
        36          4          0          0          0         80   _printf_char_file.o
         6          0          0          0          0          0   _printf_d.o
       120         16          0          0          0         92   _printf_dec.o
        88          4         40          0          0         88   _printf_hex_int.o
       178          0          0          0          0         88   _printf_intcommon.o
         0          0          0          0          0          0   _printf_percent.o
         4          0          0          0          0          0   _printf_percent_end.o
         6          0          0          0          0          0   _printf_x.o
        12          0          0          0          0         72   exit.o
         8          0          0          0          0         68   ferror.o
         6          0          0          0          0        152   heapauxi.o
         2          0          0          0          0          0   libinit.o
         2          0          0          0          0          0   libinit2.o
         2          0          0          0          0          0   libshutdown.o
         2          0          0          0          0          0   libshutdown2.o
         8          4          0          0         96         68   libspace.o
        72          0          0          0          0         76   llsdiv.o
       238          0          0          0          0        100   lludivv7m.o
        24          4          0          0          0         84   noretval__2printf.o
        78          0          0          0          0         80   rt_memclr_w.o
       138          0          0          0          0         68   rt_memcpy_v6.o
       100          0          0          0          0         80   rt_memcpy_w.o
         2          0          0          0          0          0   rtexit.o
        10          0          0          0          0          0   rtexit2.o
       128          0          0          0          0         68   strcmpv7m.o
        72          0          0          0          0         80   strcpy.o
        74          0          0          0          0         80   sys_stackheap_outer.o
         2          0          0          0          0         68   use_no_semi.o
         2          0          0          0          0         68   use_no_semi_2.o

    ----------------------------------------------------------------------
      1776         46         40          0        100       1808   Library Totals
         8          0          0          0          4          0   (incl. Padding)

    ----------------------------------------------------------------------

      Code (inc. data)   RO Data    RW Data    ZI Data      Debug   Library Name

      1768         46         40          0         96       1808   c_w.l

    ----------------------------------------------------------------------
      1776         46         40          0        100       1808   Library Totals

    ----------------------------------------------------------------------

==============================================================================


      Code (inc. data)   RO Data    RW Data    ZI Data      Debug   

     52460       2098     176344        660      11168     538538   Grand Totals
     52460       2098     176344        236      11168     538538   ELF Image Totals (compressed)
     52460       2098     176344        236          0          0   ROM Totals

==============================================================================

    Total RO  Size (Code + RO Data)               228804 ( 223.44kB)
    Total RW  Size (RW Data + ZI Data)             11828 (  11.55kB)
    Total ROM Size (Code + RO Data + RW Data)     229040 ( 223.67kB)

==============================================================================

